<html>
<body>
<pre>
<h1>礦ision Build Log</h1>
<h2>Tool Versions:</h2>
IDE-Version: μVision V5.12.0.0
Copyright (C) 2014 ARM Ltd and ARM Germany GmbH. All rights reserved.
License Information: a a, a, LIC=58545-GVNBH-ZWM2V-PZWER-CILFR-L95XY
 
Tool Versions:
Toolchain:       MDK-ARM Standard  Version: 5.12.0.0
Toolchain Path:  C:\Keil_v5\ARM\ARMCC\Bin
C Compiler:      Armcc.exe V5.05 (build 41)
Assembler:       Armasm.exe V5.05 (build 41)
Linker/Locator:  ArmLink.exe V5.05 (build 41)
Library Manager: ArmAr.exe V5.05 (build 41)
Hex Converter:   FromElf.exe V5.05 (build 41)
CPU DLL:         SARMCM3.DLL V5.12.0.0
Dialog DLL:      DCM.DLL V1.13.0.0
    Target DLL: Segger\JL2CM3.dll
Dialog DLL:      TCM.DLL V1.14.2.0
 
<h2>Project:</h2>
E:\485-Relay\code\485-RELAY-01-18-11-05_Keil\KeilMdk\485Relay.uvprojx
Project File Date:  11/05/2018

<h2>Output:</h2>
Rebuild target '485Relay'
assembling startup_stm32f37x.S...
compiling stm32f37x_adc.c...
compiling stm32f37x_can.c...
compiling stm32f37x_cec.c...
compiling stm32f37x_comp.c...
compiling stm32f37x_crc.c...
compiling stm32f37x_dac.c...
compiling stm32f37x_dbgmcu.c...
compiling stm32f37x_dma.c...
compiling stm32f37x_exti.c...
compiling stm32f37x_flash.c...
compiling stm32f37x_gpio.c...
compiling stm32f37x_i2c.c...
compiling stm32f37x_iwdg.c...
compiling stm32f37x_misc.c...
compiling stm32f37x_pwr.c...
compiling stm32f37x_rcc.c...
compiling stm32f37x_rtc.c...
compiling stm32f37x_sdadc.c...
compiling stm32f37x_spi.c...
compiling stm32f37x_syscfg.c...
compiling stm32f37x_tim.c...
compiling stm32f37x_usart.c...
compiling stm32f37x_wwdg.c...
compiling DLT645.c...
..\user\source\DLT645.c(245): warning:  #111-D: statement is unreachable
      break;
..\user\source\DLT645.c(1313): warning:  #111-D: statement is unreachable
      switch (pucBuffer[11])
..\user\source\DLT645.c(1466): warning:  #177-D: variable "limit" was declared but never referenced
      CURRENT limit;
..\user\source\DLT645.c(1527): warning:  #177-D: variable "uwdata" was declared but never referenced
      uint32_t uwdata = 0;
..\user\source\DLT645.c(2552): warning:  #177-D: variable "n" was declared but never referenced
      uint16_t n = 0; //数据块个数
..\user\source\DLT645.c(2553): warning:  #177-D: variable "length" was declared but never referenced
      uint16_t length = pucbuffer[9];
..\user\source\DLT645.c(2554): warning:  #550-D: variable "ID_length" was set but never used
      uint16_t ID_length = 0;
..\user\source\DLT645.c(2555): warning:  #177-D: variable "current" was declared but never referenced
      uint32_t current = 0;
..\user\source\DLT645.c(2556): warning:  #177-D: variable "i" was declared but never referenced
      uint16_t i = 0;
..\user\source\DLT645.c(2557): warning:  #177-D: variable "ABCcurrent" was declared but never referenced
      uint32_t ABCcurrent = 0;
..\user\source\DLT645.c: 10 warnings, 0 errors
compiling Flash.c...
..\user\source\Flash.c(47): warning:  #177-D: variable "test" was declared but never referenced
        uint32_t test                   = addr/ 0x400;
..\user\source\Flash.c: 1 warning, 0 errors
compiling GPIO.c...
compiling main.c...
..\user\source\main.c(17): warning:  #68-D: integer conversion resulted in a change of sign
        NVIC_SetPriority(SysTick_IRQn, -1);
..\user\source\main.c: 1 warning, 0 errors
compiling stm32f37x_it.c...
compiling system_stm32f37x.c...
compiling Time.c...
compiling Uart.c...
linking...
Program Size: Code=20952 RO-data=968 RW-data=116 ZI-data=3764  
FromELF: creating hex file...
".\Objects\485Relay.axf" - 0 Error(s), 12 Warning(s).

<h2>Collection of Component include folders:</h2>
  E:\485-Relay\code\485-RELAY-01-18-11-05_Keil\KeilMdk\RTE
  C:\Keil_v5\ARM\PACK\Keil\STM32F3xx_DFP\1.4.0

<h2>Collection of Component Files used:</h2>
f37x.c...
compiling Time.c...
compiling Uart.c...
".\Objects\485Relay.axf" - 3 Error(s), 12 Warning(s).

<h2>Collection of Component include folders:</h2>
  E:\485-Relay\code\485-RELAY-01-18-11-05_Keil\KeilMdk\RTE
  C:\Keil_v5\ARM\PACK\Keil\STM32F3xx_DFP\1.4.0

<h2>Collection of Component Files used:</h2>
Target not created.
