Archive member included to satisfy reference by file (symbol)

d:/gcc-arm-none-eabi-5_4-2016q3-20160926-win32/bin/../lib/gcc/arm-none-eabi/5.4.1/../../../../arm-none-eabi/lib/armv7e-m/fpu\libc_nano.a(lib_a-exit.o)
                              d:/gcc-arm-none-eabi-5_4-2016q3-20160926-win32/bin/../lib/gcc/arm-none-eabi/5.4.1/../../../../arm-none-eabi/lib/armv7e-m/fpu/crt0.o (exit)
d:/gcc-arm-none-eabi-5_4-2016q3-20160926-win32/bin/../lib/gcc/arm-none-eabi/5.4.1/../../../../arm-none-eabi/lib/armv7e-m/fpu\libc_nano.a(lib_a-impure.o)
                              d:/gcc-arm-none-eabi-5_4-2016q3-20160926-win32/bin/../lib/gcc/arm-none-eabi/5.4.1/../../../../arm-none-eabi/lib/armv7e-m/fpu\libc_nano.a(lib_a-exit.o) (_global_impure_ptr)
d:/gcc-arm-none-eabi-5_4-2016q3-20160926-win32/bin/../lib/gcc/arm-none-eabi/5.4.1/../../../../arm-none-eabi/lib/armv7e-m/fpu\libc_nano.a(lib_a-init.o)
                              d:/gcc-arm-none-eabi-5_4-2016q3-20160926-win32/bin/../lib/gcc/arm-none-eabi/5.4.1/../../../../arm-none-eabi/lib/armv7e-m/fpu/crt0.o (__libc_init_array)
d:/gcc-arm-none-eabi-5_4-2016q3-20160926-win32/bin/../lib/gcc/arm-none-eabi/5.4.1/../../../../arm-none-eabi/lib/armv7e-m/fpu\libc_nano.a(lib_a-memset.o)
                              d:/gcc-arm-none-eabi-5_4-2016q3-20160926-win32/bin/../lib/gcc/arm-none-eabi/5.4.1/../../../../arm-none-eabi/lib/armv7e-m/fpu/crt0.o (memset)
d:/gcc-arm-none-eabi-5_4-2016q3-20160926-win32/bin/../lib/gcc/arm-none-eabi/5.4.1/../../../../arm-none-eabi/lib/armv7e-m/fpu\libc_nano.a(lib_a-reent.o)
                              build/syscalls.o (errno)
d:/gcc-arm-none-eabi-5_4-2016q3-20160926-win32/bin/../lib/gcc/arm-none-eabi/5.4.1/../../../../arm-none-eabi/lib/armv7e-m/fpu\libc_nano.a(lib_a-strchr.o)
                              build/protocol.o (strchr)
d:/gcc-arm-none-eabi-5_4-2016q3-20160926-win32/bin/../lib/gcc/arm-none-eabi/5.4.1/../../../../arm-none-eabi/lib/armv7e-m/fpu\libc_nano.a(lib_a-nano-freer.o)
                              d:/gcc-arm-none-eabi-5_4-2016q3-20160926-win32/bin/../lib/gcc/arm-none-eabi/5.4.1/../../../../arm-none-eabi/lib/armv7e-m/fpu\libc_nano.a(lib_a-reent.o) (_free_r)
d:/gcc-arm-none-eabi-5_4-2016q3-20160926-win32/bin/../lib/gcc/arm-none-eabi/5.4.1/../../../../arm-none-eabi/lib/armv7e-m/fpu\libc_nano.a(lib_a-nano-mallocr.o)
                              d:/gcc-arm-none-eabi-5_4-2016q3-20160926-win32/bin/../lib/gcc/arm-none-eabi/5.4.1/../../../../arm-none-eabi/lib/armv7e-m/fpu\libc_nano.a(lib_a-nano-freer.o) (__malloc_free_list)
d:/gcc-arm-none-eabi-5_4-2016q3-20160926-win32/bin/../lib/gcc/arm-none-eabi/5.4.1/../../../../arm-none-eabi/lib/armv7e-m/fpu\libc_nano.a(lib_a-sbrkr.o)
                              d:/gcc-arm-none-eabi-5_4-2016q3-20160926-win32/bin/../lib/gcc/arm-none-eabi/5.4.1/../../../../arm-none-eabi/lib/armv7e-m/fpu\libc_nano.a(lib_a-nano-mallocr.o) (_sbrk_r)
d:/gcc-arm-none-eabi-5_4-2016q3-20160926-win32/bin/../lib/gcc/arm-none-eabi/5.4.1/../../../../arm-none-eabi/lib/armv7e-m/fpu\libc_nano.a(lib_a-mlock.o)
                              d:/gcc-arm-none-eabi-5_4-2016q3-20160926-win32/bin/../lib/gcc/arm-none-eabi/5.4.1/../../../../arm-none-eabi/lib/armv7e-m/fpu\libc_nano.a(lib_a-nano-freer.o) (__malloc_lock)
d:/gcc-arm-none-eabi-5_4-2016q3-20160926-win32/bin/../lib/gcc/arm-none-eabi/5.4.1/armv7e-m/fpu\libgcc.a(_aeabi_uldivmod.o)
                              build/DLT645.o (__aeabi_uldivmod)
d:/gcc-arm-none-eabi-5_4-2016q3-20160926-win32/bin/../lib/gcc/arm-none-eabi/5.4.1/armv7e-m/fpu\libgcc.a(_udivmoddi4.o)
                              d:/gcc-arm-none-eabi-5_4-2016q3-20160926-win32/bin/../lib/gcc/arm-none-eabi/5.4.1/armv7e-m/fpu\libgcc.a(_aeabi_uldivmod.o) (__udivmoddi4)
d:/gcc-arm-none-eabi-5_4-2016q3-20160926-win32/bin/../lib/gcc/arm-none-eabi/5.4.1/armv7e-m/fpu\libgcc.a(_dvmd_tls.o)
                              d:/gcc-arm-none-eabi-5_4-2016q3-20160926-win32/bin/../lib/gcc/arm-none-eabi/5.4.1/armv7e-m/fpu\libgcc.a(_aeabi_uldivmod.o) (__aeabi_ldiv0)

Allocating common symbols
Common symbol       size              file

ucApp_Buf_ZD2DB     0x3e8             build/DLT645.o
errno               0x4               d:/gcc-arm-none-eabi-5_4-2016q3-20160926-win32/bin/../lib/gcc/arm-none-eabi/5.4.1/../../../../arm-none-eabi/lib/armv7e-m/fpu\libc_nano.a(lib_a-reent.o)
stCollData          0x5fc             build/main.o
ucApp_Buf_DB2ZD     0x3e8             build/DLT645.o
Voltage_MAX         0x4               build/DLT645.o
TransFormer         0x10              build/DLT645.o
Voltage_MIN         0x4               build/DLT645.o
ucDayfrozen_Modify_Ratio
                    0x1               build/DLT645.o
Voltage_Frame_Status
                    0x1               build/DLT645.o
ucApp_Buf_INFR      0x3e8             build/DLT645.o

Discarded input sections

 .text          0x00000000        0x0 d:/gcc-arm-none-eabi-5_4-2016q3-20160926-win32/bin/../lib/gcc/arm-none-eabi/5.4.1/armv7e-m/fpu/crti.o
[...]
Memory Configuration

Name             Origin             Length             Attributes
FLASH            0x08000000         0x00020000         xr
RAM              0x20000000         0x00006000         xrw
MEMORY_B1        0x60000000         0x00000000         xr
*default*        0x00000000         0xffffffff

Linker script and memory map

LOAD d:/gcc-arm-none-eabi-5_4-2016q3-20160926-win32/bin/../lib/gcc/arm-none-eabi/5.4.1/armv7e-m/fpu/crti.o
LOAD d:/gcc-arm-none-eabi-5_4-2016q3-20160926-win32/bin/../lib/gcc/arm-none-eabi/5.4.1/armv7e-m/fpu/crtbegin.o
LOAD d:/gcc-arm-none-eabi-5_4-2016q3-20160926-win32/bin/../lib/gcc/arm-none-eabi/5.4.1/../../../../arm-none-eabi/lib/armv7e-m/fpu/crt0.o
LOAD build/stm32f37x_adc.o
LOAD build/stm32f37x_can.o
LOAD build/stm32f37x_cec.o
LOAD build/stm32f37x_comp.o
LOAD build/stm32f37x_crc.o
LOAD build/stm32f37x_dac.o
LOAD build/stm32f37x_dbgmcu.o
LOAD build/stm32f37x_dma.o
LOAD build/stm32f37x_exti.o
LOAD build/stm32f37x_flash.o
LOAD build/stm32f37x_gpio.o
LOAD build/stm32f37x_i2c.o
LOAD build/stm32f37x_iwdg.o
LOAD build/stm32f37x_misc.o
LOAD build/stm32f37x_pwr.o
LOAD build/stm32f37x_rcc.o
LOAD build/stm32f37x_rtc.o
LOAD build/stm32f37x_sdadc.o
LOAD build/stm32f37x_spi.o
LOAD build/stm32f37x_syscfg.o
LOAD build/stm32f37x_tim.o
LOAD build/stm32f37x_usart.o
LOAD build/stm32f37x_wwdg.o
LOAD build/DLT645.o
LOAD build/DLT698.o
LOAD build/Flash.o
LOAD build/GPIO.o
LOAD build/main.o
LOAD build/protocol.o
LOAD build/stm32f37x_it.o
LOAD build/syscalls.o
LOAD build/system_stm32f37x.o
LOAD build/Time.o
LOAD build/Uart.o
LOAD build/startup_stm32f37x_gcc.o
LOAD d:/gcc-arm-none-eabi-5_4-2016q3-20160926-win32/bin/../lib/gcc/arm-none-eabi/5.4.1/../../../../arm-none-eabi/lib/armv7e-m/fpu\libc_nano.a
LOAD d:/gcc-arm-none-eabi-5_4-2016q3-20160926-win32/bin/../lib/gcc/arm-none-eabi/5.4.1/../../../../arm-none-eabi/lib/armv7e-m/fpu\libm.a
LOAD d:/gcc-arm-none-eabi-5_4-2016q3-20160926-win32/bin/../lib/gcc/arm-none-eabi/5.4.1/../../../../arm-none-eabi/lib/armv7e-m/fpu\libnosys.a
START GROUP
LOAD d:/gcc-arm-none-eabi-5_4-2016q3-20160926-win32/bin/../lib/gcc/arm-none-eabi/5.4.1/armv7e-m/fpu\libgcc.a
LOAD d:/gcc-arm-none-eabi-5_4-2016q3-20160926-win32/bin/../lib/gcc/arm-none-eabi/5.4.1/../../../../arm-none-eabi/lib/armv7e-m/fpu\libc_nano.a
END GROUP
START GROUP
LOAD d:/gcc-arm-none-eabi-5_4-2016q3-20160926-win32/bin/../lib/gcc/arm-none-eabi/5.4.1/armv7e-m/fpu\libgcc.a
LOAD d:/gcc-arm-none-eabi-5_4-2016q3-20160926-win32/bin/../lib/gcc/arm-none-eabi/5.4.1/../../../../arm-none-eabi/lib/armv7e-m/fpu\libc_nano.a
END GROUP
LOAD d:/gcc-arm-none-eabi-5_4-2016q3-20160926-win32/bin/../lib/gcc/arm-none-eabi/5.4.1/armv7e-m/fpu/crtend.o
LOAD d:/gcc-arm-none-eabi-5_4-2016q3-20160926-win32/bin/../lib/gcc/arm-none-eabi/5.4.1/armv7e-m/fpu/crtn.o
                0x20006000                _estack = 0x20006000
                0x00000100                _Min_Heap_Size = 0x100
                0x00000200                _Min_Stack_Size = 0x200

.isr_vector     0x08000000      0x188
                0x08000000                . = ALIGN (0x4)
 *(.isr_vector)
 .isr_vector    0x08000000      0x188 build/startup_stm32f37x_gcc.o
                0x08000000                g_pfnVectors
                0x08000188                . = ALIGN (0x4)

.eh_frame       0x08000188        0x0
 .eh_frame      0x08000188        0x0 d:/gcc-arm-none-eabi-5_4-2016q3-20160926-win32/bin/../lib/gcc/arm-none-eabi/5.4.1/armv7e-m/fpu/crtbegin.o

.text           0x08000188     0x56dc
                0x08000188                . = ALIGN (0x4)
 *(.text)
 .text          0x08000188       0x5c d:/gcc-arm-none-eabi-5_4-2016q3-20160926-win32/bin/../lib/gcc/arm-none-eabi/5.4.1/armv7e-m/fpu/crtbegin.o
 .text          0x080001e4       0x30 d:/gcc-arm-none-eabi-5_4-2016q3-20160926-win32/bin/../lib/gcc/arm-none-eabi/5.4.1/armv7e-m/fpu\libgcc.a(_aeabi_uldivmod.o)
                0x080001e4                __aeabi_uldivmod
 .text          0x08000214      0x2e4 d:/gcc-arm-none-eabi-5_4-2016q3-20160926-win32/bin/../lib/gcc/arm-none-eabi/5.4.1/armv7e-m/fpu\libgcc.a(_udivmoddi4.o)
                0x08000214                __udivmoddi4
 .text          0x080004f8        0x4 d:/gcc-arm-none-eabi-5_4-2016q3-20160926-win32/bin/../lib/gcc/arm-none-eabi/5.4.1/armv7e-m/fpu\libgcc.a(_dvmd_tls.o)
                0x080004f8                __aeabi_idiv0
                0x080004f8                __aeabi_ldiv0
 *(.text*)
 .text.FLASH_SetLatency
                0x080004fc       0x14 build/stm32f37x_flash.o
                0x080004fc                FLASH_SetLatency
 .text.FLASH_Unlock
                0x08000510       0x20 build/stm32f37x_flash.o
                0x08000510                FLASH_Unlock
 .text.FLASH_Lock
                0x08000530       0x10 build/stm32f37x_flash.o
                0x08000530                FLASH_Lock
 .text.FLASH_ClearFlag
                0x08000540        0xc build/stm32f37x_flash.o
                0x08000540                FLASH_ClearFlag
 .text.FLASH_GetStatus
                0x0800054c       0x34 build/stm32f37x_flash.o
                0x0800054c                FLASH_GetStatus
 .text.FLASH_WaitForLastOperation
                0x08000580       0x20 build/stm32f37x_flash.o
                0x08000580                FLASH_WaitForLastOperation
 .text.FLASH_ErasePage
                0x080005a0       0x3c build/stm32f37x_flash.o
                0x080005a0                FLASH_ErasePage
 .text.FLASH_ProgramWord
                0x080005dc       0x64 build/stm32f37x_flash.o
                0x080005dc                FLASH_ProgramWord
 .text.GPIO_Init
                0x08000640       0x94 build/stm32f37x_gpio.o
                0x08000640                GPIO_Init
 .text.GPIO_ReadInputDataBit
                0x080006d4       0x10 build/stm32f37x_gpio.o
                0x080006d4                GPIO_ReadInputDataBit
 .text.GPIO_WriteBit
                0x080006e4        0xc build/stm32f37x_gpio.o
                0x080006e4                GPIO_WriteBit
 .text.GPIO_PinAFConfig
                0x080006f0       0x30 build/stm32f37x_gpio.o
                0x080006f0                GPIO_PinAFConfig
 .text.NVIC_PriorityGroupConfig
                0x08000720       0x14 build/stm32f37x_misc.o
                0x08000720                NVIC_PriorityGroupConfig
 .text.NVIC_Init
                0x08000734       0x64 build/stm32f37x_misc.o
                0x08000734                NVIC_Init
 .text.SysTick_CLKSourceConfig
                0x08000798       0x20 build/stm32f37x_misc.o
                0x08000798                SysTick_CLKSourceConfig
 .text.RCC_GetClocksFreq
                0x080007b8      0x1d8 build/stm32f37x_rcc.o
                0x080007b8                RCC_GetClocksFreq
 .text.RCC_AHBPeriphClockCmd
                0x08000990       0x1c build/stm32f37x_rcc.o
                0x08000990                RCC_AHBPeriphClockCmd
 .text.RCC_APB2PeriphClockCmd
                0x080009ac       0x1c build/stm32f37x_rcc.o
                0x080009ac                RCC_APB2PeriphClockCmd
 .text.RCC_APB1PeriphClockCmd
                0x080009c8       0x1c build/stm32f37x_rcc.o
                0x080009c8                RCC_APB1PeriphClockCmd
 .text.TIM_TimeBaseInit
                0x080009e4       0x88 build/stm32f37x_tim.o
                0x080009e4                TIM_TimeBaseInit
 .text.TIM_Cmd  0x08000a6c       0x1c build/stm32f37x_tim.o
                0x08000a6c                TIM_Cmd
 .text.TIM_OC2Init
                0x08000a88       0x48 build/stm32f37x_tim.o
                0x08000a88                TIM_OC2Init
 .text.TIM_OC2PreloadConfig
                0x08000ad0       0x14 build/stm32f37x_tim.o
                0x08000ad0                TIM_OC2PreloadConfig
 .text.TIM_CCxCmd
                0x08000ae4       0x24 build/stm32f37x_tim.o
                0x08000ae4                TIM_CCxCmd
 .text.TIM_ITConfig
                0x08000b08       0x18 build/stm32f37x_tim.o
                0x08000b08                TIM_ITConfig
 .text.TIM_GetITStatus
                0x08000b20       0x18 build/stm32f37x_tim.o
                0x08000b20                TIM_GetITStatus
 .text.TIM_ClearITPendingBit
                0x08000b38        0x8 build/stm32f37x_tim.o
                0x08000b38                TIM_ClearITPendingBit
 .text.USART_Init
                0x08000b40       0xac build/stm32f37x_usart.o
                0x08000b40                USART_Init
 .text.USART_Cmd
                0x08000bec       0x18 build/stm32f37x_usart.o
                0x08000bec                USART_Cmd
 .text.USART_OverSampling8Cmd
                0x08000c04       0x18 build/stm32f37x_usart.o
                0x08000c04                USART_OverSampling8Cmd
 .text.USART_SendData
                0x08000c1c        0x8 build/stm32f37x_usart.o
                0x08000c1c                USART_SendData
 .text.USART_ReceiveData
                0x08000c24        0x8 build/stm32f37x_usart.o
                0x08000c24                USART_ReceiveData
 .text.USART_ITConfig
                0x08000c2c       0x38 build/stm32f37x_usart.o
                0x08000c2c                USART_ITConfig
 .text.USART_GetFlagStatus
                0x08000c64       0x10 build/stm32f37x_usart.o
                0x08000c64                USART_GetFlagStatus
 .text.USART_ClearFlag
                0x08000c74        0x4 build/stm32f37x_usart.o
                0x08000c74                USART_ClearFlag
 .text.USART_GetITStatus
                0x08000c78       0x44 build/stm32f37x_usart.o
                0x08000c78                USART_GetITStatus
 .text.USART_ClearITPendingBit
                0x08000cbc        0xc build/stm32f37x_usart.o
                0x08000cbc                USART_ClearITPendingBit
 .text.dwCheckFrame
                0x08000cc8       0x48 build/DLT645.o
 .text.BCD_Verity
                0x08000d10       0x4c build/DLT645.o
 .text.Get_Voltage
                0x08000d5c       0x34 build/DLT645.o
 .text.vGet_Current
                0x08000d90       0x5c build/DLT645.o
 .text.vPut_Current
                0x08000dec       0xc4 build/DLT645.o
 .text.blCurrentSingle_Modify_Method
                0x08000eb0      0x1b4 build/DLT645.o
 .text.vCurrentTriple_Modify_Method
                0x08001064       0x30 build/DLT645.o
 .text.vCurrent_Modify
                0x08001094      0x27c build/DLT645.o
                0x08001094                vCurrent_Modify
 .text.vCurrent_Limit_Modify
                0x08001310        0x4 build/DLT645.o
                0x08001310                vCurrent_Limit_Modify
 .text.Get_Estatus
                0x08001314       0x10 build/DLT645.o
 .text.Estatus_Modify_CurrentEvent
                0x08001324      0x114 build/DLT645.o
                0x08001324                Estatus_Modify_CurrentEvent
 .text.GetLowByte
                0x08001438       0x54 build/DLT645.o
 .text.GetHighByte
                0x0800148c       0x3c build/DLT645.o
 .text.Get_Energy
                0x080014c8       0x68 build/DLT645.o
 .text.Fill_Energy
                0x08001530       0xc8 build/DLT645.o
 .text.vVoltage_SetMaxMaxValue
                0x080015f8        0x4 build/DLT645.o
                0x080015f8                vVoltage_SetMaxMaxValue
 .text.vVoltage_SetMinMinValue
                0x080015fc        0x4 build/DLT645.o
                0x080015fc                vVoltage_SetMinMinValue
 .text.vLoadProfile_Voltage_Modify
                0x08001600       0xa4 build/DLT645.o
                0x08001600                vLoadProfile_Voltage_Modify
 .text.vLoadProfile_Current_Modify
                0x080016a4        0x4 build/DLT645.o
                0x080016a4                vLoadProfile_Current_Modify
 .text.Get_VChange_State
                0x080016a8       0xc4 build/DLT645.o
                0x080016a8                Get_VChange_State
 .text.Set_Voltage_Limit
                0x0800176c       0xfc build/DLT645.o
                0x0800176c                Set_Voltage_Limit
 .text.Query_Voltage_Limit
                0x08001868       0xec build/DLT645.o
                0x08001868                Query_Voltage_Limit
 .text.Default_Reset
                0x08001954      0x120 build/DLT645.o
                0x08001954                Default_Reset
 .text.vCurrent_Limit_Set
                0x08001a74       0x94 build/DLT645.o
                0x08001a74                vCurrent_Limit_Set
 .text.vCurrent_CTRatio_Set
                0x08001b08       0x94 build/DLT645.o
                0x08001b08                vCurrent_CTRatio_Set
 .text.vCurrent_Limit_ReadSet
                0x08001b9c       0xc4 build/DLT645.o
                0x08001b9c                vCurrent_Limit_ReadSet
 .text.vCurrent_CTRatio_ReadSet
                0x08001c60       0xb0 build/DLT645.o
                0x08001c60                vCurrent_CTRatio_ReadSet
 .text.vCurrent_TransFormer_Capacity_ReadSet
                0x08001d10       0xb0 build/DLT645.o
                0x08001d10                vCurrent_TransFormer_Capacity_ReadSet
 .text.vEnergy_Modify_ReadSet
                0x08001dc0       0xcc build/DLT645.o
                0x08001dc0                vEnergy_Modify_ReadSet
 .text.vRead_Version
                0x08001e8c       0xa8 build/DLT645.o
                0x08001e8c                vRead_Version
 .text.vEnergy_Modify_RaitoSet
                0x08001f34       0xf4 build/DLT645.o
                0x08001f34                vEnergy_Modify_RaitoSet
 .text.vVoltage_SetMinValue
                0x08002028       0xbc build/DLT645.o
                0x08002028                vVoltage_SetMinValue
 .text.vEnergy_Modify_ReadValue
                0x080020e4       0xf4 build/DLT645.o
                0x080020e4                vEnergy_Modify_ReadValue
 .text.vVoltage_SetMaxValue
                0x080021d8       0xc0 build/DLT645.o
                0x080021d8                vVoltage_SetMaxValue
 .text.vEnergy_Modify_AbleSet
                0x08002298       0xfc build/DLT645.o
                0x08002298                vEnergy_Modify_AbleSet
 .text.vEnergy_Modify_Reset
                0x08002394       0xd8 build/DLT645.o
                0x08002394                vEnergy_Modify_Reset
 .text.blRecvFrame
                0x0800246c      0x100 build/DLT645.o
                0x0800246c                blRecvFrame
 .text.vDBDataID_Handle
                0x0800256c       0x78 build/DLT645.o
                0x0800256c                vDBDataID_Handle
 .text.vINFRDataID_Handle
                0x080025e4       0x58 build/DLT645.o
                0x080025e4                vINFRDataID_Handle
 .text.blVoltage_Create
                0x0800263c      0x1f0 build/DLT645.o
                0x0800263c                blVoltage_Create
 .text.Voltage_Change_Init
                0x0800282c       0x88 build/DLT645.o
                0x0800282c                Voltage_Change_Init
 .text.Voltage_Modifier_Method
                0x080028b4       0x88 build/DLT645.o
                0x080028b4                Voltage_Modifier_Method
 .text.Voltage_Modifier
                0x0800293c      0x208 build/DLT645.o
                0x0800293c                Voltage_Modifier
 .text.vVoltageHandle
                0x08002b44       0x24 build/DLT645.o
                0x08002b44                vVoltageHandle
 .text.vCurrent_Limit_DefaultSet
                0x08002b68       0x74 build/DLT645.o
                0x08002b68                vCurrent_Limit_DefaultSet
 .text.vEnergy_Modify_Init
                0x08002bdc       0x34 build/DLT645.o
                0x08002bdc                vEnergy_Modify_Init
 .text.vNow_Frozen_Modify_Mothod
                0x08002c10       0xa8 build/DLT645.o
                0x08002c10                vNow_Frozen_Modify_Mothod
 .text.vNowEnergy_Modifier
                0x08002cb8      0x254 build/DLT645.o
                0x08002cb8                vNowEnergy_Modifier
 .text.vDayfrozen_Modifier
                0x08002f0c      0x158 build/DLT645.o
                0x08002f0c                vDayfrozen_Modifier
 .text.vAccountEnergy_Modify_Mothod
                0x08003064       0x18 build/DLT645.o
                0x08003064                vAccountEnergy_Modify_Mothod
 .text.vAccountEnergy_Modify
                0x0800307c      0x148 build/DLT645.o
                0x0800307c                vAccountEnergy_Modify
 .text.dwDlt698MsLen
                0x080031c4      0x27c build/DLT698.o
 .text.dwDlt698DataLen
                0x08003440      0x848 build/DLT698.o
 .text.dwDlt698RSDLen
                0x08003c88      0x1d0 build/DLT698.o
 .text.pppfcs16
                0x08003e58       0x2c build/DLT698.o
                0x08003e58                pppfcs16
 .text.dwReCalculateFCS
                0x08003e84       0x24 build/DLT698.o
                0x08003e84                dwReCalculateFCS
 .text.dwUnpackSecurity
                0x08003ea8       0x68 build/DLT698.o
                0x08003ea8                dwUnpackSecurity
 .text.dwGet698Apdu
                0x08003f10       0x18 build/DLT698.o
                0x08003f10                dwGet698Apdu
 .text.dwDlt698DataLenByOAD
                0x08003f28       0x18 build/DLT698.o
                0x08003f28                dwDlt698DataLenByOAD
 .text.dwGetOad
                0x08003f40       0x18 build/DLT698.o
                0x08003f40                dwGetOad
 .text.dwGetResponseNormal
                0x08003f58       0xc4 build/DLT698.o
 .text.eDataClass
                0x0800401c       0x40 build/DLT698.o
                0x0800401c                eDataClass
 .text.dwGetResponseRecord
                0x0800405c      0x148 build/DLT698.o
 .text.dwAPduAnalyze
                0x080041a4       0x34 build/DLT698.o
                0x080041a4                dwAPduAnalyze
 .text.v698VoltageModify
                0x080041d8       0x50 build/DLT698.o
                0x080041d8                v698VoltageModify
 .text.vInterFlash_Init
                0x08004228       0x10 build/Flash.o
                0x08004228                vInterFlash_Init
 .text.Flash_Write_Word
                0x08004238       0x88 build/Flash.o
                0x08004238                Flash_Write_Word
 .text.Flash_Read_Word
                0x080042c0        0x4 build/Flash.o
                0x080042c0                Flash_Read_Word
 .text.EEProm_Read
                0x080042c4        0x8 build/Flash.o
                0x080042c4                EEProm_Read
 .text.vGPIO_Init
                0x080042cc      0x13c build/GPIO.o
                0x080042cc                vGPIO_Init
 .text.vFeedExtWatchDog
                0x08004408       0x2c build/GPIO.o
                0x08004408                vFeedExtWatchDog
 .text.vLed_Light
                0x08004434       0x14 build/GPIO.o
                0x08004434                vLed_Light
 .text.RsvFrameHandle
                0x08004448       0x70 build/main.o
 .text.VoltageTimeOutHandle
                0x080044b8       0x68 build/main.o
 .text.main     0x08004520      0x378 build/main.o
                0x08004520                main
 .text.pGetpFrame
                0x08004898       0xa0 build/protocol.o
                0x08004898                pGetpFrame
 .text.dlt645_CalCS
                0x08004938       0x20 build/protocol.o
                0x08004938                dlt645_CalCS
 .text.GetProtocolType
                0x08004958       0x6c build/protocol.o
                0x08004958                GetProtocolType
 .text.dwUartCopy
                0x080049c4       0x28 build/protocol.o
                0x080049c4                dwUartCopy
 .text.NMI_Handler
                0x080049ec        0x4 build/stm32f37x_it.o
                0x080049ec                NMI_Handler
 .text.HardFault_Handler
                0x080049f0        0x4 build/stm32f37x_it.o
                0x080049f0                HardFault_Handler
 .text.MemManage_Handler
                0x080049f4        0x4 build/stm32f37x_it.o
                0x080049f4                MemManage_Handler
 .text.BusFault_Handler
                0x080049f8        0x4 build/stm32f37x_it.o
                0x080049f8                BusFault_Handler
 .text.UsageFault_Handler
                0x080049fc        0x4 build/stm32f37x_it.o
                0x080049fc                UsageFault_Handler
 .text.SVC_Handler
                0x08004a00        0x4 build/stm32f37x_it.o
                0x08004a00                SVC_Handler
 .text.DebugMon_Handler
                0x08004a04        0x4 build/stm32f37x_it.o
                0x08004a04                DebugMon_Handler
 .text.PendSV_Handler
                0x08004a08        0x4 build/stm32f37x_it.o
                0x08004a08                PendSV_Handler
 .text.SysTick_Handler
                0x08004a0c       0x10 build/stm32f37x_it.o
                0x08004a0c                SysTick_Handler
 .text.USART1_IRQHandler
                0x08004a1c      0x100 build/stm32f37x_it.o
                0x08004a1c                USART1_IRQHandler
 .text.USART2_IRQHandler
                0x08004b1c      0x100 build/stm32f37x_it.o
                0x08004b1c                USART2_IRQHandler
 .text.USART3_IRQHandler
                0x08004c1c       0xf4 build/stm32f37x_it.o
                0x08004c1c                USART3_IRQHandler
 .text.TIM2_IRQHandler
                0x08004d10       0x48 build/stm32f37x_it.o
                0x08004d10                TIM2_IRQHandler
 .text.TIM5_IRQHandler
                0x08004d58        0x4 build/stm32f37x_it.o
                0x08004d58                TIM5_IRQHandler
 .text.SetSysClock
                0x08004d5c       0xb0 build/system_stm32f37x.o
 .text.SystemInit
                0x08004e0c       0x6c build/system_stm32f37x.o
                0x08004e0c                SystemInit
 .text.vIRQ_TIME_Config
                0x08004e78       0x3c build/Time.o
 .text.vTimer_Init
                0x08004eb4       0xbc build/Time.o
                0x08004eb4                vTimer_Init
 .text.blTime2_Update
                0x08004f70        0xc build/Time.o
                0x08004f70                blTime2_Update
 .text.vIRQ_UART_Config
                0x08004f7c       0x48 build/Uart.o
 .text.vUart_Init
                0x08004fc4       0xf8 build/Uart.o
                0x08004fc4                vUart_Init
 .text.blDrv_Buf_IsEmpty
                0x080050bc       0x14 build/Uart.o
                0x080050bc                blDrv_Buf_IsEmpty
 .text.blDrv_Buf_IsFull
                0x080050d0       0x2c build/Uart.o
                0x080050d0                blDrv_Buf_IsFull
 .text.Uart_DataPut
                0x080050fc       0x10 build/Uart.o
                0x080050fc                Uart_DataPut
 .text.Uart_idleReadEnable
                0x0800510c       0x20 build/Uart.o
                0x0800510c                Uart_idleReadEnable
 .text.Uart_idleReadDisable
                0x0800512c       0x24 build/Uart.o
                0x0800512c                Uart_idleReadDisable
 .text.uwBuf_EmpLen
                0x08005150       0x24 build/Uart.o
                0x08005150                uwBuf_EmpLen
 .text.uwBuf_UnReadLen
                0x08005174       0x24 build/Uart.o
                0x08005174                uwBuf_UnReadLen
 .text.ucDrv_Buf_GetBytes
                0x08005198       0x4c build/Uart.o
                0x08005198                ucDrv_Buf_GetBytes
 .text.ucDrv_Buf_PutBytes
                0x080051e4       0x4c build/Uart.o
                0x080051e4                ucDrv_Buf_PutBytes
 .text.Uart_OnceWrite
                0x08005230       0xb4 build/Uart.o
                0x08005230                Uart_OnceWrite
 .text.Uart_Read
                0x080052e4       0x74 build/Uart.o
                0x080052e4                Uart_Read
 .text.Reset_Handler
                0x08005358       0x48 build/startup_stm32f37x_gcc.o
                0x08005358                Reset_Handler
 .text.Default_Handler
                0x080053a0        0x2 build/startup_stm32f37x_gcc.o
                0x080053a0                RTC_Alarm_IRQHandler
                0x080053a0                USB_HP_IRQHandler
                0x080053a0                PVD_IRQHandler
                0x080053a0                EXTI3_IRQHandler
                0x080053a0                EXTI0_IRQHandler
                0x080053a0                I2C2_EV_IRQHandler
                0x080053a0                CAN1_RX0_IRQHandler
                0x080053a0                FPU_IRQHandler
                0x080053a0                EXTI2_TS_IRQHandler
                0x080053a0                SPI1_IRQHandler
                0x080053a0                DMA2_Channel2_IRQHandler
                0x080053a0                DMA1_Channel4_IRQHandler
                0x080053a0                ADC1_IRQHandler
                0x080053a0                TIM17_IRQHandler
                0x080053a0                DMA1_Channel7_IRQHandler
                0x080053a0                CAN1_RX1_IRQHandler
                0x080053a0                TIM4_IRQHandler
                0x080053a0                DMA2_Channel1_IRQHandler
                0x080053a0                I2C1_EV_IRQHandler
                0x080053a0                DMA1_Channel6_IRQHandler
                0x080053a0                TIM16_IRQHandler
                0x080053a0                DMA2_Channel4_IRQHandler
                0x080053a0                TIM3_IRQHandler
                0x080053a0                RCC_IRQHandler
                0x080053a0                DMA1_Channel1_IRQHandler
                0x080053a0                Default_Handler
                0x080053a0                CEC_IRQHandler
                0x080053a0                EXTI15_10_IRQHandler
                0x080053a0                TIM14_IRQHandler
                0x080053a0                TIM13_IRQHandler
                0x080053a0                TIM12_IRQHandler
                0x080053a0                TIM7_IRQHandler
                0x080053a0                SDADC2_IRQHandler
                0x080053a0                TIM15_IRQHandler
                0x080053a0                TIM6_DAC1_IRQHandler
                0x080053a0                EXTI9_5_IRQHandler
                0x080053a0                TAMPER_STAMP_IRQHandler
                0x080053a0                RTC_WKUP_IRQHandler
                0x080053a0                SPI2_IRQHandler
                0x080053a0                CAN1_TX_IRQHandler
                0x080053a0                DMA2_Channel5_IRQHandler
                0x080053a0                DMA1_Channel5_IRQHandler
                0x080053a0                USB_LP_IRQHandler
                0x080053a0                EXTI4_IRQHandler
                0x080053a0                TIM18_DAC2_IRQHandler
                0x080053a0                DMA1_Channel3_IRQHandler
                0x080053a0                COMP_IRQHandler
                0x080053a0                WWDG_IRQHandler
                0x080053a0                SDADC1_IRQHandler
                0x080053a0                EXTI1_IRQHandler
                0x080053a0                SDADC3_IRQHandler
                0x080053a0                TIM19_IRQHandler
                0x080053a0                I2C2_ER_IRQHandler
                0x080053a0                DMA1_Channel2_IRQHandler
                0x080053a0                CAN1_SCE_IRQHandler
                0x080053a0                FLASH_IRQHandler
                0x080053a0                SPI3_IRQHandler
                0x080053a0                I2C1_ER_IRQHandler
                0x080053a0                USBWakeUp_IRQHandler
                0x080053a0                DMA2_Channel3_IRQHandler
 *fill*         0x080053a2        0x2 
 .text.__libc_init_array
                0x080053a4       0x4c d:/gcc-arm-none-eabi-5_4-2016q3-20160926-win32/bin/../lib/gcc/arm-none-eabi/5.4.1/../../../../arm-none-eabi/lib/armv7e-m/fpu\libc_nano.a(lib_a-init.o)
                0x080053a4                __libc_init_array
 .text.memset   0x080053f0       0x10 d:/gcc-arm-none-eabi-5_4-2016q3-20160926-win32/bin/../lib/gcc/arm-none-eabi/5.4.1/../../../../arm-none-eabi/lib/armv7e-m/fpu\libc_nano.a(lib_a-memset.o)
                0x080053f0                memset
 .text.strchr   0x08005400       0x1c d:/gcc-arm-none-eabi-5_4-2016q3-20160926-win32/bin/../lib/gcc/arm-none-eabi/5.4.1/../../../../arm-none-eabi/lib/armv7e-m/fpu\libc_nano.a(lib_a-strchr.o)
                0x08005400                strchr
 *(.rodata)
 *(.rodata*)
 .rodata.DBDataID_Handle_List
                0x0800541c      0x1a8 build/DLT645.o
                0x0800541c                DBDataID_Handle_List
 .rodata.INFRDataID_Handle_List
                0x080055c4       0x88 build/DLT645.o
                0x080055c4                INFRDataID_Handle_List
 .rodata.fcstab
                0x0800564c      0x200 build/DLT698.o
                0x0800564c                fcstab
 *(.glue_7)
 .glue_7        0x0800584c        0x0 linker stubs
 *(.glue_7t)
 .glue_7t       0x0800584c        0x0 linker stubs
 *(.init)
 .init          0x0800584c        0x4 d:/gcc-arm-none-eabi-5_4-2016q3-20160926-win32/bin/../lib/gcc/arm-none-eabi/5.4.1/armv7e-m/fpu/crti.o
                0x0800584c                _init
 .init          0x08005850        0x8 d:/gcc-arm-none-eabi-5_4-2016q3-20160926-win32/bin/../lib/gcc/arm-none-eabi/5.4.1/armv7e-m/fpu/crtn.o
 *(.fini)
 .fini          0x08005858        0x4 d:/gcc-arm-none-eabi-5_4-2016q3-20160926-win32/bin/../lib/gcc/arm-none-eabi/5.4.1/armv7e-m/fpu/crti.o
                0x08005858                _fini
 .fini          0x0800585c        0x8 d:/gcc-arm-none-eabi-5_4-2016q3-20160926-win32/bin/../lib/gcc/arm-none-eabi/5.4.1/armv7e-m/fpu/crtn.o
                0x08005864                . = ALIGN (0x4)
                0x08005864                _etext = .

.vfp11_veneer   0x08005864        0x0
 .vfp11_veneer  0x08005864        0x0 linker stubs

.v4_bx          0x08005864        0x0
 .v4_bx         0x08005864        0x0 linker stubs

.iplt           0x08005864        0x0
 .iplt          0x08005864        0x0 d:/gcc-arm-none-eabi-5_4-2016q3-20160926-win32/bin/../lib/gcc/arm-none-eabi/5.4.1/armv7e-m/fpu/crtbegin.o

.ARM.extab
 *(.ARM.extab* .gnu.linkonce.armextab.*)

.ARM            0x08005864        0x8
                0x08005864                __exidx_start = .
 *(.ARM.exidx*)
 .ARM.exidx     0x08005864        0x8 d:/gcc-arm-none-eabi-5_4-2016q3-20160926-win32/bin/../lib/gcc/arm-none-eabi/5.4.1/armv7e-m/fpu\libgcc.a(_udivmoddi4.o)
                0x0800586c                __exidx_end = .

.rel.dyn        0x0800586c        0x0
 .rel.iplt      0x0800586c        0x0 d:/gcc-arm-none-eabi-5_4-2016q3-20160926-win32/bin/../lib/gcc/arm-none-eabi/5.4.1/armv7e-m/fpu/crtbegin.o

.preinit_array  0x0800586c        0x0
                0x0800586c                PROVIDE (__preinit_array_start, .)
 *(.preinit_array*)
                0x0800586c                PROVIDE (__preinit_array_end, .)

.init_array     0x0800586c        0x4
                0x0800586c                PROVIDE (__init_array_start, .)
 *(SORT(.init_array.*))
 *(.init_array*)
 .init_array    0x0800586c        0x4 d:/gcc-arm-none-eabi-5_4-2016q3-20160926-win32/bin/../lib/gcc/arm-none-eabi/5.4.1/armv7e-m/fpu/crtbegin.o
                0x08005870                PROVIDE (__init_array_end, .)

.fini_array     0x08005870        0x4
                [!provide]                PROVIDE (__fini_array_start, .)
 *(.fini_array*)
 .fini_array    0x08005870        0x4 d:/gcc-arm-none-eabi-5_4-2016q3-20160926-win32/bin/../lib/gcc/arm-none-eabi/5.4.1/armv7e-m/fpu/crtbegin.o
 *(SORT(.fini_array.*))
                [!provide]                PROVIDE (__fini_array_end, .)
                0x08005874                _sidata = .

.data           0x20000000       0x68 load address 0x08005874
                0x20000000                . = ALIGN (0x4)
                0x20000000                _sdata = .
 *(.data)
 *(.data*)
 .data.ADCPrescTable
                0x20000000        0x4 build/stm32f37x_rcc.o
 .data.SDADCPrescTable
                0x20000004       0x10 build/stm32f37x_rcc.o
 .data.APBAHBPrescTable
                0x20000014       0x10 build/stm32f37x_rcc.o
 .data.C_Voltage
                0x20000024        0x4 build/DLT645.o
                0x20000024                C_Voltage
 .data.UartDB   0x20000028        0xc build/DLT645.o
 .data.pUartDB  0x20000034        0x4 build/DLT645.o
                0x20000034                pUartDB
 .data.pUartZD  0x20000038        0x4 build/DLT645.o
                0x20000038                pUartZD
 .data.B_Voltage
                0x2000003c        0x4 build/DLT645.o
                0x2000003c                B_Voltage
 .data.UartIR   0x20000040        0xc build/DLT645.o
 .data.Dayfrozen_Change_State
                0x2000004c        0x1 build/DLT645.o
                0x2000004c                Dayfrozen_Change_State
 *fill*         0x2000004d        0x3 
 .data.UartZD   0x20000050        0xc build/DLT645.o
 .data.pUartIR  0x2000005c        0x4 build/DLT645.o
                0x2000005c                pUartIR
 .data.A_Voltage
                0x20000060        0x4 build/DLT645.o
                0x20000060                A_Voltage
 .data.SystemCoreClock
                0x20000064        0x4 build/system_stm32f37x.o
                0x20000064                SystemCoreClock
                0x20000068                . = ALIGN (0x4)
                0x20000068                _edata = .

.jcr            0x20000068        0x0 load address 0x080058dc
 .jcr           0x20000068        0x0 d:/gcc-arm-none-eabi-5_4-2016q3-20160926-win32/bin/../lib/gcc/arm-none-eabi/5.4.1/armv7e-m/fpu/crtbegin.o

.igot.plt       0x20000068        0x0 load address 0x080058dc
 .igot.plt      0x20000068        0x0 d:/gcc-arm-none-eabi-5_4-2016q3-20160926-win32/bin/../lib/gcc/arm-none-eabi/5.4.1/armv7e-m/fpu/crtbegin.o
                0x20000068                . = ALIGN (0x4)

.bss            0x20000068     0x29b8 load address 0x080058dc
                0x20000068                _sbss = .
                0x20000068                __bss_start__ = _sbss
 *(.bss)
 .bss           0x20000068       0x1c d:/gcc-arm-none-eabi-5_4-2016q3-20160926-win32/bin/../lib/gcc/arm-none-eabi/5.4.1/armv7e-m/fpu/crtbegin.o
 *(.bss*)
 .bss.Uart3_Sndbuf
                0x20000084      0x3f0 build/DLT645.o
 .bss.Uart3_Rsvbuf
                0x20000474      0x3f0 build/DLT645.o
 .bss.Voltage_Change_State
                0x20000864        0x1 build/DLT645.o
                0x20000864                Voltage_Change_State
 .bss.uc645DataDomainLength
                0x20000865        0x1 build/DLT645.o
                0x20000865                uc645DataDomainLength
 *fill*         0x20000866        0x2 
 .bss.Uart1_Rsvbuf
                0x20000868      0x3f0 build/DLT645.o
 .bss.Bcurrent  0x20000c58        0x8 build/DLT645.o
                0x20000c58                Bcurrent
 .bss.Ccurrent  0x20000c60        0x8 build/DLT645.o
                0x20000c60                Ccurrent
 .bss.ucRcvStatus
                0x20000c68        0x1 build/DLT645.o
                0x20000c68                ucRcvStatus
 *fill*         0x20000c69        0x3 
 .bss.Acurrent  0x20000c6c        0x8 build/DLT645.o
                0x20000c6c                Acurrent
 .bss.Uart2_Rsvbuf
                0x20000c74      0x3f0 build/DLT645.o
 .bss.Uart2_Sndbuf
                0x20001064      0x3f0 build/DLT645.o
 .bss.Uart1_Sndbuf
                0x20001454      0x3f0 build/DLT645.o
 .bss.FLAG_UartDB_HasData
                0x20001844        0x1 build/main.o
                0x20001844                FLAG_UartDB_HasData
 .bss.FLAG_UartZD_HasData
                0x20001845        0x1 build/main.o
                0x20001845                FLAG_UartZD_HasData
 .bss.TICKS     0x20001846        0x2 build/stm32f37x_it.o
 .bss.uwTime2FramesCounter
                0x20001848        0x2 build/Time.o
                0x20001848                uwTime2FramesCounter
 .bss.blWordsCounterStatus
                0x2000184a        0x1 build/Time.o
                0x2000184a                blWordsCounterStatus
 *fill*         0x2000184b        0x1 
 .bss.uwTime2WordsCounter
                0x2000184c        0x2 build/Time.o
                0x2000184c                uwTime2WordsCounter
 .bss.blFramesCounterStatus
                0x2000184e        0x1 build/Time.o
                0x2000184e                blFramesCounterStatus
 *(COMMON)
 *fill*         0x2000184f        0x1 
 COMMON         0x20001850      0xbd4 build/DLT645.o
                0x20001850                ucApp_Buf_ZD2DB
                0x20001c38                ucApp_Buf_DB2ZD
                0x20002020                Voltage_MAX
                0x20002024                TransFormer
                0x20002034                Voltage_MIN
                0x20002038                ucDayfrozen_Modify_Ratio
                0x20002039                Voltage_Frame_Status
                0x2000203c                ucApp_Buf_INFR
 COMMON         0x20002424      0x5fc build/main.o
                0x20002424                stCollData
                0x20002a20                . = ALIGN (0x4)
                0x20002a20                _ebss = .
                0x20002a20                __bss_end__ = _ebss
                0x20002a20                PROVIDE (end, _ebss)
                [!provide]                PROVIDE (_end, _ebss)

._user_heap_stack
                0x20002a20      0x300 load address 0x08008294
                0x20002a20                . = ALIGN (0x4)
                0x20002b20                . = (. + _Min_Heap_Size)
 *fill*         0x20002a20      0x100 
                0x20002d20                . = (. + _Min_Stack_Size)
 *fill*         0x20002b20      0x200 
                0x20002d20                . = ALIGN (0x4)

.memory_b1_text
 *(.mb1text)
 *(.mb1text*)
 *(.mb1rodata)
 *(.mb1rodata*)

/DISCARD/
 libc.a(*)
 libm.a(*)
 libgcc.a(*)

.ARM.attributes
                0x00000000       0x30
 *(.ARM.attributes)
 .ARM.attributes
                0x00000000       0x22 d:/gcc-arm-none-eabi-5_4-2016q3-20160926-win32/bin/../lib/gcc/arm-none-eabi/5.4.1/armv7e-m/fpu/crti.o
 .ARM.attributes
                0x00000022       0x34 d:/gcc-arm-none-eabi-5_4-2016q3-20160926-win32/bin/../lib/gcc/arm-none-eabi/5.4.1/armv7e-m/fpu/crtbegin.o
 .ARM.attributes
                0x00000056       0x39 build/stm32f37x_flash.o
 .ARM.attributes
                0x0000008f       0x39 build/stm32f37x_gpio.o
 .ARM.attributes
                0x000000c8       0x39 build/stm32f37x_misc.o
 .ARM.attributes
                0x00000101       0x39 build/stm32f37x_rcc.o
 .ARM.attributes
                0x0000013a       0x39 build/stm32f37x_tim.o
 .ARM.attributes
                0x00000173       0x39 build/stm32f37x_usart.o
 .ARM.attributes
                0x000001ac       0x39 build/DLT645.o
 .ARM.attributes
                0x000001e5       0x39 build/DLT698.o
 .ARM.attributes
                0x0000021e       0x39 build/Flash.o
 .ARM.attributes
                0x00000257       0x39 build/GPIO.o
 .ARM.attributes
                0x00000290       0x39 build/main.o
 .ARM.attributes
                0x000002c9       0x39 build/protocol.o
 .ARM.attributes
                0x00000302       0x39 build/stm32f37x_it.o
 .ARM.attributes
                0x0000033b       0x39 build/system_stm32f37x.o
 .ARM.attributes
                0x00000374       0x39 build/Time.o
 .ARM.attributes
                0x000003ad       0x39 build/Uart.o
 .ARM.attributes
                0x000003e6       0x21 build/startup_stm32f37x_gcc.o
 .ARM.attributes
                0x00000407       0x34 d:/gcc-arm-none-eabi-5_4-2016q3-20160926-win32/bin/../lib/gcc/arm-none-eabi/5.4.1/../../../../arm-none-eabi/lib/armv7e-m/fpu\libc_nano.a(lib_a-init.o)
 .ARM.attributes
                0x0000043b       0x34 d:/gcc-arm-none-eabi-5_4-2016q3-20160926-win32/bin/../lib/gcc/arm-none-eabi/5.4.1/../../../../arm-none-eabi/lib/armv7e-m/fpu\libc_nano.a(lib_a-memset.o)
 .ARM.attributes
                0x0000046f       0x34 d:/gcc-arm-none-eabi-5_4-2016q3-20160926-win32/bin/../lib/gcc/arm-none-eabi/5.4.1/../../../../arm-none-eabi/lib/armv7e-m/fpu\libc_nano.a(lib_a-strchr.o)
 .ARM.attributes
                0x000004a3       0x22 d:/gcc-arm-none-eabi-5_4-2016q3-20160926-win32/bin/../lib/gcc/arm-none-eabi/5.4.1/armv7e-m/fpu\libgcc.a(_aeabi_uldivmod.o)
 .ARM.attributes
                0x000004c5       0x34 d:/gcc-arm-none-eabi-5_4-2016q3-20160926-win32/bin/../lib/gcc/arm-none-eabi/5.4.1/armv7e-m/fpu\libgcc.a(_udivmoddi4.o)
 .ARM.attributes
                0x000004f9       0x22 d:/gcc-arm-none-eabi-5_4-2016q3-20160926-win32/bin/../lib/gcc/arm-none-eabi/5.4.1/armv7e-m/fpu\libgcc.a(_dvmd_tls.o)
 .ARM.attributes
                0x0000051b       0x22 d:/gcc-arm-none-eabi-5_4-2016q3-20160926-win32/bin/../lib/gcc/arm-none-eabi/5.4.1/armv7e-m/fpu/crtn.o
OUTPUT(build/485Relay.elf elf32-littlearm)

.debug_info     0x00000000     0xec2c
 .debug_info    0x00000000      0xbb7 build/stm32f37x_flash.o
 .debug_info    0x00000bb7      0x7b9 build/stm32f37x_gpio.o
 .debug_info    0x00001370      0x5d1 build/stm32f37x_misc.o
 .debug_info    0x00001941      0xb82 build/stm32f37x_rcc.o
 .debug_info    0x000024c3     0x22b9 build/stm32f37x_tim.o
 .debug_info    0x0000477c     0x1078 build/stm32f37x_usart.o
 .debug_info    0x000057f4     0x3503 build/DLT645.o
 .debug_info    0x00008cf7     0x1454 build/DLT698.o
 .debug_info    0x0000a14b      0x3c3 build/Flash.o
 .debug_info    0x0000a50e      0x636 build/GPIO.o
 .debug_info    0x0000ab44     0x1146 build/main.o
 .debug_info    0x0000bc8a      0x692 build/protocol.o
 .debug_info    0x0000c31c      0xb4b build/stm32f37x_it.o
 .debug_info    0x0000ce67      0x53d build/system_stm32f37x.o
 .debug_info    0x0000d3a4      0x8d8 build/Time.o
 .debug_info    0x0000dc7c      0xf33 build/Uart.o
 .debug_info    0x0000ebaf       0x7d build/startup_stm32f37x_gcc.o

.debug_abbrev   0x00000000     0x2147
 .debug_abbrev  0x00000000      0x207 build/stm32f37x_flash.o
 .debug_abbrev  0x00000207      0x219 build/stm32f37x_gpio.o
 .debug_abbrev  0x00000420      0x13c build/stm32f37x_misc.o
 .debug_abbrev  0x0000055c      0x245 build/stm32f37x_rcc.o
 .debug_abbrev  0x000007a1      0x1dd build/stm32f37x_tim.o
 .debug_abbrev  0x0000097e      0x1e5 build/stm32f37x_usart.o
 .debug_abbrev  0x00000b63      0x35f build/DLT645.o
 .debug_abbrev  0x00000ec2      0x32d build/DLT698.o
 .debug_abbrev  0x000011ef      0x166 build/Flash.o
 .debug_abbrev  0x00001355      0x13d build/GPIO.o
 .debug_abbrev  0x00001492      0x2b4 build/main.o
 .debug_abbrev  0x00001746      0x1c0 build/protocol.o
 .debug_abbrev  0x00001906      0x21c build/stm32f37x_it.o
 .debug_abbrev  0x00001b22      0x158 build/system_stm32f37x.o
 .debug_abbrev  0x00001c7a      0x1c7 build/Time.o
 .debug_abbrev  0x00001e41      0x2f4 build/Uart.o
 .debug_abbrev  0x00002135       0x12 build/startup_stm32f37x_gcc.o

.debug_loc      0x00000000     0xc0c4
 .debug_loc     0x00000000      0x97c build/stm32f37x_flash.o
 .debug_loc     0x0000097c      0x36b build/stm32f37x_gpio.o
 .debug_loc     0x00000ce7      0x160 build/stm32f37x_misc.o
 .debug_loc     0x00000e47      0x8d1 build/stm32f37x_rcc.o
 .debug_loc     0x00001718     0x1c55 build/stm32f37x_tim.o
 .debug_loc     0x0000336d      0x961 build/stm32f37x_usart.o
 .debug_loc     0x00003cce     0x2608 build/DLT645.o
 .debug_loc     0x000062d6     0x46ee build/DLT698.o
 .debug_loc     0x0000a9c4      0x354 build/Flash.o
 .debug_loc     0x0000ad18       0x78 build/GPIO.o
 .debug_loc     0x0000ad90      0x1ca build/main.o
 .debug_loc     0x0000af5a      0x41c build/protocol.o
 .debug_loc     0x0000b376       0x80 build/stm32f37x_it.o
 .debug_loc     0x0000b3f6      0x14b build/system_stm32f37x.o
 .debug_loc     0x0000b541       0xaa build/Time.o
 .debug_loc     0x0000b5eb      0xad9 build/Uart.o

.debug_aranges  0x00000000      0xc90
 .debug_aranges
                0x00000000      0x108 build/stm32f37x_flash.o
 .debug_aranges
                0x00000108       0x80 build/stm32f37x_gpio.o
 .debug_aranges
                0x00000188       0x40 build/stm32f37x_misc.o
 .debug_aranges
                0x000001c8      0x150 build/stm32f37x_rcc.o
 .debug_aranges
                0x00000318      0x2f0 build/stm32f37x_tim.o
 .debug_aranges
                0x00000608      0x1a0 build/stm32f37x_usart.o
 .debug_aranges
                0x000007a8      0x1c0 build/DLT645.o
 .debug_aranges
                0x00000968       0x90 build/DLT698.o
 .debug_aranges
                0x000009f8       0x40 build/Flash.o
 .debug_aranges
                0x00000a38       0x30 build/GPIO.o
 .debug_aranges
                0x00000a68       0x30 build/main.o
 .debug_aranges
                0x00000a98       0x38 build/protocol.o
 .debug_aranges
                0x00000ad0       0x88 build/stm32f37x_it.o
 .debug_aranges
                0x00000b58       0x30 build/system_stm32f37x.o
 .debug_aranges
                0x00000b88       0x30 build/Time.o
 .debug_aranges
                0x00000bb8       0xb0 build/Uart.o
 .debug_aranges
                0x00000c68       0x28 build/startup_stm32f37x_gcc.o

.debug_ranges   0x00000000      0xd50
 .debug_ranges  0x00000000       0xf8 build/stm32f37x_flash.o
 .debug_ranges  0x000000f8       0x70 build/stm32f37x_gpio.o
 .debug_ranges  0x00000168       0x30 build/stm32f37x_misc.o
 .debug_ranges  0x00000198      0x140 build/stm32f37x_rcc.o
 .debug_ranges  0x000002d8      0x2e0 build/stm32f37x_tim.o
 .debug_ranges  0x000005b8      0x190 build/stm32f37x_usart.o
 .debug_ranges  0x00000748      0x1b0 build/DLT645.o
 .debug_ranges  0x000008f8      0x248 build/DLT698.o
 .debug_ranges  0x00000b40       0x30 build/Flash.o
 .debug_ranges  0x00000b70       0x20 build/GPIO.o
 .debug_ranges  0x00000b90       0x20 build/main.o
 .debug_ranges  0x00000bb0       0x28 build/protocol.o
 .debug_ranges  0x00000bd8       0x78 build/stm32f37x_it.o
 .debug_ranges  0x00000c50       0x20 build/system_stm32f37x.o
 .debug_ranges  0x00000c70       0x20 build/Time.o
 .debug_ranges  0x00000c90       0xa0 build/Uart.o
 .debug_ranges  0x00000d30       0x20 build/startup_stm32f37x_gcc.o

.debug_line     0x00000000     0x44d1
 .debug_line    0x00000000      0x41d build/stm32f37x_flash.o
 .debug_line    0x0000041d      0x28d build/stm32f37x_gpio.o
 .debug_line    0x000006aa      0x1b9 build/stm32f37x_misc.o
 .debug_line    0x00000863      0x48f build/stm32f37x_rcc.o
 .debug_line    0x00000cf2      0x933 build/stm32f37x_tim.o
 .debug_line    0x00001625      0x545 build/stm32f37x_usart.o
 .debug_line    0x00001b6a      0xcfa build/DLT645.o
 .debug_line    0x00002864      0x872 build/DLT698.o
 .debug_line    0x000030d6      0x1ef build/Flash.o
 .debug_line    0x000032c5      0x1b7 build/GPIO.o
 .debug_line    0x0000347c      0x2e1 build/main.o
 .debug_line    0x0000375d      0x254 build/protocol.o
 .debug_line    0x000039b1      0x2b7 build/stm32f37x_it.o
 .debug_line    0x00003c68      0x1a4 build/system_stm32f37x.o
 .debug_line    0x00003e0c      0x1d5 build/Time.o
 .debug_line    0x00003fe1      0x46c build/Uart.o
 .debug_line    0x0000444d       0x84 build/startup_stm32f37x_gcc.o

.debug_str      0x00000000     0x3bd0
 .debug_str     0x00000000      0x596 build/stm32f37x_flash.o
                                0x61b (size before relaxing)
 .debug_str     0x00000596      0x301 build/stm32f37x_gpio.o
                                0x508 (size before relaxing)
 .debug_str     0x00000897      0x218 build/stm32f37x_misc.o
                                0x421 (size before relaxing)
 .debug_str     0x00000aaf      0x58c build/stm32f37x_rcc.o
                                0x7ff (size before relaxing)
 .debug_str     0x0000103b      0xb6a build/stm32f37x_tim.o
                                0xe43 (size before relaxing)
 .debug_str     0x00001ba5      0x6d0 build/stm32f37x_usart.o
                                0xa57 (size before relaxing)
 .debug_str     0x00002275      0x992 build/DLT645.o
                                0xcbf (size before relaxing)
 .debug_str     0x00002c07      0x67e build/DLT698.o
                                0x8b7 (size before relaxing)
 .debug_str     0x00003285       0x7f build/Flash.o
                                0x353 (size before relaxing)
 .debug_str     0x00003304       0x4c build/GPIO.o
                                0x445 (size before relaxing)
 .debug_str     0x00003350      0x537 build/main.o
                                0xc31 (size before relaxing)
 .debug_str     0x00003887       0x6c build/protocol.o
                                0x3e1 (size before relaxing)
 .debug_str     0x000038f3      0x123 build/stm32f37x_it.o
                                0x5d6 (size before relaxing)
 .debug_str     0x00003a16       0x59 build/system_stm32f37x.o
                                0x356 (size before relaxing)
 .debug_str     0x00003a6f       0x68 build/Time.o
                                0x973 (size before relaxing)
 .debug_str     0x00003ad7       0xf9 build/Uart.o
                                0x9ab (size before relaxing)

.comment        0x00000000       0x6e
 .comment       0x00000000       0x6e build/stm32f37x_flash.o
                                 0x6f (size before relaxing)
 .comment       0x0000006e       0x6f build/stm32f37x_gpio.o
 .comment       0x0000006e       0x6f build/stm32f37x_misc.o
 .comment       0x0000006e       0x6f build/stm32f37x_rcc.o
 .comment       0x0000006e       0x6f build/stm32f37x_tim.o
 .comment       0x0000006e       0x6f build/stm32f37x_usart.o
 .comment       0x0000006e       0x6f build/DLT645.o
 .comment       0x0000006e       0x6f build/DLT698.o
 .comment       0x0000006e       0x6f build/Flash.o
 .comment       0x0000006e       0x6f build/GPIO.o
 .comment       0x0000006e       0x6f build/main.o
 .comment       0x0000006e       0x6f build/protocol.o
 .comment       0x0000006e       0x6f build/stm32f37x_it.o
 .comment       0x0000006e       0x6f build/system_stm32f37x.o
 .comment       0x0000006e       0x6f build/Time.o
 .comment       0x0000006e       0x6f build/Uart.o

.debug_frame    0x00000000     0x2170
 .debug_frame   0x00000000      0x2c8 build/stm32f37x_flash.o
 .debug_frame   0x000002c8      0x11c build/stm32f37x_gpio.o
 .debug_frame   0x000003e4       0x60 build/stm32f37x_misc.o
 .debug_frame   0x00000444      0x2a4 build/stm32f37x_rcc.o
 .debug_frame   0x000006e8      0x708 build/stm32f37x_tim.o
 .debug_frame   0x00000df0      0x368 build/stm32f37x_usart.o
 .debug_frame   0x00001158      0x69c build/DLT645.o
 .debug_frame   0x000017f4      0x204 build/DLT698.o
 .debug_frame   0x000019f8       0xa0 build/Flash.o
 .debug_frame   0x00001a98       0x78 build/GPIO.o
 .debug_frame   0x00001b10       0x74 build/main.o
 .debug_frame   0x00001b84       0xa0 build/protocol.o
 .debug_frame   0x00001c24      0x12c build/stm32f37x_it.o
 .debug_frame   0x00001d50       0x54 build/system_stm32f37x.o
 .debug_frame   0x00001da4       0x6c build/Time.o
 .debug_frame   0x00001e10      0x294 build/Uart.o
 .debug_frame   0x000020a4       0x2c d:/gcc-arm-none-eabi-5_4-2016q3-20160926-win32/bin/../lib/gcc/arm-none-eabi/5.4.1/../../../../arm-none-eabi/lib/armv7e-m/fpu\libc_nano.a(lib_a-init.o)
 .debug_frame   0x000020d0       0x20 d:/gcc-arm-none-eabi-5_4-2016q3-20160926-win32/bin/../lib/gcc/arm-none-eabi/5.4.1/../../../../arm-none-eabi/lib/armv7e-m/fpu\libc_nano.a(lib_a-memset.o)
 .debug_frame   0x000020f0       0x20 d:/gcc-arm-none-eabi-5_4-2016q3-20160926-win32/bin/../lib/gcc/arm-none-eabi/5.4.1/../../../../arm-none-eabi/lib/armv7e-m/fpu\libc_nano.a(lib_a-strchr.o)
 .debug_frame   0x00002110       0x2c d:/gcc-arm-none-eabi-5_4-2016q3-20160926-win32/bin/../lib/gcc/arm-none-eabi/5.4.1/armv7e-m/fpu\libgcc.a(_aeabi_uldivmod.o)
 .debug_frame   0x0000213c       0x34 d:/gcc-arm-none-eabi-5_4-2016q3-20160926-win32/bin/../lib/gcc/arm-none-eabi/5.4.1/armv7e-m/fpu\libgcc.a(_udivmoddi4.o)

Cross Reference Table

Symbol                                            File
ADC1_IRQHandler                                   build/startup_stm32f37x_gcc.o
ADC_AnalogWatchdogCmd                             build/stm32f37x_adc.o
ADC_AnalogWatchdogSingleChannelConfig             build/stm32f37x_adc.o
ADC_AnalogWatchdogThresholdsConfig                build/stm32f37x_adc.o
ADC_AutoInjectedConvCmd                           build/stm32f37x_adc.o
ADC_ClearFlag                                     build/stm32f37x_adc.o
ADC_ClearITPendingBit                             build/stm32f37x_adc.o
ADC_Cmd                                           build/stm32f37x_adc.o
ADC_ContinuousModeCmd                             build/stm32f37x_adc.o
ADC_DMACmd                                        build/stm32f37x_adc.o
ADC_DeInit                                        build/stm32f37x_adc.o
ADC_DiscModeChannelCountConfig                    build/stm32f37x_adc.o
ADC_DiscModeCmd                                   build/stm32f37x_adc.o
ADC_ExternalTrigConvCmd                           build/stm32f37x_adc.o
ADC_ExternalTrigInjectedConvCmd                   build/stm32f37x_adc.o
ADC_ExternalTrigInjectedConvConfig                build/stm32f37x_adc.o
ADC_GetCalibrationStatus                          build/stm32f37x_adc.o
ADC_GetConversionValue                            build/stm32f37x_adc.o
ADC_GetFlagStatus                                 build/stm32f37x_adc.o
ADC_GetITStatus                                   build/stm32f37x_adc.o
ADC_GetInjectedConversionValue                    build/stm32f37x_adc.o
ADC_GetResetCalibrationStatus                     build/stm32f37x_adc.o
ADC_GetSoftwareStartConvStatus                    build/stm32f37x_adc.o
ADC_GetSoftwareStartInjectedConvCmdStatus         build/stm32f37x_adc.o
ADC_ITConfig                                      build/stm32f37x_adc.o
ADC_Init                                          build/stm32f37x_adc.o
ADC_InjectedChannelConfig                         build/stm32f37x_adc.o
ADC_InjectedDiscModeCmd                           build/stm32f37x_adc.o
ADC_InjectedSequencerLengthConfig                 build/stm32f37x_adc.o
ADC_RegularChannelConfig                          build/stm32f37x_adc.o
ADC_ResetCalibration                              build/stm32f37x_adc.o
ADC_SetInjectedOffset                             build/stm32f37x_adc.o
ADC_SoftwareStartConv                             build/stm32f37x_adc.o
ADC_SoftwareStartInjectedConvCmd                  build/stm32f37x_adc.o
ADC_StartCalibration                              build/stm32f37x_adc.o
ADC_StructInit                                    build/stm32f37x_adc.o
ADC_TempSensorVrefintCmd                          build/stm32f37x_adc.o
AHBPrescTable                                     build/system_stm32f37x.o
A_Voltage                                         build/DLT645.o
Acurrent                                          build/DLT645.o
B_Voltage                                         build/DLT645.o
Bcurrent                                          build/DLT645.o
BusFault_Handler                                  build/stm32f37x_it.o
CAN1_RX0_IRQHandler                               build/startup_stm32f37x_gcc.o
CAN1_RX1_IRQHandler                               build/startup_stm32f37x_gcc.o
CAN1_SCE_IRQHandler                               build/startup_stm32f37x_gcc.o
CAN1_TX_IRQHandler                                build/startup_stm32f37x_gcc.o
CAN_CancelTransmit                                build/stm32f37x_can.o
CAN_ClearFlag                                     build/stm32f37x_can.o
CAN_ClearITPendingBit                             build/stm32f37x_can.o
CAN_DBGFreeze                                     build/stm32f37x_can.o
CAN_DeInit                                        build/stm32f37x_can.o
CAN_FIFORelease                                   build/stm32f37x_can.o
CAN_FilterInit                                    build/stm32f37x_can.o
CAN_GetFlagStatus                                 build/stm32f37x_can.o
CAN_GetITStatus                                   build/stm32f37x_can.o
CAN_GetLSBTransmitErrorCounter                    build/stm32f37x_can.o
CAN_GetLastErrorCode                              build/stm32f37x_can.o
CAN_GetReceiveErrorCounter                        build/stm32f37x_can.o
CAN_ITConfig                                      build/stm32f37x_can.o
CAN_Init                                          build/stm32f37x_can.o
CAN_MessagePending                                build/stm32f37x_can.o
CAN_OperatingModeRequest                          build/stm32f37x_can.o
CAN_Receive                                       build/stm32f37x_can.o
CAN_SlaveStartBank                                build/stm32f37x_can.o
CAN_Sleep                                         build/stm32f37x_can.o
CAN_StructInit                                    build/stm32f37x_can.o
CAN_TTComModeCmd                                  build/stm32f37x_can.o
CAN_Transmit                                      build/stm32f37x_can.o
CAN_TransmitStatus                                build/stm32f37x_can.o
CAN_WakeUp                                        build/stm32f37x_can.o
CEC_ClearFlag                                     build/stm32f37x_cec.o
CEC_ClearITPendingBit                             build/stm32f37x_cec.o
CEC_Cmd                                           build/stm32f37x_cec.o
CEC_DeInit                                        build/stm32f37x_cec.o
CEC_EndOfMessage                                  build/stm32f37x_cec.o
CEC_GetFlagStatus                                 build/stm32f37x_cec.o
CEC_GetITStatus                                   build/stm32f37x_cec.o
CEC_IRQHandler                                    build/startup_stm32f37x_gcc.o
CEC_ITConfig                                      build/stm32f37x_cec.o
CEC_Init                                          build/stm32f37x_cec.o
CEC_ListenModeCmd                                 build/stm32f37x_cec.o
CEC_OwnAddressClear                               build/stm32f37x_cec.o
CEC_OwnAddressConfig                              build/stm32f37x_cec.o
CEC_ReceiveData                                   build/stm32f37x_cec.o
CEC_SendData                                      build/stm32f37x_cec.o
CEC_StartOfMessage                                build/stm32f37x_cec.o
CEC_StructInit                                    build/stm32f37x_cec.o
COMP_Cmd                                          build/stm32f37x_comp.o
COMP_DeInit                                       build/stm32f37x_comp.o
COMP_GetOutputLevel                               build/stm32f37x_comp.o
COMP_IRQHandler                                   build/startup_stm32f37x_gcc.o
COMP_Init                                         build/stm32f37x_comp.o
COMP_LockConfig                                   build/stm32f37x_comp.o
COMP_StructInit                                   build/stm32f37x_comp.o
COMP_SwitchCmd                                    build/stm32f37x_comp.o
COMP_WindowCmd                                    build/stm32f37x_comp.o
CRC_CalcBlockCRC                                  build/stm32f37x_crc.o
CRC_CalcCRC                                       build/stm32f37x_crc.o
CRC_CalcCRC16bits                                 build/stm32f37x_crc.o
CRC_CalcCRC8bits                                  build/stm32f37x_crc.o
CRC_DeInit                                        build/stm32f37x_crc.o
CRC_GetCRC                                        build/stm32f37x_crc.o
CRC_GetIDRegister                                 build/stm32f37x_crc.o
CRC_PolynomialSizeSelect                          build/stm32f37x_crc.o
CRC_ResetDR                                       build/stm32f37x_crc.o
CRC_ReverseInputDataSelect                        build/stm32f37x_crc.o
CRC_ReverseOutputDataCmd                          build/stm32f37x_crc.o
CRC_SetIDRegister                                 build/stm32f37x_crc.o
CRC_SetInitRegister                               build/stm32f37x_crc.o
CRC_SetPolynomial                                 build/stm32f37x_crc.o
C_Voltage                                         build/DLT645.o
Ccurrent                                          build/DLT645.o
DAC_ClearFlag                                     build/stm32f37x_dac.o
DAC_ClearITPendingBit                             build/stm32f37x_dac.o
DAC_Cmd                                           build/stm32f37x_dac.o
DAC_DMACmd                                        build/stm32f37x_dac.o
DAC_DeInit                                        build/stm32f37x_dac.o
DAC_DualSoftwareTriggerCmd                        build/stm32f37x_dac.o
DAC_GetDataOutputValue                            build/stm32f37x_dac.o
DAC_GetFlagStatus                                 build/stm32f37x_dac.o
DAC_GetITStatus                                   build/stm32f37x_dac.o
DAC_ITConfig                                      build/stm32f37x_dac.o
DAC_Init                                          build/stm32f37x_dac.o
DAC_SetChannel1Data                               build/stm32f37x_dac.o
DAC_SetChannel2Data                               build/stm32f37x_dac.o
DAC_SetDualChannelData                            build/stm32f37x_dac.o
DAC_SoftwareTriggerCmd                            build/stm32f37x_dac.o
DAC_StructInit                                    build/stm32f37x_dac.o
DAC_WaveGenerationCmd                             build/stm32f37x_dac.o
DBDataID_Handle_List                              build/DLT645.o
DBGMCU_APB1PeriphConfig                           build/stm32f37x_dbgmcu.o
DBGMCU_APB2PeriphConfig                           build/stm32f37x_dbgmcu.o
DBGMCU_Config                                     build/stm32f37x_dbgmcu.o
DBGMCU_GetDEVID                                   build/stm32f37x_dbgmcu.o
DBGMCU_GetREVID                                   build/stm32f37x_dbgmcu.o
DMA1_Channel1_IRQHandler                          build/startup_stm32f37x_gcc.o
DMA1_Channel2_IRQHandler                          build/startup_stm32f37x_gcc.o
DMA1_Channel3_IRQHandler                          build/startup_stm32f37x_gcc.o
DMA1_Channel4_IRQHandler                          build/startup_stm32f37x_gcc.o
DMA1_Channel5_IRQHandler                          build/startup_stm32f37x_gcc.o
DMA1_Channel6_IRQHandler                          build/startup_stm32f37x_gcc.o
DMA1_Channel7_IRQHandler                          build/startup_stm32f37x_gcc.o
DMA2_Channel1_IRQHandler                          build/startup_stm32f37x_gcc.o
DMA2_Channel2_IRQHandler                          build/startup_stm32f37x_gcc.o
DMA2_Channel3_IRQHandler                          build/startup_stm32f37x_gcc.o
DMA2_Channel4_IRQHandler                          build/startup_stm32f37x_gcc.o
DMA2_Channel5_IRQHandler                          build/startup_stm32f37x_gcc.o
DMA_ClearFlag                                     build/stm32f37x_dma.o
DMA_ClearITPendingBit                             build/stm32f37x_dma.o
DMA_Cmd                                           build/stm32f37x_dma.o
DMA_DeInit                                        build/stm32f37x_dma.o
DMA_GetCurrDataCounter                            build/stm32f37x_dma.o
DMA_GetFlagStatus                                 build/stm32f37x_dma.o
DMA_GetITStatus                                   build/stm32f37x_dma.o
DMA_ITConfig                                      build/stm32f37x_dma.o
DMA_Init                                          build/stm32f37x_dma.o
DMA_SetCurrDataCounter                            build/stm32f37x_dma.o
DMA_StructInit                                    build/stm32f37x_dma.o
Dayfrozen_Change_State                            build/DLT645.o
DebugMon_Handler                                  build/stm32f37x_it.o
Default_Handler                                   build/startup_stm32f37x_gcc.o
Default_Reset                                     build/DLT645.o
EEProm_Read                                       build/Flash.o
                                                  build/DLT645.o
EEProm_Write                                      build/Flash.o
EXTI0_IRQHandler                                  build/startup_stm32f37x_gcc.o
EXTI15_10_IRQHandler                              build/startup_stm32f37x_gcc.o
EXTI1_IRQHandler                                  build/startup_stm32f37x_gcc.o
EXTI2_TS_IRQHandler                               build/startup_stm32f37x_gcc.o
EXTI3_IRQHandler                                  build/startup_stm32f37x_gcc.o
EXTI4_IRQHandler                                  build/startup_stm32f37x_gcc.o
EXTI9_5_IRQHandler                                build/startup_stm32f37x_gcc.o
EXTI_ClearFlag                                    build/stm32f37x_exti.o
EXTI_ClearITPendingBit                            build/stm32f37x_exti.o
EXTI_DeInit                                       build/stm32f37x_exti.o
EXTI_GenerateSWInterrupt                          build/stm32f37x_exti.o
EXTI_GetFlagStatus                                build/stm32f37x_exti.o
EXTI_GetITStatus                                  build/stm32f37x_exti.o
EXTI_Init                                         build/stm32f37x_exti.o
EXTI_StructInit                                   build/stm32f37x_exti.o
Estatus_Modify_CurrentEvent                       build/DLT645.o
FLAG_UartDB_HasData                               build/main.o
                                                  build/stm32f37x_it.o
FLAG_UartZD_HasData                               build/main.o
                                                  build/stm32f37x_it.o
FLASH_ClearFlag                                   build/stm32f37x_flash.o
                                                  build/Flash.o
FLASH_EraseAllPages                               build/stm32f37x_flash.o
FLASH_ErasePage                                   build/stm32f37x_flash.o
                                                  build/Flash.o
                                                  build/DLT645.o
FLASH_GetFlagStatus                               build/stm32f37x_flash.o
FLASH_GetStatus                                   build/stm32f37x_flash.o
FLASH_HalfCycleAccessCmd                          build/stm32f37x_flash.o
FLASH_IRQHandler                                  build/startup_stm32f37x_gcc.o
FLASH_ITConfig                                    build/stm32f37x_flash.o
FLASH_Lock                                        build/stm32f37x_flash.o
                                                  build/Flash.o
                                                  build/DLT645.o
FLASH_OB_BOOTConfig                               build/stm32f37x_flash.o
FLASH_OB_EnableWRP                                build/stm32f37x_flash.o
FLASH_OB_Erase                                    build/stm32f37x_flash.o
FLASH_OB_GetRDP                                   build/stm32f37x_flash.o
FLASH_OB_GetUser                                  build/stm32f37x_flash.o
FLASH_OB_GetWRP                                   build/stm32f37x_flash.o
FLASH_OB_Launch                                   build/stm32f37x_flash.o
FLASH_OB_Lock                                     build/stm32f37x_flash.o
FLASH_OB_ProgramData                              build/stm32f37x_flash.o
FLASH_OB_RDPConfig                                build/stm32f37x_flash.o
FLASH_OB_SRAMParityConfig                         build/stm32f37x_flash.o
FLASH_OB_Unlock                                   build/stm32f37x_flash.o
FLASH_OB_UserConfig                               build/stm32f37x_flash.o
FLASH_OB_VDDAConfig                               build/stm32f37x_flash.o
FLASH_OB_VDD_SD12Config                           build/stm32f37x_flash.o
FLASH_OB_WriteUser                                build/stm32f37x_flash.o
FLASH_PrefetchBufferCmd                           build/stm32f37x_flash.o
FLASH_ProgramHalfWord                             build/stm32f37x_flash.o
                                                  build/Flash.o
FLASH_ProgramWord                                 build/stm32f37x_flash.o
                                                  build/Flash.o
FLASH_SetLatency                                  build/stm32f37x_flash.o
                                                  build/Flash.o
FLASH_Unlock                                      build/stm32f37x_flash.o
                                                  build/Flash.o
                                                  build/DLT645.o
FLASH_WaitForLastOperation                        build/stm32f37x_flash.o
FPU_IRQHandler                                    build/startup_stm32f37x_gcc.o
Flash_Read_Word                                   build/Flash.o
                                                  build/DLT645.o
Flash_Write_Word                                  build/Flash.o
                                                  build/DLT645.o
GPIO_DeInit                                       build/stm32f37x_gpio.o
GPIO_Init                                         build/stm32f37x_gpio.o
                                                  build/GPIO.o
GPIO_PinAFConfig                                  build/stm32f37x_gpio.o
                                                  build/GPIO.o
GPIO_PinLockConfig                                build/stm32f37x_gpio.o
GPIO_ReadInputData                                build/stm32f37x_gpio.o
GPIO_ReadInputDataBit                             build/stm32f37x_gpio.o
                                                  build/GPIO.o
GPIO_ReadOutputData                               build/stm32f37x_gpio.o
GPIO_ReadOutputDataBit                            build/stm32f37x_gpio.o
GPIO_ResetBits                                    build/stm32f37x_gpio.o
GPIO_SetBits                                      build/stm32f37x_gpio.o
GPIO_StructInit                                   build/stm32f37x_gpio.o
GPIO_Write                                        build/stm32f37x_gpio.o
GPIO_WriteBit                                     build/stm32f37x_gpio.o
                                                  build/GPIO.o
GetProtocolType                                   build/protocol.o
                                                  build/main.o
Get_VChange_State                                 build/DLT645.o
HardFault_Handler                                 build/stm32f37x_it.o
I2C1_ER_IRQHandler                                build/startup_stm32f37x_gcc.o
I2C1_EV_IRQHandler                                build/startup_stm32f37x_gcc.o
I2C2_ER_IRQHandler                                build/startup_stm32f37x_gcc.o
I2C2_EV_IRQHandler                                build/startup_stm32f37x_gcc.o
I2C_10BitAddressHeaderCmd                         build/stm32f37x_i2c.o
I2C_10BitAddressingModeCmd                        build/stm32f37x_i2c.o
I2C_AcknowledgeConfig                             build/stm32f37x_i2c.o
I2C_AutoEndCmd                                    build/stm32f37x_i2c.o
I2C_CalculatePEC                                  build/stm32f37x_i2c.o
I2C_ClearFlag                                     build/stm32f37x_i2c.o
I2C_ClearITPendingBit                             build/stm32f37x_i2c.o
I2C_ClockTimeoutCmd                               build/stm32f37x_i2c.o
I2C_Cmd                                           build/stm32f37x_i2c.o
I2C_DMACmd                                        build/stm32f37x_i2c.o
I2C_DeInit                                        build/stm32f37x_i2c.o
I2C_DualAddressCmd                                build/stm32f37x_i2c.o
I2C_ExtendedClockTimeoutCmd                       build/stm32f37x_i2c.o
I2C_GeneralCallCmd                                build/stm32f37x_i2c.o
I2C_GenerateSTART                                 build/stm32f37x_i2c.o
I2C_GenerateSTOP                                  build/stm32f37x_i2c.o
I2C_GetAddressMatched                             build/stm32f37x_i2c.o
I2C_GetFlagStatus                                 build/stm32f37x_i2c.o
I2C_GetITStatus                                   build/stm32f37x_i2c.o
I2C_GetPEC                                        build/stm32f37x_i2c.o
I2C_GetTransferDirection                          build/stm32f37x_i2c.o
I2C_ITConfig                                      build/stm32f37x_i2c.o
I2C_IdleClockTimeoutCmd                           build/stm32f37x_i2c.o
I2C_Init                                          build/stm32f37x_i2c.o
I2C_MasterRequestConfig                           build/stm32f37x_i2c.o
I2C_NumberOfBytesConfig                           build/stm32f37x_i2c.o
I2C_OwnAddress2Config                             build/stm32f37x_i2c.o
I2C_PECRequestCmd                                 build/stm32f37x_i2c.o
I2C_ReadRegister                                  build/stm32f37x_i2c.o
I2C_ReceiveData                                   build/stm32f37x_i2c.o
I2C_ReloadCmd                                     build/stm32f37x_i2c.o
I2C_SMBusAlertCmd                                 build/stm32f37x_i2c.o
I2C_SendData                                      build/stm32f37x_i2c.o
I2C_SlaveAddressConfig                            build/stm32f37x_i2c.o
I2C_SlaveByteControlCmd                           build/stm32f37x_i2c.o
I2C_SoftwareResetCmd                              build/stm32f37x_i2c.o
I2C_StopModeCmd                                   build/stm32f37x_i2c.o
I2C_StretchClockCmd                               build/stm32f37x_i2c.o
I2C_StructInit                                    build/stm32f37x_i2c.o
I2C_TimeoutAConfig                                build/stm32f37x_i2c.o
I2C_TimeoutBConfig                                build/stm32f37x_i2c.o
I2C_TransferHandling                              build/stm32f37x_i2c.o
I2S_Cmd                                           build/stm32f37x_spi.o
I2S_Init                                          build/stm32f37x_spi.o
I2S_StructInit                                    build/stm32f37x_spi.o
INFRDataID_Handle_List                            build/DLT645.o
IWDG_Enable                                       build/stm32f37x_iwdg.o
IWDG_GetFlagStatus                                build/stm32f37x_iwdg.o
IWDG_ReloadCounter                                build/stm32f37x_iwdg.o
IWDG_SetPrescaler                                 build/stm32f37x_iwdg.o
IWDG_SetReload                                    build/stm32f37x_iwdg.o
IWDG_SetWindowValue                               build/stm32f37x_iwdg.o
IWDG_WriteAccessCmd                               build/stm32f37x_iwdg.o
MemManage_Handler                                 build/stm32f37x_it.o
NMI_Handler                                       build/stm32f37x_it.o
NVIC_Init                                         build/stm32f37x_misc.o
                                                  build/Uart.o
                                                  build/Time.o
NVIC_PriorityGroupConfig                          build/stm32f37x_misc.o
                                                  build/main.o
NVIC_SetVectorTable                               build/stm32f37x_misc.o
NVIC_SystemLPConfig                               build/stm32f37x_misc.o
PVD_IRQHandler                                    build/startup_stm32f37x_gcc.o
PWR_BackupAccessCmd                               build/stm32f37x_pwr.o
PWR_ClearFlag                                     build/stm32f37x_pwr.o
PWR_DeInit                                        build/stm32f37x_pwr.o
PWR_EnterSTANDBYMode                              build/stm32f37x_pwr.o
PWR_EnterSTOPMode                                 build/stm32f37x_pwr.o
PWR_EnterSleepMode                                build/stm32f37x_pwr.o
PWR_GetFlagStatus                                 build/stm32f37x_pwr.o
PWR_PVDCmd                                        build/stm32f37x_pwr.o
PWR_PVDLevelConfig                                build/stm32f37x_pwr.o
PWR_SDADCAnalogCmd                                build/stm32f37x_pwr.o
PWR_WakeUpPinCmd                                  build/stm32f37x_pwr.o
PendSV_Handler                                    build/stm32f37x_it.o
Query_Voltage_Limit                               build/DLT645.o
RCC_ADCCLKConfig                                  build/stm32f37x_rcc.o
RCC_AHBPeriphClockCmd                             build/stm32f37x_rcc.o
                                                  build/GPIO.o
RCC_AHBPeriphResetCmd                             build/stm32f37x_rcc.o
                                                  build/stm32f37x_gpio.o
RCC_APB1PeriphClockCmd                            build/stm32f37x_rcc.o
                                                  build/Uart.o
                                                  build/Time.o
RCC_APB1PeriphResetCmd                            build/stm32f37x_rcc.o
                                                  build/stm32f37x_wwdg.o
                                                  build/stm32f37x_usart.o
                                                  build/stm32f37x_tim.o
                                                  build/stm32f37x_spi.o
                                                  build/stm32f37x_pwr.o
                                                  build/stm32f37x_i2c.o
                                                  build/stm32f37x_dac.o
                                                  build/stm32f37x_cec.o
                                                  build/stm32f37x_can.o
RCC_APB2PeriphClockCmd                            build/stm32f37x_rcc.o
                                                  build/Uart.o
RCC_APB2PeriphResetCmd                            build/stm32f37x_rcc.o
                                                  build/stm32f37x_usart.o
                                                  build/stm32f37x_tim.o
                                                  build/stm32f37x_spi.o
                                                  build/stm32f37x_sdadc.o
                                                  build/stm32f37x_adc.o
RCC_AdjustHSICalibrationValue                     build/stm32f37x_rcc.o
RCC_BackupResetCmd                                build/stm32f37x_rcc.o
RCC_CECCLKConfig                                  build/stm32f37x_rcc.o
RCC_ClearFlag                                     build/stm32f37x_rcc.o
RCC_ClearITPendingBit                             build/stm32f37x_rcc.o
RCC_ClockSecuritySystemCmd                        build/stm32f37x_rcc.o
RCC_DeInit                                        build/stm32f37x_rcc.o
RCC_GetClocksFreq                                 build/stm32f37x_rcc.o
                                                  build/stm32f37x_usart.o
                                                  build/stm32f37x_spi.o
RCC_GetFlagStatus                                 build/stm32f37x_rcc.o
RCC_GetITStatus                                   build/stm32f37x_rcc.o
RCC_GetSYSCLKSource                               build/stm32f37x_rcc.o
RCC_HCLKConfig                                    build/stm32f37x_rcc.o
RCC_HSEConfig                                     build/stm32f37x_rcc.o
RCC_HSICmd                                        build/stm32f37x_rcc.o
RCC_I2CCLKConfig                                  build/stm32f37x_rcc.o
RCC_IRQHandler                                    build/startup_stm32f37x_gcc.o
RCC_ITConfig                                      build/stm32f37x_rcc.o
RCC_LSEConfig                                     build/stm32f37x_rcc.o
RCC_LSEDriveConfig                                build/stm32f37x_rcc.o
RCC_LSICmd                                        build/stm32f37x_rcc.o
RCC_MCOConfig                                     build/stm32f37x_rcc.o
RCC_PCLK1Config                                   build/stm32f37x_rcc.o
RCC_PCLK2Config                                   build/stm32f37x_rcc.o
RCC_PLLCmd                                        build/stm32f37x_rcc.o
RCC_PLLConfig                                     build/stm32f37x_rcc.o
RCC_PREDIV1Config                                 build/stm32f37x_rcc.o
RCC_RTCCLKCmd                                     build/stm32f37x_rcc.o
RCC_RTCCLKConfig                                  build/stm32f37x_rcc.o
RCC_SDADCCLKConfig                                build/stm32f37x_rcc.o
RCC_SYSCLKConfig                                  build/stm32f37x_rcc.o
RCC_USARTCLKConfig                                build/stm32f37x_rcc.o
RCC_USBCLKConfig                                  build/stm32f37x_rcc.o
RCC_WaitForHSEStartUp                             build/stm32f37x_rcc.o
RTC_AlarmCmd                                      build/stm32f37x_rtc.o
RTC_AlarmStructInit                               build/stm32f37x_rtc.o
RTC_AlarmSubSecondConfig                          build/stm32f37x_rtc.o
RTC_Alarm_IRQHandler                              build/startup_stm32f37x_gcc.o
RTC_BypassShadowCmd                               build/stm32f37x_rtc.o
RTC_CalibOutputCmd                                build/stm32f37x_rtc.o
RTC_CalibOutputConfig                             build/stm32f37x_rtc.o
RTC_ClearFlag                                     build/stm32f37x_rtc.o
RTC_ClearITPendingBit                             build/stm32f37x_rtc.o
RTC_DateStructInit                                build/stm32f37x_rtc.o
RTC_DayLightSavingConfig                          build/stm32f37x_rtc.o
RTC_DeInit                                        build/stm32f37x_rtc.o
RTC_EnterInitMode                                 build/stm32f37x_rtc.o
RTC_ExitInitMode                                  build/stm32f37x_rtc.o
RTC_GetAlarm                                      build/stm32f37x_rtc.o
RTC_GetAlarmSubSecond                             build/stm32f37x_rtc.o
RTC_GetDate                                       build/stm32f37x_rtc.o
RTC_GetFlagStatus                                 build/stm32f37x_rtc.o
RTC_GetITStatus                                   build/stm32f37x_rtc.o
RTC_GetStoreOperation                             build/stm32f37x_rtc.o
RTC_GetSubSecond                                  build/stm32f37x_rtc.o
RTC_GetTime                                       build/stm32f37x_rtc.o
RTC_GetTimeStamp                                  build/stm32f37x_rtc.o
RTC_GetTimeStampSubSecond                         build/stm32f37x_rtc.o
RTC_GetWakeUpCounter                              build/stm32f37x_rtc.o
RTC_ITConfig                                      build/stm32f37x_rtc.o
RTC_Init                                          build/stm32f37x_rtc.o
RTC_OutputConfig                                  build/stm32f37x_rtc.o
RTC_OutputTypeConfig                              build/stm32f37x_rtc.o
RTC_ReadBackupRegister                            build/stm32f37x_rtc.o
RTC_RefClockCmd                                   build/stm32f37x_rtc.o
RTC_SetAlarm                                      build/stm32f37x_rtc.o
RTC_SetDate                                       build/stm32f37x_rtc.o
RTC_SetTime                                       build/stm32f37x_rtc.o
RTC_SetWakeUpCounter                              build/stm32f37x_rtc.o
RTC_SmoothCalibConfig                             build/stm32f37x_rtc.o
RTC_StructInit                                    build/stm32f37x_rtc.o
RTC_SynchroShiftConfig                            build/stm32f37x_rtc.o
RTC_TamperCmd                                     build/stm32f37x_rtc.o
RTC_TamperFilterConfig                            build/stm32f37x_rtc.o
RTC_TamperPinsPrechargeDuration                   build/stm32f37x_rtc.o
RTC_TamperPullUpCmd                               build/stm32f37x_rtc.o
RTC_TamperSamplingFreqConfig                      build/stm32f37x_rtc.o
RTC_TamperTriggerConfig                           build/stm32f37x_rtc.o
RTC_TimeStampCmd                                  build/stm32f37x_rtc.o
RTC_TimeStampOnTamperDetectionCmd                 build/stm32f37x_rtc.o
RTC_TimeStructInit                                build/stm32f37x_rtc.o
RTC_WKUP_IRQHandler                               build/startup_stm32f37x_gcc.o
RTC_WaitForSynchro                                build/stm32f37x_rtc.o
RTC_WakeUpClockConfig                             build/stm32f37x_rtc.o
RTC_WakeUpCmd                                     build/stm32f37x_rtc.o
RTC_WriteBackupRegister                           build/stm32f37x_rtc.o
RTC_WriteProtectionCmd                            build/stm32f37x_rtc.o
Reset_Handler                                     build/startup_stm32f37x_gcc.o
SDADC1_IRQHandler                                 build/startup_stm32f37x_gcc.o
SDADC2_IRQHandler                                 build/startup_stm32f37x_gcc.o
SDADC3_IRQHandler                                 build/startup_stm32f37x_gcc.o
SDADC_AINInit                                     build/stm32f37x_sdadc.o
SDADC_AINStructInit                               build/stm32f37x_sdadc.o
SDADC_CalibrationSequenceConfig                   build/stm32f37x_sdadc.o
SDADC_ChannelConfig                               build/stm32f37x_sdadc.o
SDADC_ChannelSelect                               build/stm32f37x_sdadc.o
SDADC_ClearFlag                                   build/stm32f37x_sdadc.o
SDADC_ClearITPendingBit                           build/stm32f37x_sdadc.o
SDADC_Cmd                                         build/stm32f37x_sdadc.o
SDADC_ContinuousModeCmd                           build/stm32f37x_sdadc.o
SDADC_DMAConfig                                   build/stm32f37x_sdadc.o
SDADC_DeInit                                      build/stm32f37x_sdadc.o
SDADC_DelayStartInjectedConvCmd                   build/stm32f37x_sdadc.o
SDADC_ExternalTrigInjectedConvConfig              build/stm32f37x_sdadc.o
SDADC_ExternalTrigInjectedConvEdgeConfig          build/stm32f37x_sdadc.o
SDADC_FastConversionCmd                           build/stm32f37x_sdadc.o
SDADC_GetConversionSDADC12Value                   build/stm32f37x_sdadc.o
SDADC_GetConversionSDADC13Value                   build/stm32f37x_sdadc.o
SDADC_GetConversionValue                          build/stm32f37x_sdadc.o
SDADC_GetFlagStatus                               build/stm32f37x_sdadc.o
SDADC_GetITStatus                                 build/stm32f37x_sdadc.o
SDADC_GetInjectedChannel                          build/stm32f37x_sdadc.o
SDADC_GetInjectedConversionSDADC12Value           build/stm32f37x_sdadc.o
SDADC_GetInjectedConversionSDADC13Value           build/stm32f37x_sdadc.o
SDADC_GetInjectedConversionValue                  build/stm32f37x_sdadc.o
SDADC_ITConfig                                    build/stm32f37x_sdadc.o
SDADC_Init                                        build/stm32f37x_sdadc.o
SDADC_InitModeCmd                                 build/stm32f37x_sdadc.o
SDADC_InjectedChannelSelect                       build/stm32f37x_sdadc.o
SDADC_InjectedContinuousModeCmd                   build/stm32f37x_sdadc.o
SDADC_InjectedSynchroSDADC1                       build/stm32f37x_sdadc.o
SDADC_PowerDownCmd                                build/stm32f37x_sdadc.o
SDADC_RegularSynchroSDADC1                        build/stm32f37x_sdadc.o
SDADC_SlowClockCmd                                build/stm32f37x_sdadc.o
SDADC_SoftwareStartConv                           build/stm32f37x_sdadc.o
SDADC_SoftwareStartInjectedConv                   build/stm32f37x_sdadc.o
SDADC_StandbyCmd                                  build/stm32f37x_sdadc.o
SDADC_StartCalibration                            build/stm32f37x_sdadc.o
SDADC_StructInit                                  build/stm32f37x_sdadc.o
SDADC_VREFSelect                                  build/stm32f37x_sdadc.o
SPI1_IRQHandler                                   build/startup_stm32f37x_gcc.o
SPI2_IRQHandler                                   build/startup_stm32f37x_gcc.o
SPI3_IRQHandler                                   build/startup_stm32f37x_gcc.o
SPI_BiDirectionalLineConfig                       build/stm32f37x_spi.o
SPI_CRCLengthConfig                               build/stm32f37x_spi.o
SPI_CalculateCRC                                  build/stm32f37x_spi.o
SPI_Cmd                                           build/stm32f37x_spi.o
SPI_DataSizeConfig                                build/stm32f37x_spi.o
SPI_GetCRC                                        build/stm32f37x_spi.o
SPI_GetCRCPolynomial                              build/stm32f37x_spi.o
SPI_GetReceptionFIFOStatus                        build/stm32f37x_spi.o
SPI_GetTransmissionFIFOStatus                     build/stm32f37x_spi.o
SPI_I2S_ClearFlag                                 build/stm32f37x_spi.o
SPI_I2S_DMACmd                                    build/stm32f37x_spi.o
SPI_I2S_DeInit                                    build/stm32f37x_spi.o
SPI_I2S_GetFlagStatus                             build/stm32f37x_spi.o
SPI_I2S_GetITStatus                               build/stm32f37x_spi.o
SPI_I2S_ITConfig                                  build/stm32f37x_spi.o
SPI_I2S_ReceiveData16                             build/stm32f37x_spi.o
SPI_I2S_SendData16                                build/stm32f37x_spi.o
SPI_Init                                          build/stm32f37x_spi.o
SPI_LastDMATransferCmd                            build/stm32f37x_spi.o
SPI_NSSInternalSoftwareConfig                     build/stm32f37x_spi.o
SPI_NSSPulseModeCmd                               build/stm32f37x_spi.o
SPI_ReceiveData8                                  build/stm32f37x_spi.o
SPI_RxFIFOThresholdConfig                         build/stm32f37x_spi.o
SPI_SSOutputCmd                                   build/stm32f37x_spi.o
SPI_SendData8                                     build/stm32f37x_spi.o
SPI_StructInit                                    build/stm32f37x_spi.o
SPI_TIModeCmd                                     build/stm32f37x_spi.o
SPI_TransmitCRC                                   build/stm32f37x_spi.o
SVC_Handler                                       build/stm32f37x_it.o
SYSCFG_BreakConfig                                build/stm32f37x_syscfg.o
SYSCFG_ClearFlag                                  build/stm32f37x_syscfg.o
SYSCFG_DMAChannelRemapConfig                      build/stm32f37x_syscfg.o
SYSCFG_DeInit                                     build/stm32f37x_syscfg.o
SYSCFG_EXTILineConfig                             build/stm32f37x_syscfg.o
SYSCFG_GetFlagStatus                              build/stm32f37x_syscfg.o
SYSCFG_I2CFastModePlusConfig                      build/stm32f37x_syscfg.o
SYSCFG_ITConfig                                   build/stm32f37x_syscfg.o
SYSCFG_MemoryRemapConfig                          build/stm32f37x_syscfg.o
SYSCFG_VBATMonitoringCmd                          build/stm32f37x_syscfg.o
Set_Voltage_Limit                                 build/DLT645.o
SysTick_CLKSourceConfig                           build/stm32f37x_misc.o
                                                  build/main.o
SysTick_Handler                                   build/stm32f37x_it.o
SystemCoreClock                                   build/system_stm32f37x.o
                                                  build/Time.o
                                                  build/main.o
SystemCoreClockUpdate                             build/system_stm32f37x.o
SystemInit                                        build/system_stm32f37x.o
                                                  build/startup_stm32f37x_gcc.o
TAMPER_STAMP_IRQHandler                           build/startup_stm32f37x_gcc.o
TIM12_IRQHandler                                  build/startup_stm32f37x_gcc.o
TIM13_IRQHandler                                  build/startup_stm32f37x_gcc.o
TIM14_IRQHandler                                  build/startup_stm32f37x_gcc.o
TIM15_IRQHandler                                  build/startup_stm32f37x_gcc.o
TIM16_IRQHandler                                  build/startup_stm32f37x_gcc.o
TIM17_IRQHandler                                  build/startup_stm32f37x_gcc.o
TIM18_DAC2_IRQHandler                             build/startup_stm32f37x_gcc.o
TIM19_IRQHandler                                  build/startup_stm32f37x_gcc.o
TIM2_IRQHandler                                   build/stm32f37x_it.o
TIM3_IRQHandler                                   build/startup_stm32f37x_gcc.o
TIM4_IRQHandler                                   build/startup_stm32f37x_gcc.o
TIM5_IRQHandler                                   build/stm32f37x_it.o
TIM6_DAC1_IRQHandler                              build/startup_stm32f37x_gcc.o
TIM7_IRQHandler                                   build/startup_stm32f37x_gcc.o
TIM_ARRPreloadConfig                              build/stm32f37x_tim.o
TIM_BDTRConfig                                    build/stm32f37x_tim.o
TIM_BDTRStructInit                                build/stm32f37x_tim.o
TIM_CCPreloadControl                              build/stm32f37x_tim.o
TIM_CCxCmd                                        build/stm32f37x_tim.o
                                                  build/Time.o
TIM_CCxNCmd                                       build/stm32f37x_tim.o
TIM_ClearFlag                                     build/stm32f37x_tim.o
TIM_ClearITPendingBit                             build/stm32f37x_tim.o
                                                  build/stm32f37x_it.o
TIM_ClearOC1Ref                                   build/stm32f37x_tim.o
TIM_ClearOC2Ref                                   build/stm32f37x_tim.o
TIM_ClearOC3Ref                                   build/stm32f37x_tim.o