Archive member included to satisfy reference by file (symbol)

d:/gcc-arm-none-eabi-5_4-2016q3-20160926-win32/bin/../lib/gcc/arm-none-eabi/5.4.1/../../../../arm-none-eabi/lib/armv7e-m/fpu\libc_nano.a(lib_a-exit.o)
                              d:/gcc-arm-none-eabi-5_4-2016q3-20160926-win32/bin/../lib/gcc/arm-none-eabi/5.4.1/../../../../arm-none-eabi/lib/armv7e-m/fpu/crt0.o (exit)
d:/gcc-arm-none-eabi-5_4-2016q3-20160926-win32/bin/../lib/gcc/arm-none-eabi/5.4.1/../../../../arm-none-eabi/lib/armv7e-m/fpu\libc_nano.a(lib_a-impure.o)
                              d:/gcc-arm-none-eabi-5_4-2016q3-20160926-win32/bin/../lib/gcc/arm-none-eabi/5.4.1/../../../../arm-none-eabi/lib/armv7e-m/fpu\libc_nano.a(lib_a-exit.o) (_global_impure_ptr)
d:/gcc-arm-none-eabi-5_4-2016q3-20160926-win32/bin/../lib/gcc/arm-none-eabi/5.4.1/../../../../arm-none-eabi/lib/armv7e-m/fpu\libc_nano.a(lib_a-init.o)
                              d:/gcc-arm-none-eabi-5_4-2016q3-20160926-win32/bin/../lib/gcc/arm-none-eabi/5.4.1/../../../../arm-none-eabi/lib/armv7e-m/fpu/crt0.o (__libc_init_array)
d:/gcc-arm-none-eabi-5_4-2016q3-20160926-win32/bin/../lib/gcc/arm-none-eabi/5.4.1/../../../../arm-none-eabi/lib/armv7e-m/fpu\libc_nano.a(lib_a-memset.o)
                              d:/gcc-arm-none-eabi-5_4-2016q3-20160926-win32/bin/../lib/gcc/arm-none-eabi/5.4.1/../../../../arm-none-eabi/lib/armv7e-m/fpu/crt0.o (memset)
d:/gcc-arm-none-eabi-5_4-2016q3-20160926-win32/bin/../lib/gcc/arm-none-eabi/5.4.1/../../../../arm-none-eabi/lib/armv7e-m/fpu\libc_nano.a(lib_a-reent.o)
                              build/syscalls.o (errno)
d:/gcc-arm-none-eabi-5_4-2016q3-20160926-win32/bin/../lib/gcc/arm-none-eabi/5.4.1/../../../../arm-none-eabi/lib/armv7e-m/fpu\libc_nano.a(lib_a-strchr.o)
                              build/protocol.o (strchr)
d:/gcc-arm-none-eabi-5_4-2016q3-20160926-win32/bin/../lib/gcc/arm-none-eabi/5.4.1/../../../../arm-none-eabi/lib/armv7e-m/fpu\libc_nano.a(lib_a-nano-freer.o)
                              d:/gcc-arm-none-eabi-5_4-2016q3-20160926-win32/bin/../lib/gcc/arm-none-eabi/5.4.1/../../../../arm-none-eabi/lib/armv7e-m/fpu\libc_nano.a(lib_a-reent.o) (_free_r)
d:/gcc-arm-none-eabi-5_4-2016q3-20160926-win32/bin/../lib/gcc/arm-none-eabi/5.4.1/../../../../arm-none-eabi/lib/armv7e-m/fpu\libc_nano.a(lib_a-nano-mallocr.o)
                              d:/gcc-arm-none-eabi-5_4-2016q3-20160926-win32/bin/../lib/gcc/arm-none-eabi/5.4.1/../../../../arm-none-eabi/lib/armv7e-m/fpu\libc_nano.a(lib_a-nano-freer.o) (__malloc_free_list)
d:/gcc-arm-none-eabi-5_4-2016q3-20160926-win32/bin/../lib/gcc/arm-none-eabi/5.4.1/../../../../arm-none-eabi/lib/armv7e-m/fpu\libc_nano.a(lib_a-sbrkr.o)
                              d:/gcc-arm-none-eabi-5_4-2016q3-20160926-win32/bin/../lib/gcc/arm-none-eabi/5.4.1/../../../../arm-none-eabi/lib/armv7e-m/fpu\libc_nano.a(lib_a-nano-mallocr.o) (_sbrk_r)
d:/gcc-arm-none-eabi-5_4-2016q3-20160926-win32/bin/../lib/gcc/arm-none-eabi/5.4.1/../../../../arm-none-eabi/lib/armv7e-m/fpu\libc_nano.a(lib_a-mlock.o)
                              d:/gcc-arm-none-eabi-5_4-2016q3-20160926-win32/bin/../lib/gcc/arm-none-eabi/5.4.1/../../../../arm-none-eabi/lib/armv7e-m/fpu\libc_nano.a(lib_a-nano-freer.o) (__malloc_lock)
d:/gcc-arm-none-eabi-5_4-2016q3-20160926-win32/bin/../lib/gcc/arm-none-eabi/5.4.1/armv7e-m/fpu\libgcc.a(_aeabi_uldivmod.o)
                              build/DLT645.o (__aeabi_uldivmod)
d:/gcc-arm-none-eabi-5_4-2016q3-20160926-win32/bin/../lib/gcc/arm-none-eabi/5.4.1/armv7e-m/fpu\libgcc.a(_udivmoddi4.o)
                              d:/gcc-arm-none-eabi-5_4-2016q3-20160926-win32/bin/../lib/gcc/arm-none-eabi/5.4.1/armv7e-m/fpu\libgcc.a(_aeabi_uldivmod.o) (__udivmoddi4)
d:/gcc-arm-none-eabi-5_4-2016q3-20160926-win32/bin/../lib/gcc/arm-none-eabi/5.4.1/armv7e-m/fpu\libgcc.a(_dvmd_tls.o)
                              d:/gcc-arm-none-eabi-5_4-2016q3-20160926-win32/bin/../lib/gcc/arm-none-eabi/5.4.1/armv7e-m/fpu\libgcc.a(_aeabi_uldivmod.o) (__aeabi_ldiv0)

Allocating common symbols
Common symbol       size              file

ucApp_Buf_ZD2DB     0x3e8             build/DLT645.o
errno               0x4               d:/gcc-arm-none-eabi-5_4-2016q3-20160926-win32/bin/../lib/gcc/arm-none-eabi/5.4.1/../../../../arm-none-eabi/lib/armv7e-m/fpu\libc_nano.a(lib_a-reent.o)
gSystickAccuracy    0x4               build/main.o
stCollData          0x5fc             build/main.o
ucApp_Buf_DB2ZD     0x3e8             build/DLT645.o
Voltage_MAX         0x4               build/DLT645.o
TICKS               0x4               build/Time.o
TransFormer         0x10              build/DLT645.o
uwBaudelay          0x4               build/main.o
Voltage_MIN         0x4               build/DLT645.o
ucDayfrozen_Modify_Ratio
                    0x1               build/DLT645.o
Voltage_Frame_Status
                    0x1               build/DLT645.o
ucApp_Buf_INFR      0x3e8             build/DLT645.o

[...]
Memory Configuration

Name             Origin             Length             Attributes
FLASH            0x08000000         0x00020000         xr
RAM              0x20000000         0x00006000         xrw
MEMORY_B1        0x60000000         0x00000000         xr
*default*        0x00000000         0xffffffff

Linker script and memory map

LOAD d:/gcc-arm-none-eabi-5_4-2016q3-20160926-win32/bin/../lib/gcc/arm-none-eabi/5.4.1/armv7e-m/fpu/crti.o
LOAD d:/gcc-arm-none-eabi-5_4-2016q3-20160926-win32/bin/../lib/gcc/arm-none-eabi/5.4.1/armv7e-m/fpu/crtbegin.o
LOAD d:/gcc-arm-none-eabi-5_4-2016q3-20160926-win32/bin/../lib/gcc/arm-none-eabi/5.4.1/../../../../arm-none-eabi/lib/armv7e-m/fpu/crt0.o
LOAD build/stm32f37x_adc.o
LOAD build/stm32f37x_can.o
LOAD build/stm32f37x_cec.o
LOAD build/stm32f37x_comp.o
LOAD build/stm32f37x_crc.o
LOAD build/stm32f37x_dac.o
LOAD build/stm32f37x_dbgmcu.o
LOAD build/stm32f37x_dma.o
LOAD build/stm32f37x_exti.o
LOAD build/stm32f37x_flash.o
LOAD build/stm32f37x_gpio.o
LOAD build/stm32f37x_i2c.o
LOAD build/stm32f37x_iwdg.o
LOAD build/stm32f37x_misc.o
LOAD build/stm32f37x_pwr.o
LOAD build/stm32f37x_rcc.o
LOAD build/stm32f37x_rtc.o
LOAD build/stm32f37x_sdadc.o
LOAD build/stm32f37x_spi.o
LOAD build/stm32f37x_syscfg.o
LOAD build/stm32f37x_tim.o
LOAD build/stm32f37x_usart.o
LOAD build/stm32f37x_wwdg.o
LOAD build/DLT645.o
LOAD build/DLT698.o
LOAD build/Flash.o
LOAD build/GPIO.o
LOAD build/main.o
LOAD build/protocol.o
LOAD build/stm32f37x_it.o
LOAD build/syscalls.o
LOAD build/system_stm32f37x.o
LOAD build/Time.o
LOAD build/Uart.o
LOAD build/startup_stm32f37x_gcc.o
LOAD d:/gcc-arm-none-eabi-5_4-2016q3-20160926-win32/bin/../lib/gcc/arm-none-eabi/5.4.1/../../../../arm-none-eabi/lib/armv7e-m/fpu\libc_nano.a
LOAD d:/gcc-arm-none-eabi-5_4-2016q3-20160926-win32/bin/../lib/gcc/arm-none-eabi/5.4.1/../../../../arm-none-eabi/lib/armv7e-m/fpu\libm.a
LOAD d:/gcc-arm-none-eabi-5_4-2016q3-20160926-win32/bin/../lib/gcc/arm-none-eabi/5.4.1/../../../../arm-none-eabi/lib/armv7e-m/fpu\libnosys.a
START GROUP
LOAD d:/gcc-arm-none-eabi-5_4-2016q3-20160926-win32/bin/../lib/gcc/arm-none-eabi/5.4.1/armv7e-m/fpu\libgcc.a
LOAD d:/gcc-arm-none-eabi-5_4-2016q3-20160926-win32/bin/../lib/gcc/arm-none-eabi/5.4.1/../../../../arm-none-eabi/lib/armv7e-m/fpu\libc_nano.a
END GROUP
START GROUP
LOAD d:/gcc-arm-none-eabi-5_4-2016q3-20160926-win32/bin/../lib/gcc/arm-none-eabi/5.4.1/armv7e-m/fpu\libgcc.a
LOAD d:/gcc-arm-none-eabi-5_4-2016q3-20160926-win32/bin/../lib/gcc/arm-none-eabi/5.4.1/../../../../arm-none-eabi/lib/armv7e-m/fpu\libc_nano.a
END GROUP
LOAD d:/gcc-arm-none-eabi-5_4-2016q3-20160926-win32/bin/../lib/gcc/arm-none-eabi/5.4.1/armv7e-m/fpu/crtend.o
LOAD d:/gcc-arm-none-eabi-5_4-2016q3-20160926-win32/bin/../lib/gcc/arm-none-eabi/5.4.1/armv7e-m/fpu/crtn.o
                0x20006000                _estack = 0x20006000
                0x00000100                _Min_Heap_Size = 0x100
                0x00000200                _Min_Stack_Size = 0x200

.isr_vector     0x08000000      0x188
                0x08000000                . = ALIGN (0x4)
 *(.isr_vector)
 .isr_vector    0x08000000      0x188 build/startup_stm32f37x_gcc.o
                0x08000000                g_pfnVectors
                0x08000188                . = ALIGN (0x4)

.eh_frame       0x08000188        0x0
 .eh_frame      0x08000188        0x0 d:/gcc-arm-none-eabi-5_4-2016q3-20160926-win32/bin/../lib/gcc/arm-none-eabi/5.4.1/armv7e-m/fpu/crtbegin.o

.text           0x08000188     0x5bb0
                0x08000188                . = ALIGN (0x4)
 *(.text)
 .text          0x08000188       0x5c d:/gcc-arm-none-eabi-5_4-2016q3-20160926-win32/bin/../lib/gcc/arm-none-eabi/5.4.1/armv7e-m/fpu/crtbegin.o
 .text          0x080001e4       0x30 d:/gcc-arm-none-eabi-5_4-2016q3-20160926-win32/bin/../lib/gcc/arm-none-eabi/5.4.1/armv7e-m/fpu\libgcc.a(_aeabi_uldivmod.o)
                0x080001e4                __aeabi_uldivmod
 .text          0x08000214      0x2e4 d:/gcc-arm-none-eabi-5_4-2016q3-20160926-win32/bin/../lib/gcc/arm-none-eabi/5.4.1/armv7e-m/fpu\libgcc.a(_udivmoddi4.o)
                0x08000214                __udivmoddi4
 .text          0x080004f8        0x4 d:/gcc-arm-none-eabi-5_4-2016q3-20160926-win32/bin/../lib/gcc/arm-none-eabi/5.4.1/armv7e-m/fpu\libgcc.a(_dvmd_tls.o)
                0x080004f8                __aeabi_idiv0
                0x080004f8                __aeabi_ldiv0
 *(.text*)
 .text.EXTI_DeInit
                0x080004fc       0x1c build/stm32f37x_exti.o
                0x080004fc                EXTI_DeInit
 .text.EXTI_Init
                0x08000518       0x90 build/stm32f37x_exti.o
                0x08000518                EXTI_Init
 .text.EXTI_GetITStatus
                0x080005a8       0x20 build/stm32f37x_exti.o
                0x080005a8                EXTI_GetITStatus
 .text.EXTI_ClearITPendingBit
                0x080005c8        0xc build/stm32f37x_exti.o
                0x080005c8                EXTI_ClearITPendingBit
 .text.FLASH_SetLatency
                0x080005d4       0x14 build/stm32f37x_flash.o
                0x080005d4                FLASH_SetLatency
 .text.FLASH_Unlock
                0x080005e8       0x20 build/stm32f37x_flash.o
                0x080005e8                FLASH_Unlock
 .text.FLASH_Lock
                0x08000608       0x10 build/stm32f37x_flash.o
                0x08000608                FLASH_Lock
 .text.FLASH_ClearFlag
                0x08000618        0xc build/stm32f37x_flash.o
                0x08000618                FLASH_ClearFlag
 .text.FLASH_GetStatus
                0x08000624       0x34 build/stm32f37x_flash.o
                0x08000624                FLASH_GetStatus
 .text.FLASH_WaitForLastOperation
                0x08000658       0x20 build/stm32f37x_flash.o
                0x08000658                FLASH_WaitForLastOperation
 .text.FLASH_ErasePage
                0x08000678       0x3c build/stm32f37x_flash.o
                0x08000678                FLASH_ErasePage
 .text.FLASH_ProgramWord
                0x080006b4       0x64 build/stm32f37x_flash.o
                0x080006b4                FLASH_ProgramWord
 .text.GPIO_Init
                0x08000718       0x94 build/stm32f37x_gpio.o
                0x08000718                GPIO_Init
 .text.GPIO_ReadInputDataBit
                0x080007ac       0x10 build/stm32f37x_gpio.o
                0x080007ac                GPIO_ReadInputDataBit
 .text.GPIO_ReadOutputDataBit
                0x080007bc       0x10 build/stm32f37x_gpio.o
                0x080007bc                GPIO_ReadOutputDataBit
 .text.GPIO_WriteBit
                0x080007cc        0xc build/stm32f37x_gpio.o
                0x080007cc                GPIO_WriteBit
 .text.GPIO_PinAFConfig
                0x080007d8       0x30 build/stm32f37x_gpio.o
                0x080007d8                GPIO_PinAFConfig
 .text.NVIC_PriorityGroupConfig
                0x08000808       0x14 build/stm32f37x_misc.o
                0x08000808                NVIC_PriorityGroupConfig
 .text.NVIC_Init
                0x0800081c       0x64 build/stm32f37x_misc.o
                0x0800081c                NVIC_Init
 .text.RCC_GetClocksFreq
                0x08000880      0x1d8 build/stm32f37x_rcc.o
                0x08000880                RCC_GetClocksFreq
 .text.RCC_AHBPeriphClockCmd
                0x08000a58       0x1c build/stm32f37x_rcc.o
                0x08000a58                RCC_AHBPeriphClockCmd
 .text.RCC_APB2PeriphClockCmd
                0x08000a74       0x1c build/stm32f37x_rcc.o
                0x08000a74                RCC_APB2PeriphClockCmd
 .text.RCC_APB1PeriphClockCmd
                0x08000a90       0x1c build/stm32f37x_rcc.o
                0x08000a90                RCC_APB1PeriphClockCmd
 .text.RCC_APB2PeriphResetCmd
                0x08000aac       0x1c build/stm32f37x_rcc.o
                0x08000aac                RCC_APB2PeriphResetCmd
 .text.RCC_APB1PeriphResetCmd
                0x08000ac8       0x1c build/stm32f37x_rcc.o
                0x08000ac8                RCC_APB1PeriphResetCmd
 .text.SYSCFG_EXTILineConfig
                0x08000ae4       0x34 build/stm32f37x_syscfg.o
                0x08000ae4                SYSCFG_EXTILineConfig
 .text.TIM_TimeBaseInit
                0x08000b18       0x88 build/stm32f37x_tim.o
                0x08000b18                TIM_TimeBaseInit
 .text.TIM_Cmd  0x08000ba0       0x1c build/stm32f37x_tim.o
                0x08000ba0                TIM_Cmd
 .text.TIM_OC2Init
                0x08000bbc       0x48 build/stm32f37x_tim.o
                0x08000bbc                TIM_OC2Init
 .text.TIM_OC2PreloadConfig
                0x08000c04       0x14 build/stm32f37x_tim.o
                0x08000c04                TIM_OC2PreloadConfig
 .text.TIM_CCxCmd
                0x08000c18       0x24 build/stm32f37x_tim.o
                0x08000c18                TIM_CCxCmd
 .text.TIM_ITConfig
                0x08000c3c       0x18 build/stm32f37x_tim.o
                0x08000c3c                TIM_ITConfig
 .text.TIM_GetITStatus
                0x08000c54       0x18 build/stm32f37x_tim.o
                0x08000c54                TIM_GetITStatus
 .text.TIM_ClearITPendingBit
                0x08000c6c        0x8 build/stm32f37x_tim.o
                0x08000c6c                TIM_ClearITPendingBit
 .text.USART_DeInit
                0x08000c74       0x64 build/stm32f37x_usart.o
                0x08000c74                USART_DeInit
 .text.USART_Init
                0x08000cd8       0xac build/stm32f37x_usart.o
                0x08000cd8                USART_Init
 .text.USART_Cmd
                0x08000d84       0x18 build/stm32f37x_usart.o
                0x08000d84                USART_Cmd
 .text.USART_OverSampling8Cmd
                0x08000d9c       0x18 build/stm32f37x_usart.o
                0x08000d9c                USART_OverSampling8Cmd
 .text.USART_SendData
                0x08000db4        0x8 build/stm32f37x_usart.o
                0x08000db4                USART_SendData
 .text.USART_ReceiveData
                0x08000dbc        0x8 build/stm32f37x_usart.o
                0x08000dbc                USART_ReceiveData
 .text.USART_ITConfig
                0x08000dc4       0x38 build/stm32f37x_usart.o
                0x08000dc4                USART_ITConfig
 .text.USART_GetFlagStatus
                0x08000dfc       0x10 build/stm32f37x_usart.o
                0x08000dfc                USART_GetFlagStatus
 .text.USART_ClearFlag
                0x08000e0c        0x4 build/stm32f37x_usart.o
                0x08000e0c                USART_ClearFlag
 .text.USART_GetITStatus
                0x08000e10       0x44 build/stm32f37x_usart.o
                0x08000e10                USART_GetITStatus
 .text.USART_ClearITPendingBit
                0x08000e54        0xc build/stm32f37x_usart.o
                0x08000e54                USART_ClearITPendingBit
 .text.dwCheckFrame
                0x08000e60       0x48 build/DLT645.o
 .text.BCD_Verity
                0x08000ea8       0x4c build/DLT645.o
 .text.Get_Voltage
                0x08000ef4       0x34 build/DLT645.o
 .text.vGet_Current
                0x08000f28       0x5c build/DLT645.o
 .text.vPut_Current
                0x08000f84       0xc4 build/DLT645.o
 .text.blCurrentSingle_Modify_Method
                0x08001048      0x1b4 build/DLT645.o
 .text.vCurrentTriple_Modify_Method
                0x080011fc       0x30 build/DLT645.o
 .text.vCurrent_Modify
                0x0800122c      0x27c build/DLT645.o
                0x0800122c                vCurrent_Modify
 .text.vCurrent_Limit_Modify
                0x080014a8        0x4 build/DLT645.o
                0x080014a8                vCurrent_Limit_Modify
 .text.Get_Estatus
                0x080014ac       0x10 build/DLT645.o
 .text.Estatus_Modify_CurrentEvent
                0x080014bc      0x114 build/DLT645.o
                0x080014bc                Estatus_Modify_CurrentEvent
 .text.GetLowByte
                0x080015d0       0x54 build/DLT645.o
 .text.GetHighByte
                0x08001624       0x3c build/DLT645.o
 .text.Get_Energy
                0x08001660       0x68 build/DLT645.o
 .text.Fill_Energy
                0x080016c8       0xc8 build/DLT645.o
 .text.vVoltage_SetMaxMaxValue
                0x08001790        0x4 build/DLT645.o
                0x08001790                vVoltage_SetMaxMaxValue
 .text.vVoltage_SetMinMinValue
                0x08001794        0x4 build/DLT645.o
                0x08001794                vVoltage_SetMinMinValue
 .text.vLoadProfile_Voltage_Modify
                0x08001798       0xa4 build/DLT645.o
                0x08001798                vLoadProfile_Voltage_Modify
 .text.vLoadProfile_Current_Modify
                0x0800183c        0x4 build/DLT645.o
                0x0800183c                vLoadProfile_Current_Modify
 .text.Get_VChange_State
                0x08001840       0xc4 build/DLT645.o
                0x08001840                Get_VChange_State
 .text.Set_Voltage_Limit
                0x08001904       0xfc build/DLT645.o
                0x08001904                Set_Voltage_Limit
 .text.Query_Voltage_Limit
                0x08001a00       0xec build/DLT645.o
                0x08001a00                Query_Voltage_Limit
 .text.Default_Reset
                0x08001aec      0x120 build/DLT645.o
                0x08001aec                Default_Reset
 .text.vCurrent_Limit_Set
                0x08001c0c       0x94 build/DLT645.o
                0x08001c0c                vCurrent_Limit_Set
 .text.vCurrent_CTRatio_Set
                0x08001ca0       0x94 build/DLT645.o
                0x08001ca0                vCurrent_CTRatio_Set
 .text.vCurrent_Limit_ReadSet
                0x08001d34       0xc4 build/DLT645.o
                0x08001d34                vCurrent_Limit_ReadSet
 .text.vCurrent_CTRatio_ReadSet
                0x08001df8       0xb0 build/DLT645.o
                0x08001df8                vCurrent_CTRatio_ReadSet
 .text.vCurrent_TransFormer_Capacity_ReadSet
                0x08001ea8       0xb0 build/DLT645.o
                0x08001ea8                vCurrent_TransFormer_Capacity_ReadSet
 .text.vEnergy_Modify_ReadSet
                0x08001f58       0xcc build/DLT645.o
                0x08001f58                vEnergy_Modify_ReadSet
 .text.vRead_Version
                0x08002024       0xa8 build/DLT645.o
                0x08002024                vRead_Version
 .text.vEnergy_Modify_RaitoSet
                0x080020cc       0xf4 build/DLT645.o
                0x080020cc                vEnergy_Modify_RaitoSet
 .text.vVoltage_SetMinValue
                0x080021c0       0xbc build/DLT645.o
                0x080021c0                vVoltage_SetMinValue
 .text.vEnergy_Modify_ReadValue
                0x0800227c       0xf4 build/DLT645.o
                0x0800227c                vEnergy_Modify_ReadValue
 .text.vVoltage_SetMaxValue
                0x08002370       0xc0 build/DLT645.o
                0x08002370                vVoltage_SetMaxValue
 .text.vEnergy_Modify_AbleSet
                0x08002430       0xfc build/DLT645.o
                0x08002430                vEnergy_Modify_AbleSet
 .text.vEnergy_Modify_Reset
                0x0800252c       0xd8 build/DLT645.o
                0x0800252c                vEnergy_Modify_Reset
 .text.blRecvFrame
                0x08002604      0x100 build/DLT645.o
                0x08002604                blRecvFrame
 .text.vDBDataID_Handle
                0x08002704       0x78 build/DLT645.o
                0x08002704                vDBDataID_Handle
 .text.vINFRDataID_Handle
                0x0800277c       0x58 build/DLT645.o
                0x0800277c                vINFRDataID_Handle
 .text.blVoltage_Create
                0x080027d4      0x1f0 build/DLT645.o
                0x080027d4                blVoltage_Create
 .text.Voltage_Change_Init
                0x080029c4       0x88 build/DLT645.o
                0x080029c4                Voltage_Change_Init
 .text.Voltage_Modifier_Method
                0x08002a4c       0x88 build/DLT645.o
                0x08002a4c                Voltage_Modifier_Method
 .text.Voltage_Modifier
                0x08002ad4      0x208 build/DLT645.o
                0x08002ad4                Voltage_Modifier
 .text.vVoltageHandle
                0x08002cdc       0x24 build/DLT645.o
                0x08002cdc                vVoltageHandle
 .text.vCurrent_Limit_DefaultSet
                0x08002d00       0x74 build/DLT645.o
                0x08002d00                vCurrent_Limit_DefaultSet
 .text.vEnergy_Modify_Init
                0x08002d74       0x34 build/DLT645.o
                0x08002d74                vEnergy_Modify_Init
 .text.vNow_Frozen_Modify_Mothod
                0x08002da8       0xa8 build/DLT645.o
                0x08002da8                vNow_Frozen_Modify_Mothod
 .text.vNowEnergy_Modifier
                0x08002e50      0x254 build/DLT645.o
                0x08002e50                vNowEnergy_Modifier
 .text.vDayfrozen_Modifier
                0x080030a4      0x158 build/DLT645.o
                0x080030a4                vDayfrozen_Modifier
 .text.vAccountEnergy_Modify_Mothod
                0x080031fc       0x18 build/DLT645.o
                0x080031fc                vAccountEnergy_Modify_Mothod
 .text.vAccountEnergy_Modify
                0x08003214      0x148 build/DLT645.o
                0x08003214                vAccountEnergy_Modify
 .text.dwDlt698MsLen
                0x0800335c      0x27c build/DLT698.o
 .text.dwDlt698DataLen
                0x080035d8      0x848 build/DLT698.o
 .text.dwDlt698RSDLen
                0x08003e20      0x1d0 build/DLT698.o
 .text.pppfcs16
                0x08003ff0       0x2c build/DLT698.o
                0x08003ff0                pppfcs16
 .text.dwReCalculateFCS
                0x0800401c       0x24 build/DLT698.o
                0x0800401c                dwReCalculateFCS
 .text.dwUnpackSecurity
                0x08004040       0x68 build/DLT698.o
                0x08004040                dwUnpackSecurity
 .text.dwGet698Apdu
                0x080040a8       0x18 build/DLT698.o
                0x080040a8                dwGet698Apdu
 .text.dwDlt698DataLenByOAD
                0x080040c0       0x18 build/DLT698.o
                0x080040c0                dwDlt698DataLenByOAD
 .text.dwGetOad
                0x080040d8       0x18 build/DLT698.o
                0x080040d8                dwGetOad
 .text.dwGetResponseNormal
                0x080040f0       0xc4 build/DLT698.o
 .text.eDataClass
                0x080041b4       0x40 build/DLT698.o
                0x080041b4                eDataClass
 .text.dwGetResponseRecord
                0x080041f4      0x148 build/DLT698.o
 .text.dwAPduAnalyze
                0x0800433c       0x34 build/DLT698.o
                0x0800433c                dwAPduAnalyze
 .text.v698VoltageModify
                0x08004370       0x50 build/DLT698.o
                0x08004370                v698VoltageModify
 .text.vInterFlash_Init
                0x080043c0       0x10 build/Flash.o
                0x080043c0                vInterFlash_Init
 .text.Flash_Write_Word
                0x080043d0       0x88 build/Flash.o
                0x080043d0                Flash_Write_Word
 .text.Flash_Read_Word
                0x08004458        0x4 build/Flash.o
                0x08004458                Flash_Read_Word
 .text.EEProm_Read
                0x0800445c        0x8 build/Flash.o
                0x0800445c                EEProm_Read
 .text.vGPIO_Init
                0x08004464      0x140 build/GPIO.o
                0x08004464                vGPIO_Init
 .text.vExti_Init
                0x080045a4       0x74 build/GPIO.o
                0x080045a4                vExti_Init
 .text.vFeedExtWatchDog
                0x08004618       0x2c build/GPIO.o
                0x08004618                vFeedExtWatchDog
 .text.vLed_Light
                0x08004644       0x14 build/GPIO.o
                0x08004644                vLed_Light
 .text.RsvFrameHandle
                0x08004658       0x70 build/main.o
 .text.VoltageTimeOutHandle
                0x080046c8       0x68 build/main.o
 .text.vLedRun  0x08004730       0x4c build/main.o
 .text.uwFindBaudRate
                0x0800477c       0x3c build/main.o
                0x0800477c                uwFindBaudRate
 .text.vAutoSetBaudrate
                0x080047b8       0x98 build/main.o
 .text.main     0x08004850      0x388 build/main.o
                0x08004850                main
 .text.vUartZD_BaudelayCal
                0x08004bd8       0x40 build/main.o
                0x08004bd8                vUartZD_BaudelayCal
 .text.pGetpFrame
                0x08004c18       0x98 build/protocol.o
                0x08004c18                pGetpFrame
 .text.dlt645_CalCS
                0x08004cb0       0x20 build/protocol.o
                0x08004cb0                dlt645_CalCS
 .text.GetProtocolType
                0x08004cd0       0x6c build/protocol.o
                0x08004cd0                GetProtocolType
 .text.dwUartCopy
                0x08004d3c       0x40 build/protocol.o
                0x08004d3c                dwUartCopy
 .text.NMI_Handler
                0x08004d7c        0x4 build/stm32f37x_it.o
                0x08004d7c                NMI_Handler
 .text.HardFault_Handler
                0x08004d80        0x4 build/stm32f37x_it.o
                0x08004d80                HardFault_Handler
 .text.MemManage_Handler
                0x08004d84        0x4 build/stm32f37x_it.o
                0x08004d84                MemManage_Handler
 .text.BusFault_Handler
                0x08004d88        0x4 build/stm32f37x_it.o
                0x08004d88                BusFault_Handler
 .text.UsageFault_Handler
                0x08004d8c        0x4 build/stm32f37x_it.o
                0x08004d8c                UsageFault_Handler
 .text.SVC_Handler
                0x08004d90        0x4 build/stm32f37x_it.o
                0x08004d90                SVC_Handler
 .text.DebugMon_Handler
                0x08004d94        0x4 build/stm32f37x_it.o
                0x08004d94                DebugMon_Handler
 .text.PendSV_Handler
                0x08004d98        0x4 build/stm32f37x_it.o
                0x08004d98                PendSV_Handler
 .text.SysTick_Handler
                0x08004d9c       0x10 build/stm32f37x_it.o
                0x08004d9c                SysTick_Handler
 .text.USART1_IRQHandler
                0x08004dac      0x100 build/stm32f37x_it.o
                0x08004dac                USART1_IRQHandler
 .text.USART2_IRQHandler
                0x08004eac      0x100 build/stm32f37x_it.o
                0x08004eac                USART2_IRQHandler
 .text.USART3_IRQHandler
                0x08004fac       0xf4 build/stm32f37x_it.o
                0x08004fac                USART3_IRQHandler
 .text.TIM2_IRQHandler
                0x080050a0       0x48 build/stm32f37x_it.o
                0x080050a0                TIM2_IRQHandler
 .text.TIM5_IRQHandler
                0x080050e8        0x4 build/stm32f37x_it.o
                0x080050e8                TIM5_IRQHandler
 .text.EXTI9_5_IRQHandler
                0x080050ec       0x1c build/stm32f37x_it.o
                0x080050ec                EXTI9_5_IRQHandler
 .text.SetSysClock
                0x08005108       0xb0 build/system_stm32f37x.o
 .text.SystemInit
                0x080051b8       0x6c build/system_stm32f37x.o
                0x080051b8                SystemInit
 .text.vIRQ_TIME_Config
                0x08005224       0x3c build/Time.o
 .text.vSystickSetAccuracy
                0x08005260       0x34 build/Time.o
                0x08005260                vSystickSetAccuracy
 .text.vSystickIntCmd
                0x08005294       0x2c build/Time.o
                0x08005294                vSystickIntCmd
 .text.vTimer_Init
                0x080052c0       0xbc build/Time.o
                0x080052c0                vTimer_Init
 .text.blTime2_Update
                0x0800537c        0xc build/Time.o
                0x0800537c                blTime2_Update
 .text.blDrv_Buf_IsEmpty
                0x08005388       0x14 build/Uart.o
                0x08005388                blDrv_Buf_IsEmpty
 .text.blDrv_Buf_IsFull
                0x0800539c       0x2c build/Uart.o
                0x0800539c                blDrv_Buf_IsFull
 .text.Uart_DataPut
                0x080053c8       0x10 build/Uart.o
                0x080053c8                Uart_DataPut
 .text.Uart_idleReadEnable
                0x080053d8       0x20 build/Uart.o
                0x080053d8                Uart_idleReadEnable
 .text.Uart_idleReadDisable
                0x080053f8       0x24 build/Uart.o
                0x080053f8                Uart_idleReadDisable
 .text.uwBuf_EmpLen
                0x0800541c       0x24 build/Uart.o
                0x0800541c                uwBuf_EmpLen
 .text.uwBuf_UnReadLen
                0x08005440       0x24 build/Uart.o
                0x08005440                uwBuf_UnReadLen
 .text.ucDrv_Buf_GetBytes
                0x08005464       0x4c build/Uart.o
                0x08005464                ucDrv_Buf_GetBytes
 .text.ucDrv_Buf_PutBytes
                0x080054b0       0x4c build/Uart.o
                0x080054b0                ucDrv_Buf_PutBytes
 .text.Uart_OnceWrite
                0x080054fc       0xb4 build/Uart.o
                0x080054fc                Uart_OnceWrite
 .text.Uart_IdleRead
                0x080055b0       0xc0 build/Uart.o
                0x080055b0                Uart_IdleRead
 .text.Uart_Read
                0x08005670       0x74 build/Uart.o
                0x08005670                Uart_Read
 .text.vBuf_Clear
                0x080056e4        0xc build/Uart.o
                0x080056e4                vBuf_Clear
 .text.vUart_EnableBaudrate
                0x080056f0      0x13c build/Uart.o
                0x080056f0                vUart_EnableBaudrate
 .text.Reset_Handler
                0x0800582c       0x48 build/startup_stm32f37x_gcc.o
                0x0800582c                Reset_Handler
 .text.Default_Handler
                0x08005874        0x2 build/startup_stm32f37x_gcc.o
                0x08005874                RTC_Alarm_IRQHandler
                0x08005874                USB_HP_IRQHandler
                0x08005874                PVD_IRQHandler
                0x08005874                EXTI3_IRQHandler
                0x08005874                EXTI0_IRQHandler
                0x08005874                I2C2_EV_IRQHandler
                0x08005874                CAN1_RX0_IRQHandler
                0x08005874                FPU_IRQHandler
                0x08005874                EXTI2_TS_IRQHandler
                0x08005874                SPI1_IRQHandler
                0x08005874                DMA2_Channel2_IRQHandler
                0x08005874                DMA1_Channel4_IRQHandler
                0x08005874                ADC1_IRQHandler
                0x08005874                TIM17_IRQHandler
                0x08005874                DMA1_Channel7_IRQHandler
                0x08005874                CAN1_RX1_IRQHandler
                0x08005874                TIM4_IRQHandler
                0x08005874                DMA2_Channel1_IRQHandler
                0x08005874                I2C1_EV_IRQHandler
                0x08005874                DMA1_Channel6_IRQHandler
                0x08005874                TIM16_IRQHandler
                0x08005874                DMA2_Channel4_IRQHandler
                0x08005874                TIM3_IRQHandler
                0x08005874                RCC_IRQHandler
                0x08005874                DMA1_Channel1_IRQHandler
                0x08005874                Default_Handler
                0x08005874                CEC_IRQHandler
                0x08005874                EXTI15_10_IRQHandler
                0x08005874                TIM14_IRQHandler
                0x08005874                TIM13_IRQHandler
                0x08005874                TIM12_IRQHandler
                0x08005874                TIM7_IRQHandler
                0x08005874                SDADC2_IRQHandler
                0x08005874                TIM15_IRQHandler
                0x08005874                TIM6_DAC1_IRQHandler
                0x08005874                TAMPER_STAMP_IRQHandler
                0x08005874                RTC_WKUP_IRQHandler
                0x08005874                SPI2_IRQHandler
                0x08005874                CAN1_TX_IRQHandler
                0x08005874                DMA2_Channel5_IRQHandler
                0x08005874                DMA1_Channel5_IRQHandler
                0x08005874                USB_LP_IRQHandler
                0x08005874                EXTI4_IRQHandler
                0x08005874                TIM18_DAC2_IRQHandler
                0x08005874                DMA1_Channel3_IRQHandler
                0x08005874                COMP_IRQHandler
                0x08005874                WWDG_IRQHandler
                0x08005874                SDADC1_IRQHandler
                0x08005874                EXTI1_IRQHandler
                0x08005874                SDADC3_IRQHandler
                0x08005874                TIM19_IRQHandler
                0x08005874                I2C2_ER_IRQHandler
                0x08005874                DMA1_Channel2_IRQHandler
                0x08005874                CAN1_SCE_IRQHandler
                0x08005874                FLASH_IRQHandler
                0x08005874                SPI3_IRQHandler
                0x08005874                I2C1_ER_IRQHandler
                0x08005874                USBWakeUp_IRQHandler
                0x08005874                DMA2_Channel3_IRQHandler
 *fill*         0x08005876        0x2 
 .text.__libc_init_array
                0x08005878       0x4c d:/gcc-arm-none-eabi-5_4-2016q3-20160926-win32/bin/../lib/gcc/arm-none-eabi/5.4.1/../../../../arm-none-eabi/lib/armv7e-m/fpu\libc_nano.a(lib_a-init.o)
                0x08005878                __libc_init_array
 .text.memset   0x080058c4       0x10 d:/gcc-arm-none-eabi-5_4-2016q3-20160926-win32/bin/../lib/gcc/arm-none-eabi/5.4.1/../../../../arm-none-eabi/lib/armv7e-m/fpu\libc_nano.a(lib_a-memset.o)
                0x080058c4                memset
 .text.strchr   0x080058d4       0x1c d:/gcc-arm-none-eabi-5_4-2016q3-20160926-win32/bin/../lib/gcc/arm-none-eabi/5.4.1/../../../../arm-none-eabi/lib/armv7e-m/fpu\libc_nano.a(lib_a-strchr.o)
                0x080058d4                strchr
 *(.rodata)
 *(.rodata*)
 .rodata.DBDataID_Handle_List
                0x080058f0      0x1a8 build/DLT645.o
                0x080058f0                DBDataID_Handle_List
 .rodata.INFRDataID_Handle_List
                0x08005a98       0x88 build/DLT645.o
                0x08005a98                INFRDataID_Handle_List
 .rodata.fcstab
                0x08005b20      0x200 build/DLT698.o
                0x08005b20                fcstab
 *(.glue_7)
 .glue_7        0x08005d20        0x0 linker stubs
 *(.glue_7t)
 .glue_7t       0x08005d20        0x0 linker stubs
 *(.init)
 .init          0x08005d20        0x4 d:/gcc-arm-none-eabi-5_4-2016q3-20160926-win32/bin/../lib/gcc/arm-none-eabi/5.4.1/armv7e-m/fpu/crti.o
                0x08005d20                _init
 .init          0x08005d24        0x8 d:/gcc-arm-none-eabi-5_4-2016q3-20160926-win32/bin/../lib/gcc/arm-none-eabi/5.4.1/armv7e-m/fpu/crtn.o
 *(.fini)
 .fini          0x08005d2c        0x4 d:/gcc-arm-none-eabi-5_4-2016q3-20160926-win32/bin/../lib/gcc/arm-none-eabi/5.4.1/armv7e-m/fpu/crti.o
                0x08005d2c                _fini
 .fini          0x08005d30        0x8 d:/gcc-arm-none-eabi-5_4-2016q3-20160926-win32/bin/../lib/gcc/arm-none-eabi/5.4.1/armv7e-m/fpu/crtn.o
                0x08005d38                . = ALIGN (0x4)
                0x08005d38                _etext = .

.vfp11_veneer   0x08005d38        0x0
 .vfp11_veneer  0x08005d38        0x0 linker stubs

.v4_bx          0x08005d38        0x0
 .v4_bx         0x08005d38        0x0 linker stubs

.iplt           0x08005d38        0x0
 .iplt          0x08005d38        0x0 d:/gcc-arm-none-eabi-5_4-2016q3-20160926-win32/bin/../lib/gcc/arm-none-eabi/5.4.1/armv7e-m/fpu/crtbegin.o

.ARM.extab
 *(.ARM.extab* .gnu.linkonce.armextab.*)

.ARM            0x08005d38        0x8
                0x08005d38                __exidx_start = .
 *(.ARM.exidx*)
 .ARM.exidx     0x08005d38        0x8 d:/gcc-arm-none-eabi-5_4-2016q3-20160926-win32/bin/../lib/gcc/arm-none-eabi/5.4.1/armv7e-m/fpu\libgcc.a(_udivmoddi4.o)
                0x08005d40                __exidx_end = .

.rel.dyn        0x08005d40        0x0
 .rel.iplt      0x08005d40        0x0 d:/gcc-arm-none-eabi-5_4-2016q3-20160926-win32/bin/../lib/gcc/arm-none-eabi/5.4.1/armv7e-m/fpu/crtbegin.o

.preinit_array  0x08005d40        0x0
                0x08005d40                PROVIDE (__preinit_array_start, .)
 *(.preinit_array*)
                0x08005d40                PROVIDE (__preinit_array_end, .)

.init_array     0x08005d40        0x4
                0x08005d40                PROVIDE (__init_array_start, .)
 *(SORT(.init_array.*))
 *(.init_array*)
 .init_array    0x08005d40        0x4 d:/gcc-arm-none-eabi-5_4-2016q3-20160926-win32/bin/../lib/gcc/arm-none-eabi/5.4.1/armv7e-m/fpu/crtbegin.o
                0x08005d44                PROVIDE (__init_array_end, .)

.fini_array     0x08005d44        0x4
                [!provide]                PROVIDE (__fini_array_start, .)
 *(.fini_array*)
 .fini_array    0x08005d44        0x4 d:/gcc-arm-none-eabi-5_4-2016q3-20160926-win32/bin/../lib/gcc/arm-none-eabi/5.4.1/armv7e-m/fpu/crtbegin.o
 *(SORT(.fini_array.*))
                [!provide]                PROVIDE (__fini_array_end, .)
                0x08005d48                _sidata = .

.data           0x20000000       0x70 load address 0x08005d48
                0x20000000                . = ALIGN (0x4)
                0x20000000                _sdata = .
 *(.data)
 *(.data*)
 .data.ADCPrescTable
                0x20000000        0x4 build/stm32f37x_rcc.o
 .data.SDADCPrescTable
                0x20000004       0x10 build/stm32f37x_rcc.o
 .data.APBAHBPrescTable
                0x20000014       0x10 build/stm32f37x_rcc.o
 .data.C_Voltage
                0x20000024        0x4 build/DLT645.o
                0x20000024                C_Voltage
 .data.UartDB   0x20000028        0xc build/DLT645.o
 .data.pUartDB  0x20000034        0x4 build/DLT645.o
                0x20000034                pUartDB
 .data.pUartZD  0x20000038        0x4 build/DLT645.o
                0x20000038                pUartZD
 .data.B_Voltage
                0x2000003c        0x4 build/DLT645.o
                0x2000003c                B_Voltage
 .data.UartIR   0x20000040        0xc build/DLT645.o
 .data.Dayfrozen_Change_State
                0x2000004c        0x1 build/DLT645.o
                0x2000004c                Dayfrozen_Change_State
 *fill*         0x2000004d        0x3 
 .data.UartZD   0x20000050        0xc build/DLT645.o
 .data.pUartIR  0x2000005c        0x4 build/DLT645.o
                0x2000005c                pUartIR
 .data.A_Voltage
                0x20000060        0x4 build/DLT645.o
                0x20000060                A_Voltage
 .data.irqCount
                0x20000064        0x4 build/main.o
                0x20000064                irqCount
 .data.LAST_TICK.7472
                0x20000068        0x4 build/main.o
 .data.SystemCoreClock
                0x2000006c        0x4 build/system_stm32f37x.o
                0x2000006c                SystemCoreClock
                0x20000070                . = ALIGN (0x4)
                0x20000070                _edata = .

.jcr            0x20000070        0x0 load address 0x08005db8
 .jcr           0x20000070        0x0 d:/gcc-arm-none-eabi-5_4-2016q3-20160926-win32/bin/../lib/gcc/arm-none-eabi/5.4.1/armv7e-m/fpu/crtbegin.o

.igot.plt       0x20000070        0x0 load address 0x08005db8
 .igot.plt      0x20000070        0x0 d:/gcc-arm-none-eabi-5_4-2016q3-20160926-win32/bin/../lib/gcc/arm-none-eabi/5.4.1/armv7e-m/fpu/crtbegin.o
                0x20000070                . = ALIGN (0x4)

.bss            0x20000070     0x29cc load address 0x08005db8
                0x20000070                _sbss = .
                0x20000070                __bss_start__ = _sbss
 *(.bss)
 .bss           0x20000070       0x1c d:/gcc-arm-none-eabi-5_4-2016q3-20160926-win32/bin/../lib/gcc/arm-none-eabi/5.4.1/armv7e-m/fpu/crtbegin.o
 *(.bss*)
 .bss.Uart3_Sndbuf
                0x2000008c      0x3f0 build/DLT645.o
 .bss.Uart3_Rsvbuf
                0x2000047c      0x3f0 build/DLT645.o
 .bss.Voltage_Change_State
                0x2000086c        0x1 build/DLT645.o
                0x2000086c                Voltage_Change_State
 .bss.uc645DataDomainLength
                0x2000086d        0x1 build/DLT645.o
                0x2000086d                uc645DataDomainLength
 *fill*         0x2000086e        0x2 
 .bss.Uart1_Rsvbuf
                0x20000870      0x3f0 build/DLT645.o
 .bss.Bcurrent  0x20000c60        0x8 build/DLT645.o
                0x20000c60                Bcurrent
 .bss.Ccurrent  0x20000c68        0x8 build/DLT645.o
                0x20000c68                Ccurrent
 .bss.ucRcvStatus
                0x20000c70        0x1 build/DLT645.o
                0x20000c70                ucRcvStatus
 *fill*         0x20000c71        0x3 
 .bss.Acurrent  0x20000c74        0x8 build/DLT645.o
                0x20000c74                Acurrent
 .bss.Uart2_Rsvbuf
                0x20000c7c      0x3f0 build/DLT645.o
 .bss.Uart2_Sndbuf
                0x2000106c      0x3f0 build/DLT645.o
 .bss.Uart1_Sndbuf
                0x2000145c      0x3f0 build/DLT645.o
 .bss.FLAG_UartDB_HasData
                0x2000184c        0x1 build/main.o
                0x2000184c                FLAG_UartDB_HasData
 *fill*         0x2000184d        0x3 
 .bss.last_tick.7485
                0x20001850        0x4 build/main.o
 .bss.FLAG_UartZD_HasData
                0x20001854        0x1 build/main.o
                0x20001854                FLAG_UartZD_HasData
 *fill*         0x20001855        0x1 
 .bss.uwTime2FramesCounter
                0x20001856        0x2 build/Time.o
                0x20001856                uwTime2FramesCounter
 .bss.blWordsCounterStatus
                0x20001858        0x1 build/Time.o
                0x20001858                blWordsCounterStatus
 *fill*         0x20001859        0x1 
 .bss.uwTime2WordsCounter
                0x2000185a        0x2 build/Time.o
                0x2000185a                uwTime2WordsCounter
 .bss.blFramesCounterStatus
                0x2000185c        0x1 build/Time.o
                0x2000185c                blFramesCounterStatus
 *(COMMON)
 *fill*         0x2000185d        0x3 
 COMMON         0x20001860      0xbd4 build/DLT645.o
                0x20001860                ucApp_Buf_ZD2DB
                0x20001c48                ucApp_Buf_DB2ZD
                0x20002030                Voltage_MAX
                0x20002034                TransFormer
                0x20002044                Voltage_MIN
                0x20002048                ucDayfrozen_Modify_Ratio
                0x20002049                Voltage_Frame_Status
                0x2000204c                ucApp_Buf_INFR
 COMMON         0x20002434      0x604 build/main.o
                0x20002434                gSystickAccuracy
                0x20002438                stCollData
                0x20002a34                uwBaudelay
 COMMON         0x20002a38        0x4 build/Time.o
                0x20002a38                TICKS
                0x20002a3c                . = ALIGN (0x4)
                0x20002a3c                _ebss = .
                0x20002a3c                __bss_end__ = _ebss
                0x20002a3c                PROVIDE (end, _ebss)
                [!provide]                PROVIDE (_end, _ebss)

._user_heap_stack
                0x20002a3c      0x300 load address 0x08008784
                0x20002a3c                . = ALIGN (0x4)
                0x20002b3c                . = (. + _Min_Heap_Size)
 *fill*         0x20002a3c      0x100 
                0x20002d3c                . = (. + _Min_Stack_Size)
 *fill*         0x20002b3c      0x200 
                0x20002d3c                . = ALIGN (0x4)

.memory_b1_text
 *(.mb1text)
 *(.mb1text*)
 *(.mb1rodata)
 *(.mb1rodata*)

/DISCARD/
 libc.a(*)
 libm.a(*)
 libgcc.a(*)

.ARM.attributes
                0x00000000       0x30
 *(.ARM.attributes)
 .ARM.attributes
                0x00000000       0x22 d:/gcc-arm-none-eabi-5_4-2016q3-20160926-win32/bin/../lib/gcc/arm-none-eabi/5.4.1/armv7e-m/fpu/crti.o
 .ARM.attributes
                0x00000022       0x34 d:/gcc-arm-none-eabi-5_4-2016q3-20160926-win32/bin/../lib/gcc/arm-none-eabi/5.4.1/armv7e-m/fpu/crtbegin.o
 .ARM.attributes
                0x00000056       0x39 build/stm32f37x_exti.o
 .ARM.attributes
                0x0000008f       0x39 build/stm32f37x_flash.o
 .ARM.attributes
                0x000000c8       0x39 build/stm32f37x_gpio.o
 .ARM.attributes
                0x00000101       0x39 build/stm32f37x_misc.o
 .ARM.attributes
                0x0000013a       0x39 build/stm32f37x_rcc.o
 .ARM.attributes
                0x00000173       0x39 build/stm32f37x_syscfg.o
 .ARM.attributes
                0x000001ac       0x39 build/stm32f37x_tim.o
 .ARM.attributes
                0x000001e5       0x39 build/stm32f37x_usart.o
 .ARM.attributes
                0x0000021e       0x39 build/DLT645.o
 .ARM.attributes
                0x00000257       0x39 build/DLT698.o
 .ARM.attributes
                0x00000290       0x39 build/Flash.o
 .ARM.attributes
                0x000002c9       0x39 build/GPIO.o
 .ARM.attributes
                0x00000302       0x39 build/main.o
 .ARM.attributes
                0x0000033b       0x39 build/protocol.o
 .ARM.attributes
                0x00000374       0x39 build/stm32f37x_it.o
 .ARM.attributes
                0x000003ad       0x39 build/system_stm32f37x.o
 .ARM.attributes
                0x000003e6       0x39 build/Time.o
 .ARM.attributes
                0x0000041f       0x39 build/Uart.o
 .ARM.attributes
                0x00000458       0x21 build/startup_stm32f37x_gcc.o
 .ARM.attributes
                0x00000479       0x34 d:/gcc-arm-none-eabi-5_4-2016q3-20160926-win32/bin/../lib/gcc/arm-none-eabi/5.4.1/../../../../arm-none-eabi/lib/armv7e-m/fpu\libc_nano.a(lib_a-init.o)
 .ARM.attributes
                0x000004ad       0x34 d:/gcc-arm-none-eabi-5_4-2016q3-20160926-win32/bin/../lib/gcc/arm-none-eabi/5.4.1/../../../../arm-none-eabi/lib/armv7e-m/fpu\libc_nano.a(lib_a-memset.o)
 .ARM.attributes
                0x000004e1       0x34 d:/gcc-arm-none-eabi-5_4-2016q3-20160926-win32/bin/../lib/gcc/arm-none-eabi/5.4.1/../../../../arm-none-eabi/lib/armv7e-m/fpu\libc_nano.a(lib_a-strchr.o)
 .ARM.attributes
                0x00000515       0x22 d:/gcc-arm-none-eabi-5_4-2016q3-20160926-win32/bin/../lib/gcc/arm-none-eabi/5.4.1/armv7e-m/fpu\libgcc.a(_aeabi_uldivmod.o)
 .ARM.attributes
                0x00000537       0x34 d:/gcc-arm-none-eabi-5_4-2016q3-20160926-win32/bin/../lib/gcc/arm-none-eabi/5.4.1/armv7e-m/fpu\libgcc.a(_udivmoddi4.o)
 .ARM.attributes
                0x0000056b       0x22 d:/gcc-arm-none-eabi-5_4-2016q3-20160926-win32/bin/../lib/gcc/arm-none-eabi/5.4.1/armv7e-m/fpu\libgcc.a(_dvmd_tls.o)
 .ARM.attributes
                0x0000058d       0x22 d:/gcc-arm-none-eabi-5_4-2016q3-20160926-win32/bin/../lib/gcc/arm-none-eabi/5.4.1/armv7e-m/fpu/crtn.o
OUTPUT(build/485Relay.elf elf32-littlearm)

.debug_info     0x00000000     0xfa1b
 .debug_info    0x00000000      0x39b build/stm32f37x_exti.o
 .debug_info    0x0000039b      0xbb7 build/stm32f37x_flash.o
 .debug_info    0x00000f52      0x7b9 build/stm32f37x_gpio.o
 .debug_info    0x0000170b      0x5d1 build/stm32f37x_misc.o
 .debug_info    0x00001cdc      0xb82 build/stm32f37x_rcc.o
 .debug_info    0x0000285e      0x37e build/stm32f37x_syscfg.o
 .debug_info    0x00002bdc     0x22b9 build/stm32f37x_tim.o
 .debug_info    0x00004e95     0x1078 build/stm32f37x_usart.o
 .debug_info    0x00005f0d     0x3503 build/DLT645.o
 .debug_info    0x00009410     0x1454 build/DLT698.o
 .debug_info    0x0000a864      0x3c3 build/Flash.o
 .debug_info    0x0000ac27      0x9ee build/GPIO.o
 .debug_info    0x0000b615      0xf26 build/main.o
 .debug_info    0x0000c53b      0x657 build/protocol.o
 .debug_info    0x0000cb92      0xaae build/stm32f37x_it.o
 .debug_info    0x0000d640      0x53d build/system_stm32f37x.o
 .debug_info    0x0000db7d      0xd1c build/Time.o
 .debug_info    0x0000e899     0x1105 build/Uart.o
 .debug_info    0x0000f99e       0x7d build/startup_stm32f37x_gcc.o

.debug_abbrev   0x00000000     0x2570
 .debug_abbrev  0x00000000      0x1e5 build/stm32f37x_exti.o
 .debug_abbrev  0x000001e5      0x207 build/stm32f37x_flash.o
 .debug_abbrev  0x000003ec      0x219 build/stm32f37x_gpio.o
 .debug_abbrev  0x00000605      0x13c build/stm32f37x_misc.o
 .debug_abbrev  0x00000741      0x245 build/stm32f37x_rcc.o
 .debug_abbrev  0x00000986      0x198 build/stm32f37x_syscfg.o
 .debug_abbrev  0x00000b1e      0x1dd build/stm32f37x_tim.o
 .debug_abbrev  0x00000cfb      0x1e5 build/stm32f37x_usart.o
 .debug_abbrev  0x00000ee0      0x35f build/DLT645.o
 .debug_abbrev  0x0000123f      0x32d build/DLT698.o
 .debug_abbrev  0x0000156c      0x166 build/Flash.o
 .debug_abbrev  0x000016d2      0x169 build/GPIO.o
 .debug_abbrev  0x0000183b      0x2ba build/main.o
 .debug_abbrev  0x00001af5      0x1c4 build/protocol.o
 .debug_abbrev  0x00001cb9      0x1f5 build/stm32f37x_it.o
 .debug_abbrev  0x00001eae      0x158 build/system_stm32f37x.o
 .debug_abbrev  0x00002006      0x264 build/Time.o
 .debug_abbrev  0x0000226a      0x2f4 build/Uart.o
 .debug_abbrev  0x0000255e       0x12 build/startup_stm32f37x_gcc.o

.debug_loc      0x00000000     0xc6ba
 .debug_loc     0x00000000      0x1a8 build/stm32f37x_exti.o
 .debug_loc     0x000001a8      0x97c build/stm32f37x_flash.o
 .debug_loc     0x00000b24      0x36b build/stm32f37x_gpio.o
 .debug_loc     0x00000e8f      0x160 build/stm32f37x_misc.o
 .debug_loc     0x00000fef      0x8d1 build/stm32f37x_rcc.o
 .debug_loc     0x000018c0      0x230 build/stm32f37x_syscfg.o
 .debug_loc     0x00001af0     0x1c55 build/stm32f37x_tim.o
 .debug_loc     0x00003745      0x961 build/stm32f37x_usart.o
 .debug_loc     0x000040a6     0x2608 build/DLT645.o
 .debug_loc     0x000066ae     0x46ee build/DLT698.o
 .debug_loc     0x0000ad9c      0x354 build/Flash.o
 .debug_loc     0x0000b0f0       0xb0 build/GPIO.o
 .debug_loc     0x0000b1a0      0x2d6 build/main.o
 .debug_loc     0x0000b476      0x479 build/protocol.o
 .debug_loc     0x0000b8ef       0xa0 build/stm32f37x_it.o
 .debug_loc     0x0000b98f      0x14b build/system_stm32f37x.o
 .debug_loc     0x0000bada       0xe6 build/Time.o
 .debug_loc     0x0000bbc0      0xafa build/Uart.o

.debug_aranges  0x00000000      0xd88
 .debug_aranges
                0x00000000       0x58 build/stm32f37x_exti.o
 .debug_aranges
                0x00000058      0x108 build/stm32f37x_flash.o
 .debug_aranges
                0x00000160       0x80 build/stm32f37x_gpio.o
 .debug_aranges
                0x000001e0       0x40 build/stm32f37x_misc.o
 .debug_aranges
                0x00000220      0x150 build/stm32f37x_rcc.o
 .debug_aranges
                0x00000370       0x68 build/stm32f37x_syscfg.o
 .debug_aranges
                0x000003d8      0x2f0 build/stm32f37x_tim.o
 .debug_aranges
                0x000006c8      0x1a0 build/stm32f37x_usart.o
 .debug_aranges
                0x00000868      0x1c0 build/DLT645.o
 .debug_aranges
                0x00000a28       0x90 build/DLT698.o
 .debug_aranges
                0x00000ab8       0x40 build/Flash.o
 .debug_aranges
                0x00000af8       0x38 build/GPIO.o
 .debug_aranges
                0x00000b30       0x50 build/main.o
 .debug_aranges
                0x00000b80       0x38 build/protocol.o
 .debug_aranges
                0x00000bb8       0x90 build/stm32f37x_it.o
 .debug_aranges
                0x00000c48       0x30 build/system_stm32f37x.o
 .debug_aranges
                0x00000c78       0x40 build/Time.o
 .debug_aranges
                0x00000cb8       0xa8 build/Uart.o
 .debug_aranges
                0x00000d60       0x28 build/startup_stm32f37x_gcc.o

.debug_ranges   0x00000000      0xe28
 .debug_ranges  0x00000000       0x48 build/stm32f37x_exti.o
 .debug_ranges  0x00000048       0xf8 build/stm32f37x_flash.o
 .debug_ranges  0x00000140       0x70 build/stm32f37x_gpio.o
 .debug_ranges  0x000001b0       0x30 build/stm32f37x_misc.o
 .debug_ranges  0x000001e0      0x140 build/stm32f37x_rcc.o
 .debug_ranges  0x00000320       0x58 build/stm32f37x_syscfg.o
 .debug_ranges  0x00000378      0x2e0 build/stm32f37x_tim.o
 .debug_ranges  0x00000658      0x190 build/stm32f37x_usart.o
 .debug_ranges  0x000007e8      0x1b0 build/DLT645.o
 .debug_ranges  0x00000998      0x248 build/DLT698.o
 .debug_ranges  0x00000be0       0x30 build/Flash.o
 .debug_ranges  0x00000c10       0x28 build/GPIO.o
 .debug_ranges  0x00000c38       0x40 build/main.o
 .debug_ranges  0x00000c78       0x28 build/protocol.o
 .debug_ranges  0x00000ca0       0x80 build/stm32f37x_it.o
 .debug_ranges  0x00000d20       0x20 build/system_stm32f37x.o
 .debug_ranges  0x00000d40       0x30 build/Time.o
 .debug_ranges  0x00000d70       0x98 build/Uart.o
 .debug_ranges  0x00000e08       0x20 build/startup_stm32f37x_gcc.o

.debug_line     0x00000000     0x49f8
 .debug_line    0x00000000      0x205 build/stm32f37x_exti.o
 .debug_line    0x00000205      0x41d build/stm32f37x_flash.o
 .debug_line    0x00000622      0x28d build/stm32f37x_gpio.o
 .debug_line    0x000008af      0x1b9 build/stm32f37x_misc.o
 .debug_line    0x00000a68      0x48f build/stm32f37x_rcc.o
 .debug_line    0x00000ef7      0x1ed build/stm32f37x_syscfg.o
 .debug_line    0x000010e4      0x933 build/stm32f37x_tim.o
 .debug_line    0x00001a17      0x545 build/stm32f37x_usart.o
 .debug_line    0x00001f5c      0xcfa build/DLT645.o
 .debug_line    0x00002c56      0x872 build/DLT698.o
 .debug_line    0x000034c8      0x1ef build/Flash.o
 .debug_line    0x000036b7      0x218 build/GPIO.o
 .debug_line    0x000038cf      0x33c build/main.o
 .debug_line    0x00003c0b      0x262 build/protocol.o
 .debug_line    0x00003e6d      0x2d7 build/stm32f37x_it.o
 .debug_line    0x00004144      0x1a4 build/system_stm32f37x.o
 .debug_line    0x000042e8      0x222 build/Time.o
 .debug_line    0x0000450a      0x46a build/Uart.o
 .debug_line    0x00004974       0x84 build/startup_stm32f37x_gcc.o

.debug_str      0x00000000     0x4031
 .debug_str     0x00000000      0x343 build/stm32f37x_exti.o
                                0x3a2 (size before relaxing)
 .debug_str     0x00000343      0x408 build/stm32f37x_flash.o
                                0x61b (size before relaxing)
 .debug_str     0x0000074b      0x2fb build/stm32f37x_gpio.o
                                0x508 (size before relaxing)
 .debug_str     0x00000a46      0x218 build/stm32f37x_misc.o
                                0x421 (size before relaxing)
 .debug_str     0x00000c5e      0x58c build/stm32f37x_rcc.o
                                0x7ff (size before relaxing)
 .debug_str     0x000011ea      0x1a6 build/stm32f37x_syscfg.o
                                0x3b4 (size before relaxing)
 .debug_str     0x00001390      0xb6a build/stm32f37x_tim.o
                                0xe43 (size before relaxing)
 .debug_str     0x00001efa      0x6d0 build/stm32f37x_usart.o
                                0xa57 (size before relaxing)
 .debug_str     0x000025ca      0x98a build/DLT645.o
                                0xcbf (size before relaxing)
 .debug_str     0x00002f54      0x67e build/DLT698.o
                                0x8b7 (size before relaxing)
 .debug_str     0x000035d2       0x7f build/Flash.o
                                0x353 (size before relaxing)
 .debug_str     0x00003651      0x445 build/GPIO.o
                                0x9dc (size before relaxing)
 .debug_str     0x00003a96      0x21c build/main.o
                                0x8ca (size before relaxing)
 .debug_str     0x00003cb2       0x6c build/protocol.o
                                0x3e8 (size before relaxing)
 .debug_str     0x00003d1e      0x130 build/stm32f37x_it.o
                                0x5ec (size before relaxing)
 .debug_str     0x00003e4e       0x69 build/system_stm32f37x.o
                                0x356 (size before relaxing)
 .debug_str     0x00003eb7       0x92 build/Time.o
                                0xa88 (size before relaxing)
 .debug_str     0x00003f49       0xe8 build/Uart.o
                                0xb78 (size before relaxing)

.comment        0x00000000       0x6e
 .comment       0x00000000       0x6e build/stm32f37x_exti.o
                                 0x6f (size before relaxing)
 .comment       0x0000006e       0x6f build/stm32f37x_flash.o
 .comment       0x0000006e       0x6f build/stm32f37x_gpio.o
 .comment       0x0000006e       0x6f build/stm32f37x_misc.o
 .comment       0x0000006e       0x6f build/stm32f37x_rcc.o
 .comment       0x0000006e       0x6f build/stm32f37x_syscfg.o
 .comment       0x0000006e       0x6f build/stm32f37x_tim.o
 .comment       0x0000006e       0x6f build/stm32f37x_usart.o
 .comment       0x0000006e       0x6f build/DLT645.o
 .comment       0x0000006e       0x6f build/DLT698.o
 .comment       0x0000006e       0x6f build/Flash.o
 .comment       0x0000006e       0x6f build/GPIO.o
 .comment       0x0000006e       0x6f build/main.o
 .comment       0x0000006e       0x6f build/protocol.o
 .comment       0x0000006e       0x6f build/stm32f37x_it.o
 .comment       0x0000006e       0x6f build/system_stm32f37x.o
 .comment       0x0000006e       0x6f build/Time.o
 .comment       0x0000006e       0x6f build/Uart.o

.debug_frame    0x00000000     0x2370
 .debug_frame   0x00000000       0xa8 build/stm32f37x_exti.o
 .debug_frame   0x000000a8      0x2c8 build/stm32f37x_flash.o
 .debug_frame   0x00000370      0x11c build/stm32f37x_gpio.o
 .debug_frame   0x0000048c       0x60 build/stm32f37x_misc.o
 .debug_frame   0x000004ec      0x2a4 build/stm32f37x_rcc.o
 .debug_frame   0x00000790       0xc0 build/stm32f37x_syscfg.o
 .debug_frame   0x00000850      0x708 build/stm32f37x_tim.o
 .debug_frame   0x00000f58      0x368 build/stm32f37x_usart.o
 .debug_frame   0x000012c0      0x69c build/DLT645.o
 .debug_frame   0x0000195c      0x204 build/DLT698.o
 .debug_frame   0x00001b60       0xa0 build/Flash.o
 .debug_frame   0x00001c00       0x9c build/GPIO.o
 .debug_frame   0x00001c9c       0xd0 build/main.o
 .debug_frame   0x00001d6c       0xa0 build/protocol.o
 .debug_frame   0x00001e0c      0x148 build/stm32f37x_it.o
 .debug_frame   0x00001f54       0x54 build/system_stm32f37x.o
 .debug_frame   0x00001fa8       0x8c build/Time.o
 .debug_frame   0x00002034      0x270 build/Uart.o
 .debug_frame   0x000022a4       0x2c d:/gcc-arm-none-eabi-5_4-2016q3-20160926-win32/bin/../lib/gcc/arm-none-eabi/5.4.1/../../../../arm-none-eabi/lib/armv7e-m/fpu\libc_nano.a(lib_a-init.o)
 .debug_frame   0x000022d0       0x20 d:/gcc-arm-none-eabi-5_4-2016q3-20160926-win32/bin/../lib/gcc/arm-none-eabi/5.4.1/../../../../arm-none-eabi/lib/armv7e-m/fpu\libc_nano.a(lib_a-memset.o)
 .debug_frame   0x000022f0       0x20 d:/gcc-arm-none-eabi-5_4-2016q3-20160926-win32/bin/../lib/gcc/arm-none-eabi/5.4.1/../../../../arm-none-eabi/lib/armv7e-m/fpu\libc_nano.a(lib_a-strchr.o)
 .debug_frame   0x00002310       0x2c d:/gcc-arm-none-eabi-5_4-2016q3-20160926-win32/bin/../lib/gcc/arm-none-eabi/5.4.1/armv7e-m/fpu\libgcc.a(_aeabi_uldivmod.o)
 .debug_frame   0x0000233c       0x34 d:/gcc-arm-none-eabi-5_4-2016q3-20160926-win32/bin/../lib/gcc/arm-none-eabi/5.4.1/armv7e-m/fpu\libgcc.a(_udivmoddi4.o)

Cross Reference Table

Symbol                                            File
ADC1_IRQHandler                                   build/startup_stm32f37x_gcc.o
ADC_AnalogWatchdogCmd                             build/stm32f37x_adc.o
ADC_AnalogWatchdogSingleChannelConfig             build/stm32f37x_adc.o
ADC_AnalogWatchdogThresholdsConfig                build/stm32f37x_adc.o
ADC_AutoInjectedConvCmd                           build/stm32f37x_adc.o
ADC_ClearFlag                                     build/stm32f37x_adc.o
ADC_ClearITPendingBit                             build/stm32f37x_adc.o
ADC_Cmd                                           build/stm32f37x_adc.o
ADC_ContinuousModeCmd                             build/stm32f37x_adc.o
ADC_DMACmd                                        build/stm32f37x_adc.o
ADC_DeInit                                        build/stm32f37x_adc.o
ADC_DiscModeChannelCountConfig                    build/stm32f37x_adc.o
ADC_DiscModeCmd                                   build/stm32f37x_adc.o
ADC_ExternalTrigConvCmd                           build/stm32f37x_adc.o
ADC_ExternalTrigInjectedConvCmd                   build/stm32f37x_adc.o
ADC_ExternalTrigInjectedConvConfig                build/stm32f37x_adc.o
ADC_GetCalibrationStatus                          build/stm32f37x_adc.o
ADC_GetConversionValue                            build/stm32f37x_adc.o
ADC_GetFlagStatus                                 build/stm32f37x_adc.o
ADC_GetITStatus                                   build/stm32f37x_adc.o
ADC_GetInjectedConversionValue                    build/stm32f37x_adc.o
ADC_GetResetCalibrationStatus                     build/stm32f37x_adc.o
ADC_GetSoftwareStartConvStatus                    build/stm32f37x_adc.o
ADC_GetSoftwareStartInjectedConvCmdStatus         build/stm32f37x_adc.o
ADC_ITConfig                                      build/stm32f37x_adc.o
ADC_Init                                          build/stm32f37x_adc.o
ADC_InjectedChannelConfig                         build/stm32f37x_adc.o
ADC_InjectedDiscModeCmd                           build/stm32f37x_adc.o
ADC_InjectedSequencerLengthConfig                 build/stm32f37x_adc.o
ADC_RegularChannelConfig                          build/stm32f37x_adc.o
ADC_ResetCalibration                              build/stm32f37x_adc.o
ADC_SetInjectedOffset                             build/stm32f37x_adc.o
ADC_SoftwareStartConv                             build/stm32f37x_adc.o
ADC_SoftwareStartInjectedConvCmd                  build/stm32f37x_adc.o
ADC_StartCalibration                              build/stm32f37x_adc.o
ADC_StructInit                                    build/stm32f37x_adc.o
ADC_TempSensorVrefintCmd                          build/stm32f37x_adc.o
AHBPrescTable                                     build/system_stm32f37x.o
A_Voltage                                         build/DLT645.o
Acurrent                                          build/DLT645.o
B_Voltage                                         build/DLT645.o
Bcurrent                                          build/DLT645.o
BusFault_Handler                                  build/stm32f37x_it.o
CAN1_RX0_IRQHandler                               build/startup_stm32f37x_gcc.o
CAN1_RX1_IRQHandler                               build/startup_stm32f37x_gcc.o
CAN1_SCE_IRQHandler                               build/startup_stm32f37x_gcc.o
CAN1_TX_IRQHandler                                build/startup_stm32f37x_gcc.o
CAN_CancelTransmit                                build/stm32f37x_can.o
CAN_ClearFlag                                     build/stm32f37x_can.o
CAN_ClearITPendingBit                             build/stm32f37x_can.o
CAN_DBGFreeze                                     build/stm32f37x_can.o
CAN_DeInit                                        build/stm32f37x_can.o
CAN_FIFORelease                                   build/stm32f37x_can.o
CAN_FilterInit                                    build/stm32f37x_can.o
CAN_GetFlagStatus                                 build/stm32f37x_can.o
CAN_GetITStatus                                   build/stm32f37x_can.o
CAN_GetLSBTransmitErrorCounter                    build/stm32f37x_can.o
CAN_GetLastErrorCode                              build/stm32f37x_can.o
CAN_GetReceiveErrorCounter                        build/stm32f37x_can.o
CAN_ITConfig                                      build/stm32f37x_can.o
CAN_Init                                          build/stm32f37x_can.o
CAN_MessagePending                                build/stm32f37x_can.o
CAN_OperatingModeRequest                          build/stm32f37x_can.o
CAN_Receive                                       build/stm32f37x_can.o
CAN_SlaveStartBank                                build/stm32f37x_can.o
CAN_Sleep                                         build/stm32f37x_can.o
CAN_StructInit                                    build/stm32f37x_can.o
CAN_TTComModeCmd                                  build/stm32f37x_can.o
CAN_Transmit                                      build/stm32f37x_can.o
CAN_TransmitStatus                                build/stm32f37x_can.o
CAN_WakeUp                                        build/stm32f37x_can.o
CEC_ClearFlag                                     build/stm32f37x_cec.o
CEC_ClearITPendingBit                             build/stm32f37x_cec.o
CEC_Cmd                                           build/stm32f37x_cec.o
CEC_DeInit                                        build/stm32f37x_cec.o
CEC_EndOfMessage                                  build/stm32f37x_cec.o
CEC_GetFlagStatus                                 build/stm32f37x_cec.o
CEC_GetITStatus                                   build/stm32f37x_cec.o
CEC_IRQHandler                                    build/startup_stm32f37x_gcc.o
CEC_ITConfig                                      build/stm32f37x_cec.o
CEC_Init                                          build/stm32f37x_cec.o
CEC_ListenModeCmd                                 build/stm32f37x_cec.o
CEC_OwnAddressClear                               build/stm32f37x_cec.o
CEC_OwnAddressConfig                              build/stm32f37x_cec.o
CEC_ReceiveData                                   build/stm32f37x_cec.o
CEC_SendData                                      build/stm32f37x_cec.o
CEC_StartOfMessage                                build/stm32f37x_cec.o
CEC_StructInit                                    build/stm32f37x_cec.o
COMP_Cmd                                          build/stm32f37x_comp.o
COMP_DeInit                                       build/stm32f37x_comp.o
COMP_GetOutputLevel                               build/stm32f37x_comp.o
COMP_IRQHandler                                   build/startup_stm32f37x_gcc.o
COMP_Init                                         build/stm32f37x_comp.o
COMP_LockConfig                                   build/stm32f37x_comp.o
COMP_StructInit                                   build/stm32f37x_comp.o
COMP_SwitchCmd                                    build/stm32f37x_comp.o
COMP_WindowCmd                                    build/stm32f37x_comp.o
CRC_CalcBlockCRC                                  build/stm32f37x_crc.o
CRC_CalcCRC                                       build/stm32f37x_crc.o
CRC_CalcCRC16bits                                 build/stm32f37x_crc.o
CRC_CalcCRC8bits                                  build/stm32f37x_crc.o
CRC_DeInit                                        build/stm32f37x_crc.o
CRC_GetCRC                                        build/stm32f37x_crc.o
CRC_GetIDRegister                                 build/stm32f37x_crc.o
CRC_PolynomialSizeSelect                          build/stm32f37x_crc.o
CRC_ResetDR                                       build/stm32f37x_crc.o
CRC_ReverseInputDataSelect                        build/stm32f37x_crc.o
CRC_ReverseOutputDataCmd                          build/stm32f37x_crc.o
CRC_SetIDRegister                                 build/stm32f37x_crc.o
CRC_SetInitRegister                               build/stm32f37x_crc.o
CRC_SetPolynomial                                 build/stm32f37x_crc.o
C_Voltage                                         build/DLT645.o
Ccurrent                                          build/DLT645.o
DAC_ClearFlag                                     build/stm32f37x_dac.o
DAC_ClearITPendingBit                             build/stm32f37x_dac.o
DAC_Cmd                                           build/stm32f37x_dac.o
DAC_DMACmd                                        build/stm32f37x_dac.o
DAC_DeInit                                        build/stm32f37x_dac.o
DAC_DualSoftwareTriggerCmd                        build/stm32f37x_dac.o
DAC_GetDataOutputValue                            build/stm32f37x_dac.o
DAC_GetFlagStatus                                 build/stm32f37x_dac.o
DAC_GetITStatus                                   build/stm32f37x_dac.o
DAC_ITConfig                                      build/stm32f37x_dac.o
DAC_Init                                          build/stm32f37x_dac.o
DAC_SetChannel1Data                               build/stm32f37x_dac.o
DAC_SetChannel2Data                               build/stm32f37x_dac.o
DAC_SetDualChannelData                            build/stm32f37x_dac.o
DAC_SoftwareTriggerCmd                            build/stm32f37x_dac.o
DAC_StructInit                                    build/stm32f37x_dac.o
DAC_WaveGenerationCmd                             build/stm32f37x_dac.o
DBDataID_Handle_List                              build/DLT645.o
DBGMCU_APB1PeriphConfig                           build/stm32f37x_dbgmcu.o
DBGMCU_APB2PeriphConfig                           build/stm32f37x_dbgmcu.o
DBGMCU_Config                                     build/stm32f37x_dbgmcu.o
DBGMCU_GetDEVID                                   build/stm32f37x_dbgmcu.o
DBGMCU_GetREVID                                   build/stm32f37x_dbgmcu.o
DMA1_Channel1_IRQHandler                          build/startup_stm32f37x_gcc.o
DMA1_Channel2_IRQHandler                          build/startup_stm32f37x_gcc.o
DMA1_Channel3_IRQHandler                          build/startup_stm32f37x_gcc.o
DMA1_Channel4_IRQHandler                          build/startup_stm32f37x_gcc.o
DMA1_Channel5_IRQHandler                          build/startup_stm32f37x_gcc.o
DMA1_Channel6_IRQHandler                          build/startup_stm32f37x_gcc.o
DMA1_Channel7_IRQHandler                          build/startup_stm32f37x_gcc.o
DMA2_Channel1_IRQHandler                          build/startup_stm32f37x_gcc.o
DMA2_Channel2_IRQHandler                          build/startup_stm32f37x_gcc.o
DMA2_Channel3_IRQHandler                          build/startup_stm32f37x_gcc.o
DMA2_Channel4_IRQHandler                          build/startup_stm32f37x_gcc.o
DMA2_Channel5_IRQHandler                          build/startup_stm32f37x_gcc.o
DMA_ClearFlag                                     build/stm32f37x_dma.o
DMA_ClearITPendingBit                             build/stm32f37x_dma.o
DMA_Cmd                                           build/stm32f37x_dma.o
DMA_DeInit                                        build/stm32f37x_dma.o
DMA_GetCurrDataCounter                            build/stm32f37x_dma.o
DMA_GetFlagStatus                                 build/stm32f37x_dma.o
DMA_GetITStatus                                   build/stm32f37x_dma.o
DMA_ITConfig                                      build/stm32f37x_dma.o
DMA_Init                                          build/stm32f37x_dma.o
DMA_SetCurrDataCounter                            build/stm32f37x_dma.o
DMA_StructInit                                    build/stm32f37x_dma.o
Dayfrozen_Change_State                            build/DLT645.o
DebugMon_Handler                                  build/stm32f37x_it.o
Default_Handler                                   build/startup_stm32f37x_gcc.o
Default_Reset                                     build/DLT645.o
EEProm_Read                                       build/Flash.o
                                                  build/DLT645.o
EEProm_Write                                      build/Flash.o
EXTI0_IRQHandler                                  build/startup_stm32f37x_gcc.o
EXTI15_10_IRQHandler                              build/startup_stm32f37x_gcc.o
EXTI1_IRQHandler                                  build/startup_stm32f37x_gcc.o
EXTI2_TS_IRQHandler                               build/startup_stm32f37x_gcc.o
EXTI3_IRQHandler                                  build/startup_stm32f37x_gcc.o
EXTI4_IRQHandler                                  build/startup_stm32f37x_gcc.o
EXTI9_5_IRQHandler                                build/stm32f37x_it.o
EXTI_ClearFlag                                    build/stm32f37x_exti.o
EXTI_ClearITPendingBit                            build/stm32f37x_exti.o
                                                  build/stm32f37x_it.o
EXTI_DeInit                                       build/stm32f37x_exti.o
                                                  build/main.o
EXTI_GenerateSWInterrupt                          build/stm32f37x_exti.o
EXTI_GetFlagStatus                                build/stm32f37x_exti.o
EXTI_GetITStatus                                  build/stm32f37x_exti.o
                                                  build/stm32f37x_it.o
EXTI_Init                                         build/stm32f37x_exti.o
                                                  build/GPIO.o
EXTI_StructInit                                   build/stm32f37x_exti.o
Estatus_Modify_CurrentEvent                       build/DLT645.o
FLAG_UartDB_HasData                               build/main.o
                                                  build/stm32f37x_it.o
FLAG_UartZD_HasData                               build/main.o
                                                  build/stm32f37x_it.o
FLASH_ClearFlag                                   build/stm32f37x_flash.o
                                                  build/Flash.o
FLASH_EraseAllPages                               build/stm32f37x_flash.o
FLASH_ErasePage                                   build/stm32f37x_flash.o
                                                  build/Flash.o
                                                  build/DLT645.o
FLASH_GetFlagStatus                               build/stm32f37x_flash.o
FLASH_GetStatus                                   build/stm32f37x_flash.o
FLASH_HalfCycleAccessCmd                          build/stm32f37x_flash.o
FLASH_IRQHandler                                  build/startup_stm32f37x_gcc.o
FLASH_ITConfig                                    build/stm32f37x_flash.o
FLASH_Lock                                        build/stm32f37x_flash.o
                                                  build/Flash.o
                                                  build/DLT645.o
FLASH_OB_BOOTConfig                               build/stm32f37x_flash.o
FLASH_OB_EnableWRP                                build/stm32f37x_flash.o
FLASH_OB_Erase                                    build/stm32f37x_flash.o
FLASH_OB_GetRDP                                   build/stm32f37x_flash.o
FLASH_OB_GetUser                                  build/stm32f37x_flash.o
FLASH_OB_GetWRP                                   build/stm32f37x_flash.o
FLASH_OB_Launch                                   build/stm32f37x_flash.o
FLASH_OB_Lock                                     build/stm32f37x_flash.o
FLASH_OB_ProgramData                              build/stm32f37x_flash.o
FLASH_OB_RDPConfig                                build/stm32f37x_flash.o
FLASH_OB_SRAMParityConfig                         build/stm32f37x_flash.o
FLASH_OB_Unlock                                   build/stm32f37x_flash.o
FLASH_OB_UserConfig                               build/stm32f37x_flash.o
FLASH_OB_VDDAConfig                               build/stm32f37x_flash.o
FLASH_OB_VDD_SD12Config                           build/stm32f37x_flash.o
FLASH_OB_WriteUser                                build/stm32f37x_flash.o
FLASH_PrefetchBufferCmd                           build/stm32f37x_flash.o
FLASH_ProgramHalfWord                             build/stm32f37x_flash.o
                                                  build/Flash.o
FLASH_ProgramWord                                 build/stm32f37x_flash.o
                                                  build/Flash.o
FLASH_SetLatency                                  build/stm32f37x_flash.o
                                                  build/Flash.o
FLASH_Unlock                                      build/stm32f37x_flash.o
                                                  build/Flash.o
                                                  build/DLT645.o
FLASH_WaitForLastOperation                        build/stm32f37x_flash.o
FPU_IRQHandler                                    build/startup_stm32f37x_gcc.o
Flash_Read_Word                                   build/Flash.o
                                                  build/DLT645.o
Flash_Write_Word                                  build/Flash.o
                                                  build/DLT645.o
GPIO_DeInit                                       build/stm32f37x_gpio.o
GPIO_Init                                         build/stm32f37x_gpio.o
                                                  build/Uart.o
                                                  build/GPIO.o
GPIO_PinAFConfig                                  build/stm32f37x_gpio.o
                                                  build/Uart.o
                                                  build/GPIO.o
GPIO_PinLockConfig                                build/stm32f37x_gpio.o
GPIO_ReadInputData                                build/stm32f37x_gpio.o
GPIO_ReadInputDataBit                             build/stm32f37x_gpio.o
                                                  build/GPIO.o
GPIO_ReadOutputData                               build/stm32f37x_gpio.o
GPIO_ReadOutputDataBit                            build/stm32f37x_gpio.o
                                                  build/main.o
GPIO_ResetBits                                    build/stm32f37x_gpio.o
GPIO_SetBits                                      build/stm32f37x_gpio.o
GPIO_StructInit                                   build/stm32f37x_gpio.o
GPIO_Write                                        build/stm32f37x_gpio.o
GPIO_WriteBit                                     build/stm32f37x_gpio.o
                                                  build/main.o
                                                  build/GPIO.o
GetProtocolType                                   build/protocol.o
                                                  build/main.o
Get_VChange_State                                 build/DLT645.o
HardFault_Handler                                 build/stm32f37x_it.o
I2C1_ER_IRQHandler                                build/startup_stm32f37x_gcc.o
I2C1_EV_IRQHandler                                build/startup_stm32f37x_gcc.o
I2C2_ER_IRQHandler                                build/startup_stm32f37x_gcc.o
I2C2_EV_IRQHandler                                build/startup_stm32f37x_gcc.o
I2C_10BitAddressHeaderCmd                         build/stm32f37x_i2c.o
I2C_10BitAddressingModeCmd                        build/stm32f37x_i2c.o
I2C_AcknowledgeConfig                             build/stm32f37x_i2c.o
I2C_AutoEndCmd                                    build/stm32f37x_i2c.o
I2C_CalculatePEC                                  build/stm32f37x_i2c.o
I2C_ClearFlag                                     build/stm32f37x_i2c.o
I2C_ClearITPendingBit                             build/stm32f37x_i2c.o
I2C_ClockTimeoutCmd                               build/stm32f37x_i2c.o
I2C_Cmd                                           build/stm32f37x_i2c.o
I2C_DMACmd                                        build/stm32f37x_i2c.o
I2C_DeInit                                        build/stm32f37x_i2c.o
I2C_DualAddressCmd                                build/stm32f37x_i2c.o
I2C_ExtendedClockTimeoutCmd                       build/stm32f37x_i2c.o
I2C_GeneralCallCmd                                build/stm32f37x_i2c.o
I2C_GenerateSTART                                 build/stm32f37x_i2c.o
I2C_GenerateSTOP                                  build/stm32f37x_i2c.o
I2C_GetAddressMatched                             build/stm32f37x_i2c.o
I2C_GetFlagStatus                                 build/stm32f37x_i2c.o
I2C_GetITStatus                                   build/stm32f37x_i2c.o
I2C_GetPEC                                        build/stm32f37x_i2c.o
I2C_GetTransferDirection                          build/stm32f37x_i2c.o
I2C_ITConfig                                      build/stm32f37x_i2c.o
I2C_IdleClockTimeoutCmd                           build/stm32f37x_i2c.o
I2C_Init                                          build/stm32f37x_i2c.o
I2C_MasterRequestConfig                           build/stm32f37x_i2c.o
I2C_NumberOfBytesConfig                           build/stm32f37x_i2c.o
I2C_OwnAddress2Config                             build/stm32f37x_i2c.o
I2C_PECRequestCmd                                 build/stm32f37x_i2c.o
I2C_ReadRegister                                  build/stm32f37x_i2c.o
I2C_ReceiveData                                   build/stm32f37x_i2c.o
I2C_ReloadCmd                                     build/stm32f37x_i2c.o
I2C_SMBusAlertCmd                                 build/stm32f37x_i2c.o
I2C_SendData                                      build/stm32f37x_i2c.o
I2C_SlaveAddressConfig                            build/stm32f37x_i2c.o
I2C_SlaveByteControlCmd                           build/stm32f37x_i2c.o
I2C_SoftwareResetCmd                              build/stm32f37x_i2c.o
I2C_StopModeCmd                                   build/stm32f37x_i2c.o
I2C_StretchClockCmd                               build/stm32f37x_i2c.o
I2C_StructInit                                    build/stm32f37x_i2c.o
I2C_TimeoutAConfig                                build/stm32f37x_i2c.o
I2C_TimeoutBConfig                                build/stm32f37x_i2c.o
I2C_TransferHandling                              build/stm32f37x_i2c.o
I2S_Cmd                                           build/stm32f37x_spi.o
I2S_Init                                          build/stm32f37x_spi.o
I2S_StructInit                                    build/stm32f37x_spi.o
INFRDataID_Handle_List                            build/DLT645.o
IWDG_Enable                                       build/stm32f37x_iwdg.o
IWDG_GetFlagStatus                                build/stm32f37x_iwdg.o
IWDG_ReloadCounter                                build/stm32f37x_iwdg.o
IWDG_SetPrescaler                                 build/stm32f37x_iwdg.o
IWDG_SetReload                                    build/stm32f37x_iwdg.o
IWDG_SetWindowValue                               build/stm32f37x_iwdg.o
IWDG_WriteAccessCmd                               build/stm32f37x_iwdg.o
MemManage_Handler                                 build/stm32f37x_it.o
NMI_Handler                                       build/stm32f37x_it.o
NVIC_Init                                         build/stm32f37x_misc.o
                                                  build/Uart.o
                                                  build/Time.o
                                                  build/GPIO.o
NVIC_PriorityGroupConfig                          build/stm32f37x_misc.o
                                                  build/main.o
NVIC_SetVectorTable                               build/stm32f37x_misc.o
NVIC_SystemLPConfig                               build/stm32f37x_misc.o
PVD_IRQHandler                                    build/startup_stm32f37x_gcc.o
PWR_BackupAccessCmd                               build/stm32f37x_pwr.o
PWR_ClearFlag                                     build/stm32f37x_pwr.o
PWR_DeInit                                        build/stm32f37x_pwr.o
PWR_EnterSTANDBYMode                              build/stm32f37x_pwr.o
PWR_EnterSTOPMode                                 build/stm32f37x_pwr.o
PWR_EnterSleepMode                                build/stm32f37x_pwr.o
PWR_GetFlagStatus                                 build/stm32f37x_pwr.o
PWR_PVDCmd                                        build/stm32f37x_pwr.o
PWR_PVDLevelConfig                                build/stm32f37x_pwr.o
PWR_SDADCAnalogCmd                                build/stm32f37x_pwr.o
PWR_WakeUpPinCmd                                  build/stm32f37x_pwr.o
PendSV_Handler                                    build/stm32f37x_it.o
Query_Voltage_Limit                               build/DLT645.o
RCC_ADCCLKConfig                                  build/stm32f37x_rcc.o
RCC_AHBPeriphClockCmd                             build/stm32f37x_rcc.o
                                                  build/Uart.o
                                                  build/GPIO.o
RCC_AHBPeriphResetCmd                             build/stm32f37x_rcc.o
                                                  build/stm32f37x_gpio.o
RCC_APB1PeriphClockCmd                            build/stm32f37x_rcc.o
                                                  build/Uart.o
                                                  build/Time.o
RCC_APB1PeriphResetCmd                            build/stm32f37x_rcc.o
                                                  build/stm32f37x_wwdg.o
                                                  build/stm32f37x_usart.o
                                                  build/stm32f37x_tim.o
                                                  build/stm32f37x_spi.o
                                                  build/stm32f37x_pwr.o
                                                  build/stm32f37x_i2c.o
                                                  build/stm32f37x_dac.o
                                                  build/stm32f37x_cec.o
                                                  build/stm32f37x_can.o
RCC_APB2PeriphClockCmd                            build/stm32f37x_rcc.o
                                                  build/Uart.o
                                                  build/GPIO.o
RCC_APB2PeriphResetCmd                            build/stm32f37x_rcc.o
                                                  build/stm32f37x_usart.o
                                                  build/stm32f37x_tim.o
                                                  build/stm32f37x_spi.o
                                                  build/stm32f37x_sdadc.o
                                                  build/stm32f37x_adc.o
RCC_AdjustHSICalibrationValue                     build/stm32f37x_rcc.o
RCC_BackupResetCmd                                build/stm32f37x_rcc.o
RCC_CECCLKConfig                                  build/stm32f37x_rcc.o
RCC_ClearFlag                                     build/stm32f37x_rcc.o
RCC_ClearITPendingBit                             build/stm32f37x_rcc.o
RCC_ClockSecuritySystemCmd                        build/stm32f37x_rcc.o
RCC_DeInit                                        build/stm32f37x_rcc.o
RCC_GetClocksFreq                                 build/stm32f37x_rcc.o
                                                  build/stm32f37x_usart.o
                                                  build/stm32f37x_spi.o
RCC_GetFlagStatus                                 build/stm32f37x_rcc.o
RCC_GetITStatus                                   build/stm32f37x_rcc.o
RCC_GetSYSCLKSource                               build/stm32f37x_rcc.o
RCC_HCLKConfig                                    build/stm32f37x_rcc.o
RCC_HSEConfig                                     build/stm32f37x_rcc.o
RCC_HSICmd                                        build/stm32f37x_rcc.o
RCC_I2CCLKConfig                                  build/stm32f37x_rcc.o
RCC_IRQHandler                                    build/startup_stm32f37x_gcc.o
RCC_ITConfig                                      build/stm32f37x_rcc.o
RCC_LSEConfig                                     build/stm32f37x_rcc.o
RCC_LSEDriveConfig                                build/stm32f37x_rcc.o
RCC_LSICmd                                        build/stm32f37x_rcc.o
RCC_MCOConfig                                     build/stm32f37x_rcc.o
RCC_PCLK1Config                                   build/stm32f37x_rcc.o
RCC_PCLK2Config                                   build/stm32f37x_rcc.o
RCC_PLLCmd                                        build/stm32f37x_rcc.o
RCC_PLLConfig                                     build/stm32f37x_rcc.o
RCC_PREDIV1Config                                 build/stm32f37x_rcc.o
RCC_RTCCLKCmd                                     build/stm32f37x_rcc.o
RCC_RTCCLKConfig                                  build/stm32f37x_rcc.o
RCC_SDADCCLKConfig                                build/stm32f37x_rcc.o
RCC_SYSCLKConfig                                  build/stm32f37x_rcc.o
RCC_USARTCLKConfig                                build/stm32f37x_rcc.o
RCC_USBCLKConfig                                  build/stm32f37x_rcc.o
RCC_WaitForHSEStartUp                             build/stm32f37x_rcc.o
RTC_AlarmCmd                                      build/stm32f37x_rtc.o
RTC_AlarmStructInit                               build/stm32f37x_rtc.o
RTC_AlarmSubSecondConfig                          build/stm32f37x_rtc.o
RTC_Alarm_IRQHandler                              build/startup_stm32f37x_gcc.o
RTC_BypassShadowCmd                               build/stm32f37x_rtc.o
RTC_CalibOutputCmd                                build/stm32f37x_rtc.o
RTC_CalibOutputConfig                             build/stm32f37x_rtc.o
RTC_ClearFlag                                     build/stm32f37x_rtc.o
RTC_ClearITPendingBit                             build/stm32f37x_rtc.o
RTC_DateStructInit                                build/stm32f37x_rtc.o
RTC_DayLightSavingConfig                          build/stm32f37x_rtc.o
RTC_DeInit                                        build/stm32f37x_rtc.o
RTC_EnterInitMode                                 build/stm32f37x_rtc.o
RTC_ExitInitMode                                  build/stm32f37x_rtc.o
RTC_GetAlarm                                      build/stm32f37x_rtc.o
RTC_GetAlarmSubSecond                             build/stm32f37x_rtc.o
RTC_GetDate                                       build/stm32f37x_rtc.o
RTC_GetFlagStatus                                 build/stm32f37x_rtc.o
RTC_GetITStatus                                   build/stm32f37x_rtc.o
RTC_GetStoreOperation                             build/stm32f37x_rtc.o
RTC_GetSubSecond                                  build/stm32f37x_rtc.o
RTC_GetTime                                       build/stm32f37x_rtc.o
RTC_GetTimeStamp                                  build/stm32f37x_rtc.o
RTC_GetTimeStampSubSecond                         build/stm32f37x_rtc.o
RTC_GetWakeUpCounter                              build/stm32f37x_rtc.o
RTC_ITConfig                                      build/stm32f37x_rtc.o
RTC_Init                                          build/stm32f37x_rtc.o
RTC_OutputConfig                                  build/stm32f37x_rtc.o
RTC_OutputTypeConfig                              build/stm32f37x_rtc.o
RTC_ReadBackupRegister                            build/stm32f37x_rtc.o
RTC_RefClockCmd                                   build/stm32f37x_rtc.o
RTC_SetAlarm                                      build/stm32f37x_rtc.o
RTC_SetDate                                       build/stm32f37x_rtc.o
RTC_SetTime                                       build/stm32f37x_rtc.o
RTC_SetWakeUpCounter                              build/stm32f37x_rtc.o
RTC_SmoothCalibConfig                             build/stm32f37x_rtc.o
RTC_StructInit                                    build/stm32f37x_rtc.o
RTC_SynchroShiftConfig                            build/stm32f37x_rtc.o
RTC_TamperCmd                                     build/stm32f37x_rtc.o
RTC_TamperFilterConfig                            build/stm32f37x_rtc.o
RTC_TamperPinsPrechargeDuration                   build/stm32f37x_rtc.o
RTC_TamperPullUpCmd                               build/stm32f37x_rtc.o
RTC_TamperSamplingFreqConfig                      build/stm32f37x_rtc.o
RTC_TamperTriggerConfig                           build/stm32f37x_rtc.o
RTC_TimeStampCmd                                  build/stm32f37x_rtc.o
RTC_TimeStampOnTamperDetectionCmd                 build/stm32f37x_rtc.o
RTC_TimeStructInit                                build/stm32f37x_rtc.o
RTC_WKUP_IRQHandler                               build/startup_stm32f37x_gcc.o
RTC_WaitForSynchro                                build/stm32f37x_rtc.o
RTC_WakeUpClockConfig                             build/stm32f37x_rtc.o
RTC_WakeUpCmd                                     build/stm32f37x_rtc.o
RTC_WriteBackupRegister                           build/stm32f37x_rtc.o
RTC_WriteProtectionCmd                            build/stm32f37x_rtc.o
Reset_Handler                                     build/startup_stm32f37x_gcc.o
SDADC1_IRQHandler                                 build/startup_stm32f37x_gcc.o
SDADC2_IRQHandler                                 build/startup_stm32f37x_gcc.o
SDADC3_IRQHandler                                 build/startup_stm32f37x_gcc.o
SDADC_AINInit                                     build/stm32f37x_sdadc.o
SDADC_AINStructInit                               build/stm32f37x_sdadc.o
SDADC_CalibrationSequenceConfig                   build/stm32f37x_sdadc.o
SDADC_ChannelConfig                               build/stm32f37x_sdadc.o
SDADC_ChannelSelect                               build/stm32f37x_sdadc.o
SDADC_ClearFlag                                   build/stm32f37x_sdadc.o
SDADC_ClearITPendingBit                           build/stm32f37x_sdadc.o
SDADC_Cmd                                         build/stm32f37x_sdadc.o
SDADC_ContinuousModeCmd                           build/stm32f37x_sdadc.o
SDADC_DMAConfig                                   build/stm32f37x_sdadc.o
SDADC_DeInit                                      build/stm32f37x_sdadc.o
SDADC_DelayStartInjectedConvCmd                   build/stm32f37x_sdadc.o
SDADC_ExternalTrigInjectedConvConfig              build/stm32f37x_sdadc.o
SDADC_ExternalTrigInjectedConvEdgeConfig          build/stm32f37x_sdadc.o
SDADC_FastConversionCmd                           build/stm32f37x_sdadc.o
SDADC_GetConversionSDADC12Value                   build/stm32f37x_sdadc.o
SDADC_GetConversionSDADC13Value                   build/stm32f37x_sdadc.o
SDADC_GetConversionValue                          build/stm32f37x_sdadc.o
SDADC_GetFlagStatus                               build/stm32f37x_sdadc.o
SDADC_GetITStatus                                 build/stm32f37x_sdadc.o
SDADC_GetInjectedChannel                          build/stm32f37x_sdadc.o
SDADC_GetInjectedConversionSDADC12Value           build/stm32f37x_sdadc.o
SDADC_GetInjectedConversionSDADC13Value           build/stm32f37x_sdadc.o
SDADC_GetInjectedConversionValue                  build/stm32f37x_sdadc.o
SDADC_ITConfig                                    build/stm32f37x_sdadc.o
SDADC_Init                                        build/stm32f37x_sdadc.o
SDADC_InitModeCmd                                 build/stm32f37x_sdadc.o
SDADC_InjectedChannelSelect                       build/stm32f37x_sdadc.o
SDADC_InjectedContinuousModeCmd                   build/stm32f37x_sdadc.o
SDADC_InjectedSynchroSDADC1                       build/stm32f37x_sdadc.o
SDADC_PowerDownCmd                                build/stm32f37x_sdadc.o
SDADC_RegularSynchroSDADC1                        build/stm32f37x_sdadc.o
SDADC_SlowClockCmd                                build/stm32f37x_sdadc.o
SDADC_SoftwareStartConv                           build/stm32f37x_sdadc.o
SDADC_SoftwareStartInjectedConv                   build/stm32f37x_sdadc.o
SDADC_StandbyCmd                                  build/stm32f37x_sdadc.o
SDADC_StartCalibration                            build/stm32f37x_sdadc.o
SDADC_StructInit                                  build/stm32f37x_sdadc.o
SDADC_VREFSelect                                  build/stm32f37x_sdadc.o
SPI1_IRQHandler                                   build/startup_stm32f37x_gcc.o
SPI2_IRQHandler                                   build/startup_stm32f37x_gcc.o
SPI3_IRQHandler                                   build/startup_stm32f37x_gcc.o
SPI_BiDirectionalLineConfig                       build/stm32f37x_spi.o
SPI_CRCLengthConfig                               build/stm32f37x_spi.o
SPI_CalculateCRC                                  build/stm32f37x_spi.o
SPI_Cmd                                           build/stm32f37x_spi.o
SPI_DataSizeConfig                                build/stm32f37x_spi.o
SPI_GetCRC                                        build/stm32f37x_spi.o
SPI_GetCRCPolynomial                              build/stm32f37x_spi.o
SPI_GetReceptionFIFOStatus                        build/stm32f37x_spi.o
SPI_GetTransmissionFIFOStatus                     build/stm32f37x_spi.o
SPI_I2S_ClearFlag                                 build/stm32f37x_spi.o