Component: ARM Compiler 5.05 (build 41) Tool: armlink [4d0eb9]

==============================================================================

Section Cross References

    startup_stm32f37x.o(RESET) refers to startup_stm32f37x.o(STACK) for __initial_sp
    startup_stm32f37x.o(RESET) refers to startup_stm32f37x.o(.text) for Reset_Handler
    startup_stm32f37x.o(RESET) refers to stm32f37x_it.o(.text) for NMI_Handler
    startup_stm32f37x.o(.text) refers to system_stm32f37x.o(.text) for SystemInit
    startup_stm32f37x.o(.text) refers to entry.o(.ARM.Collect$$$$00000000) for __main
    stm32f37x_adc.o(.text) refers to stm32f37x_rcc.o(.text) for RCC_APB2PeriphResetCmd
    stm32f37x_can.o(.text) refers to stm32f37x_rcc.o(.text) for RCC_APB1PeriphResetCmd
    stm32f37x_cec.o(.text) refers to stm32f37x_rcc.o(.text) for RCC_APB1PeriphResetCmd
    stm32f37x_dac.o(.text) refers to stm32f37x_rcc.o(.text) for RCC_APB1PeriphResetCmd
    stm32f37x_gpio.o(.text) refers to stm32f37x_rcc.o(.text) for RCC_AHBPeriphResetCmd
    stm32f37x_i2c.o(.text) refers to stm32f37x_rcc.o(.text) for RCC_APB1PeriphResetCmd
    stm32f37x_pwr.o(.text) refers to stm32f37x_rcc.o(.text) for RCC_APB1PeriphResetCmd
    stm32f37x_rcc.o(.text) refers to stm32f37x_rcc.o(.data) for APBAHBPrescTable
    stm32f37x_sdadc.o(.text) refers to stm32f37x_rcc.o(.text) for RCC_APB2PeriphResetCmd
    stm32f37x_spi.o(.text) refers to stm32f37x_rcc.o(.text) for RCC_APB2PeriphResetCmd
    stm32f37x_tim.o(.text) refers to stm32f37x_rcc.o(.text) for RCC_APB1PeriphResetCmd
    stm32f37x_usart.o(.text) refers to stm32f37x_rcc.o(.text) for RCC_APB2PeriphResetCmd
    stm32f37x_wwdg.o(.text) refers to stm32f37x_rcc.o(.text) for RCC_APB1PeriphResetCmd
    dlt645.o(.text) refers to uart.o(.text) for ucDrv_Buf_GetBytes
    dlt645.o(.text) refers to time.o(.text) for blTime2_Update
    dlt645.o(.text) refers to dlt645.o(.data) for uc645DataDomainLength
    dlt645.o(.text) refers to time.o(.data) for blWordsCounterStatus
    dlt645.o(.text) refers to dlt645.o(.constdata) for DBDataID_Handle_List
    dlt645.o(.text) refers to flash.o(.text) for Flash_Write_Word
    dlt645.o(.text) refers to stm32f37x_usart.o(.text) for USART_ITConfig
    dlt645.o(.text) refers to uart.o(.bss) for ucDrv_Buf_Uart3_Snd
    dlt645.o(.text) refers to dlt645.o(.bss) for TransFormer
    dlt645.o(.text) refers to uldiv.o(.text) for __aeabi_uldivmod
    dlt645.o(.text) refers to stm32f37x_flash.o(.text) for FLASH_Unlock
    dlt645.o(.constdata) refers to dlt645.o(.text) for Get_VChange_State
    flash.o(.text) refers to stm32f37x_flash.o(.text) for FLASH_SetLatency
    gpio.o(.text) refers to stm32f37x_rcc.o(.text) for RCC_AHBPeriphClockCmd
    gpio.o(.text) refers to stm32f37x_gpio.o(.text) for GPIO_PinAFConfig
    main.o(.text) refers to time.o(.text) for blTime2_Update
    main.o(.text) refers to dlt645.o(.text) for blVoltage_Create
    main.o(.text) refers to uart.o(.text) for ucDrv_Buf_PutBytes
    main.o(.text) refers to stm32f37x_misc.o(.text) for NVIC_PriorityGroupConfig
    main.o(.text) refers to flash.o(.text) for vInterFlash_Init
    main.o(.text) refers to gpio.o(.text) for vGPIO_Init
    main.o(.text) refers to dlt645.o(.data) for Voltage_Frame_Status
    main.o(.text) refers to time.o(.data) for uwTime2FramesCounter
    main.o(.text) refers to dlt645.o(.bss) for ucApp_Buf_ZD2DB
    main.o(.text) refers to uart.o(.bss) for ucDrv_Buf_Uart1_Snd
    main.o(.text) refers to system_stm32f37x.o(.data) for SystemCoreClock
    stm32f37x_it.o(.text) refers to stm32f37x_gpio.o(.text) for GPIO_ReadOutputDataBit
    stm32f37x_it.o(.text) refers to stm32f37x_usart.o(.text) for USART_GetITStatus
    stm32f37x_it.o(.text) refers to uart.o(.text) for blDrv_Buf_IsFull
    stm32f37x_it.o(.text) refers to stm32f37x_tim.o(.text) for TIM_GetITStatus
    stm32f37x_it.o(.text) refers to uart.o(.bss) for ucDrv_Buf_Uart1_Rcv
    stm32f37x_it.o(.text) refers to time.o(.data) for blWordsCounterStatus
    system_stm32f37x.o(.text) refers to system_stm32f37x.o(.data) for SystemCoreClock
    time.o(.text) refers to stm32f37x_misc.o(.text) for NVIC_Init
    time.o(.text) refers to stm32f37x_rcc.o(.text) for RCC_APB1PeriphClockCmd
    time.o(.text) refers to stm32f37x_tim.o(.text) for TIM_TimeBaseInit
    time.o(.text) refers to system_stm32f37x.o(.data) for SystemCoreClock
    uart.o(.text) refers to stm32f37x_misc.o(.text) for NVIC_Init
    uart.o(.text) refers to stm32f37x_rcc.o(.text) for RCC_APB2PeriphClockCmd
    uart.o(.text) refers to stm32f37x_usart.o(.text) for USART_OverSampling8Cmd
    entry.o(.ARM.Collect$$$$00000000) refers (Special) to entry10a.o(.ARM.Collect$$$$0000000D) for __rt_final_cpp
    entry.o(.ARM.Collect$$$$00000000) refers (Special) to entry11a.o(.ARM.Collect$$$$0000000F) for __rt_final_exit
    entry.o(.ARM.Collect$$$$00000000) refers (Special) to entry7b.o(.ARM.Collect$$$$00000008) for _main_clock
    entry.o(.ARM.Collect$$$$00000000) refers (Special) to entry8b.o(.ARM.Collect$$$$0000000A) for _main_cpp_init
    entry.o(.ARM.Collect$$$$00000000) refers (Special) to entry9a.o(.ARM.Collect$$$$0000000B) for _main_init
    entry.o(.ARM.Collect$$$$00000000) refers (Special) to entry5.o(.ARM.Collect$$$$00000004) for _main_scatterload
    entry.o(.ARM.Collect$$$$00000000) refers (Special) to entry2.o(.ARM.Collect$$$$00000001) for _main_stk
    uldiv.o(.text) refers to llushr.o(.text) for __aeabi_llsr
    uldiv.o(.text) refers to llshl.o(.text) for __aeabi_llsl
    entry2.o(.ARM.Collect$$$$00000001) refers to entry2.o(.ARM.Collect$$$$00002712) for __lit__00000000
    entry2.o(.ARM.Collect$$$$00002712) refers to startup_stm32f37x.o(STACK) for __initial_sp
    entry2.o(__vectab_stack_and_reset_area) refers to startup_stm32f37x.o(STACK) for __initial_sp
    entry2.o(__vectab_stack_and_reset_area) refers to entry.o(.ARM.Collect$$$$00000000) for __main
    entry5.o(.ARM.Collect$$$$00000004) refers to init.o(.text) for __scatterload
    entry9a.o(.ARM.Collect$$$$0000000B) refers to main.o(.text) for main
    entry9b.o(.ARM.Collect$$$$0000000C) refers to main.o(.text) for main
    init.o(.text) refers to entry5.o(.ARM.Collect$$$$00000004) for __main_after_scatterload


==============================================================================

Removing Unused input sections from the image.

    Removing startup_stm32f37x.o(HEAP), (512 bytes).
    Removing stm32f37x_adc.o(.rev16_text), (4 bytes).
    Removing stm32f37x_adc.o(.revsh_text), (4 bytes).
    Removing stm32f37x_adc.o(.text), (1024 bytes).
    Removing stm32f37x_can.o(.rev16_text), (4 bytes).
    Removing stm32f37x_can.o(.revsh_text), (4 bytes).
    Removing stm32f37x_can.o(.text), (2524 bytes).
    Removing stm32f37x_cec.o(.rev16_text), (4 bytes).
    Removing stm32f37x_cec.o(.revsh_text), (4 bytes).
    Removing stm32f37x_cec.o(.text), (288 bytes).
    Removing stm32f37x_comp.o(.rev16_text), (4 bytes).
    Removing stm32f37x_comp.o(.revsh_text), (4 bytes).
    Removing stm32f37x_comp.o(.text), (212 bytes).
    Removing stm32f37x_crc.o(.rev16_text), (4 bytes).
    Removing stm32f37x_crc.o(.revsh_text), (4 bytes).
    Removing stm32f37x_crc.o(.text), (208 bytes).
    Removing stm32f37x_dac.o(.rev16_text), (4 bytes).
    Removing stm32f37x_dac.o(.revsh_text), (4 bytes).
    Removing stm32f37x_dac.o(.text), (468 bytes).
    Removing stm32f37x_dbgmcu.o(.rev16_text), (4 bytes).
    Removing stm32f37x_dbgmcu.o(.revsh_text), (4 bytes).
    Removing stm32f37x_dbgmcu.o(.text), (100 bytes).
    Removing stm32f37x_dma.o(.rev16_text), (4 bytes).
    Removing stm32f37x_dma.o(.revsh_text), (4 bytes).
    Removing stm32f37x_dma.o(.text), (596 bytes).
    Removing stm32f37x_exti.o(.rev16_text), (4 bytes).
    Removing stm32f37x_exti.o(.revsh_text), (4 bytes).
    Removing stm32f37x_exti.o(.text), (284 bytes).
    Removing stm32f37x_flash.o(.rev16_text), (4 bytes).
    Removing stm32f37x_flash.o(.revsh_text), (4 bytes).
    Removing stm32f37x_gpio.o(.rev16_text), (4 bytes).
    Removing stm32f37x_gpio.o(.revsh_text), (4 bytes).
    Removing stm32f37x_i2c.o(.rev16_text), (4 bytes).
    Removing stm32f37x_i2c.o(.revsh_text), (4 bytes).
    Removing stm32f37x_i2c.o(.text), (1008 bytes).
    Removing stm32f37x_iwdg.o(.rev16_text), (4 bytes).
    Removing stm32f37x_iwdg.o(.revsh_text), (4 bytes).
    Removing stm32f37x_iwdg.o(.text), (68 bytes).
    Removing stm32f37x_misc.o(.rev16_text), (4 bytes).
    Removing stm32f37x_misc.o(.revsh_text), (4 bytes).
    Removing stm32f37x_pwr.o(.rev16_text), (4 bytes).
    Removing stm32f37x_pwr.o(.revsh_text), (4 bytes).
    Removing stm32f37x_pwr.o(.text), (272 bytes).
    Removing stm32f37x_rcc.o(.rev16_text), (4 bytes).
    Removing stm32f37x_rcc.o(.revsh_text), (4 bytes).
    Removing stm32f37x_rtc.o(.rev16_text), (4 bytes).
    Removing stm32f37x_rtc.o(.revsh_text), (4 bytes).
    Removing stm32f37x_rtc.o(.text), (3260 bytes).
    Removing stm32f37x_sdadc.o(.rev16_text), (4 bytes).
    Removing stm32f37x_sdadc.o(.revsh_text), (4 bytes).
    Removing stm32f37x_sdadc.o(.text), (756 bytes).
    Removing stm32f37x_spi.o(.rev16_text), (4 bytes).
    Removing stm32f37x_spi.o(.revsh_text), (4 bytes).
    Removing stm32f37x_spi.o(.text), (920 bytes).
    Removing stm32f37x_syscfg.o(.rev16_text), (4 bytes).
    Removing stm32f37x_syscfg.o(.revsh_text), (4 bytes).
    Removing stm32f37x_syscfg.o(.text), (288 bytes).
    Removing stm32f37x_tim.o(.rev16_text), (4 bytes).
    Removing stm32f37x_tim.o(.revsh_text), (4 bytes).
    Removing stm32f37x_usart.o(.rev16_text), (4 bytes).
    Removing stm32f37x_usart.o(.revsh_text), (4 bytes).
    Removing stm32f37x_wwdg.o(.rev16_text), (4 bytes).
    Removing stm32f37x_wwdg.o(.revsh_text), (4 bytes).
    Removing stm32f37x_wwdg.o(.text), (144 bytes).
    Removing dlt645.o(.rev16_text), (4 bytes).
    Removing dlt645.o(.revsh_text), (4 bytes).
    Removing flash.o(.rev16_text), (4 bytes).
    Removing flash.o(.revsh_text), (4 bytes).
    Removing gpio.o(.rev16_text), (4 bytes).
    Removing gpio.o(.revsh_text), (4 bytes).
    Removing main.o(.rev16_text), (4 bytes).
    Removing main.o(.revsh_text), (4 bytes).
    Removing stm32f37x_it.o(.rev16_text), (4 bytes).
    Removing stm32f37x_it.o(.revsh_text), (4 bytes).
    Removing stm32f37x_it.o(.data), (2 bytes).
    Removing system_stm32f37x.o(.rev16_text), (4 bytes).
    Removing system_stm32f37x.o(.revsh_text), (4 bytes).
    Removing time.o(.rev16_text), (4 bytes).
    Removing time.o(.revsh_text), (4 bytes).
    Removing uart.o(.rev16_text), (4 bytes).
    Removing uart.o(.revsh_text), (4 bytes).

81 unused section(s) (total 13182 bytes) removed from the image.

==============================================================================

Image Symbol Table

    Local Symbols

    Symbol Name                              Value     Ov Type        Size  Object(Section)

    ../clib/microlib/division.c              0x00000000   Number         0  uldiv.o ABSOLUTE
    ../clib/microlib/init/entry.s            0x00000000   Number         0  entry7a.o ABSOLUTE
    ../clib/microlib/init/entry.s            0x00000000   Number         0  entry7b.o ABSOLUTE
    ../clib/microlib/init/entry.s            0x00000000   Number         0  entry9b.o ABSOLUTE
    ../clib/microlib/init/entry.s            0x00000000   Number         0  entry8a.o ABSOLUTE
    ../clib/microlib/init/entry.s            0x00000000   Number         0  entry10a.o ABSOLUTE
    ../clib/microlib/init/entry.s            0x00000000   Number         0  entry10b.o ABSOLUTE
    ../clib/microlib/init/entry.s            0x00000000   Number         0  entry8b.o ABSOLUTE
    ../clib/microlib/init/entry.s            0x00000000   Number         0  entry11b.o ABSOLUTE
    ../clib/microlib/init/entry.s            0x00000000   Number         0  entry11a.o ABSOLUTE
    ../clib/microlib/init/entry.s            0x00000000   Number         0  entry5.o ABSOLUTE
    ../clib/microlib/init/entry.s            0x00000000   Number         0  entry2.o ABSOLUTE
    ../clib/microlib/init/entry.s            0x00000000   Number         0  entry.o ABSOLUTE
    ../clib/microlib/init/entry.s            0x00000000   Number         0  entry9a.o ABSOLUTE
    ../clib/microlib/longlong.c              0x00000000   Number         0  llushr.o ABSOLUTE
    ../clib/microlib/longlong.c              0x00000000   Number         0  llshl.o ABSOLUTE
    ..\\stdperiph\\source\\stm32f37x_adc.c   0x00000000   Number         0  stm32f37x_adc.o ABSOLUTE
    ..\\stdperiph\\source\\stm32f37x_can.c   0x00000000   Number         0  stm32f37x_can.o ABSOLUTE
    ..\\stdperiph\\source\\stm32f37x_cec.c   0x00000000   Number         0  stm32f37x_cec.o ABSOLUTE
    ..\\stdperiph\\source\\stm32f37x_comp.c  0x00000000   Number         0  stm32f37x_comp.o ABSOLUTE
    ..\\stdperiph\\source\\stm32f37x_crc.c   0x00000000   Number         0  stm32f37x_crc.o ABSOLUTE
    ..\\stdperiph\\source\\stm32f37x_dac.c   0x00000000   Number         0  stm32f37x_dac.o ABSOLUTE
    ..\\stdperiph\\source\\stm32f37x_dbgmcu.c 0x00000000   Number         0  stm32f37x_dbgmcu.o ABSOLUTE
    ..\\stdperiph\\source\\stm32f37x_dma.c   0x00000000   Number         0  stm32f37x_dma.o ABSOLUTE
    ..\\stdperiph\\source\\stm32f37x_exti.c  0x00000000   Number         0  stm32f37x_exti.o ABSOLUTE
    ..\\stdperiph\\source\\stm32f37x_flash.c 0x00000000   Number         0  stm32f37x_flash.o ABSOLUTE
    ..\\stdperiph\\source\\stm32f37x_gpio.c  0x00000000   Number         0  stm32f37x_gpio.o ABSOLUTE
    ..\\stdperiph\\source\\stm32f37x_i2c.c   0x00000000   Number         0  stm32f37x_i2c.o ABSOLUTE
    ..\\stdperiph\\source\\stm32f37x_iwdg.c  0x00000000   Number         0  stm32f37x_iwdg.o ABSOLUTE
    ..\\stdperiph\\source\\stm32f37x_misc.c  0x00000000   Number         0  stm32f37x_misc.o ABSOLUTE
    ..\\stdperiph\\source\\stm32f37x_pwr.c   0x00000000   Number         0  stm32f37x_pwr.o ABSOLUTE
    ..\\stdperiph\\source\\stm32f37x_rcc.c   0x00000000   Number         0  stm32f37x_rcc.o ABSOLUTE
    ..\\stdperiph\\source\\stm32f37x_rtc.c   0x00000000   Number         0  stm32f37x_rtc.o ABSOLUTE
    ..\\stdperiph\\source\\stm32f37x_sdadc.c 0x00000000   Number         0  stm32f37x_sdadc.o ABSOLUTE
    ..\\stdperiph\\source\\stm32f37x_spi.c   0x00000000   Number         0  stm32f37x_spi.o ABSOLUTE
    ..\\stdperiph\\source\\stm32f37x_syscfg.c 0x00000000   Number         0  stm32f37x_syscfg.o ABSOLUTE
    ..\\stdperiph\\source\\stm32f37x_tim.c   0x00000000   Number         0  stm32f37x_tim.o ABSOLUTE
    ..\\stdperiph\\source\\stm32f37x_usart.c 0x00000000   Number         0  stm32f37x_usart.o ABSOLUTE
    ..\\stdperiph\\source\\stm32f37x_wwdg.c  0x00000000   Number         0  stm32f37x_wwdg.o ABSOLUTE
    ..\\user\\source\\DLT645.c               0x00000000   Number         0  dlt645.o ABSOLUTE
    ..\\user\\source\\Flash.c                0x00000000   Number         0  flash.o ABSOLUTE
    ..\\user\\source\\GPIO.c                 0x00000000   Number         0  gpio.o ABSOLUTE
    ..\\user\\source\\Time.c                 0x00000000   Number         0  time.o ABSOLUTE
    ..\\user\\source\\Uart.c                 0x00000000   Number         0  uart.o ABSOLUTE
    ..\\user\\source\\main.c                 0x00000000   Number         0  main.o ABSOLUTE
    ..\\user\\source\\stm32f37x_it.c         0x00000000   Number         0  stm32f37x_it.o ABSOLUTE
    ..\\user\\source\\system_stm32f37x.c     0x00000000   Number         0  system_stm32f37x.o ABSOLUTE
    ..\cmsis\source\startup_stm32f37x.S      0x00000000   Number         0  startup_stm32f37x.o ABSOLUTE
    ..\stdperiph\source\stm32f37x_adc.c      0x00000000   Number         0  stm32f37x_adc.o ABSOLUTE
    ..\stdperiph\source\stm32f37x_can.c      0x00000000   Number         0  stm32f37x_can.o ABSOLUTE
    ..\stdperiph\source\stm32f37x_cec.c      0x00000000   Number         0  stm32f37x_cec.o ABSOLUTE
    ..\stdperiph\source\stm32f37x_comp.c     0x00000000   Number         0  stm32f37x_comp.o ABSOLUTE
    ..\stdperiph\source\stm32f37x_crc.c      0x00000000   Number         0  stm32f37x_crc.o ABSOLUTE
    ..\stdperiph\source\stm32f37x_dac.c      0x00000000   Number         0  stm32f37x_dac.o ABSOLUTE
    ..\stdperiph\source\stm32f37x_dbgmcu.c   0x00000000   Number         0  stm32f37x_dbgmcu.o ABSOLUTE
    ..\stdperiph\source\stm32f37x_dma.c      0x00000000   Number         0  stm32f37x_dma.o ABSOLUTE
    ..\stdperiph\source\stm32f37x_exti.c     0x00000000   Number         0  stm32f37x_exti.o ABSOLUTE
    ..\stdperiph\source\stm32f37x_flash.c    0x00000000   Number         0  stm32f37x_flash.o ABSOLUTE
    ..\stdperiph\source\stm32f37x_gpio.c     0x00000000   Number         0  stm32f37x_gpio.o ABSOLUTE
    ..\stdperiph\source\stm32f37x_i2c.c      0x00000000   Number         0  stm32f37x_i2c.o ABSOLUTE
    ..\stdperiph\source\stm32f37x_iwdg.c     0x00000000   Number         0  stm32f37x_iwdg.o ABSOLUTE
    ..\stdperiph\source\stm32f37x_misc.c     0x00000000   Number         0  stm32f37x_misc.o ABSOLUTE
    ..\stdperiph\source\stm32f37x_pwr.c      0x00000000   Number         0  stm32f37x_pwr.o ABSOLUTE
    ..\stdperiph\source\stm32f37x_rcc.c      0x00000000   Number         0  stm32f37x_rcc.o ABSOLUTE
    ..\stdperiph\source\stm32f37x_rtc.c      0x00000000   Number         0  stm32f37x_rtc.o ABSOLUTE
    ..\stdperiph\source\stm32f37x_sdadc.c    0x00000000   Number         0  stm32f37x_sdadc.o ABSOLUTE
    ..\stdperiph\source\stm32f37x_spi.c      0x00000000   Number         0  stm32f37x_spi.o ABSOLUTE
    ..\stdperiph\source\stm32f37x_syscfg.c   0x00000000   Number         0  stm32f37x_syscfg.o ABSOLUTE
    ..\stdperiph\source\stm32f37x_tim.c      0x00000000   Number         0  stm32f37x_tim.o ABSOLUTE
    ..\stdperiph\source\stm32f37x_usart.c    0x00000000   Number         0  stm32f37x_usart.o ABSOLUTE
    ..\stdperiph\source\stm32f37x_wwdg.c     0x00000000   Number         0  stm32f37x_wwdg.o ABSOLUTE
    ..\user\source\DLT645.c                  0x00000000   Number         0  dlt645.o ABSOLUTE
    ..\user\source\Flash.c                   0x00000000   Number         0  flash.o ABSOLUTE
    ..\user\source\GPIO.c                    0x00000000   Number         0  gpio.o ABSOLUTE
    ..\user\source\Time.c                    0x00000000   Number         0  time.o ABSOLUTE
    ..\user\source\Uart.c                    0x00000000   Number         0  uart.o ABSOLUTE
    ..\user\source\main.c                    0x00000000   Number         0  main.o ABSOLUTE
    ..\user\source\stm32f37x_it.c            0x00000000   Number         0  stm32f37x_it.o ABSOLUTE
    ..\user\source\system_stm32f37x.c        0x00000000   Number         0  system_stm32f37x.o ABSOLUTE
    dc.s                                     0x00000000   Number         0  dc.o ABSOLUTE
    handlers.s                               0x00000000   Number         0  handlers.o ABSOLUTE
    init.s                                   0x00000000   Number         0  init.o ABSOLUTE
    RESET                                    0x08000000   Section      392  startup_stm32f37x.o(RESET)
    .ARM.Collect$$$$00000000                 0x08000188   Section        0  entry.o(.ARM.Collect$$$$00000000)
    .ARM.Collect$$$$00000001                 0x08000188   Section        4  entry2.o(.ARM.Collect$$$$00000001)
    .ARM.Collect$$$$00000004                 0x0800018c   Section        4  entry5.o(.ARM.Collect$$$$00000004)
    .ARM.Collect$$$$00000008                 0x08000190   Section        0  entry7b.o(.ARM.Collect$$$$00000008)
    .ARM.Collect$$$$0000000A                 0x08000190   Section        0  entry8b.o(.ARM.Collect$$$$0000000A)
    .ARM.Collect$$$$0000000B                 0x08000190   Section        8  entry9a.o(.ARM.Collect$$$$0000000B)
    .ARM.Collect$$$$0000000D                 0x08000198   Section        0  entry10a.o(.ARM.Collect$$$$0000000D)
    .ARM.Collect$$$$0000000F                 0x08000198   Section        0  entry11a.o(.ARM.Collect$$$$0000000F)
    .ARM.Collect$$$$00002712                 0x08000198   Section        4  entry2.o(.ARM.Collect$$$$00002712)
    __lit__00000000                          0x08000198   Data           4  entry2.o(.ARM.Collect$$$$00002712)
    .text                                    0x0800019c   Section       36  startup_stm32f37x.o(.text)
    $v0                                      0x0800019c   Number         0  startup_stm32f37x.o(.text)
    .text                                    0x080001c0   Section        0  stm32f37x_flash.o(.text)
    .text                                    0x08000818   Section        0  stm32f37x_gpio.o(.text)
    .text                                    0x08000a1c   Section        0  stm32f37x_misc.o(.text)
    .text                                    0x08000af8   Section        0  stm32f37x_rcc.o(.text)
    .text                                    0x08001098   Section        0  stm32f37x_tim.o(.text)
    TI4_Config                               0x080017f7   Thumb Code    80  stm32f37x_tim.o(.text)
    TI3_Config                               0x08001859   Thumb Code    72  stm32f37x_tim.o(.text)
    TI2_Config                               0x080018bb   Thumb Code    80  stm32f37x_tim.o(.text)
    TI1_Config                               0x0800191d   Thumb Code    58  stm32f37x_tim.o(.text)
    .text                                    0x08001c70   Section        0  stm32f37x_usart.o(.text)
    .text                                    0x08002154   Section        0  dlt645.o(.text)
    dwCheckFrame                             0x08002155   Thumb Code    62  dlt645.o(.text)
    Get_Estatus                              0x08002283   Thumb Code    20  dlt645.o(.text)
    vPut_Current                             0x080023dd   Thumb Code   140  dlt645.o(.text)
    vGet_Current                             0x08002469   Thumb Code   138  dlt645.o(.text)
    blCurrentSingle_Modify_Method            0x080024f9   Thumb Code   526  dlt645.o(.text)
    vCurrentTriple_Modify_Method             0x08002707   Thumb Code    48  dlt645.o(.text)
    Get_Voltage                              0x08002be1   Thumb Code    66  dlt645.o(.text)
    GetHighByte                              0x08002cef   Thumb Code    50  dlt645.o(.text)
    GetLowByte                               0x08002d21   Thumb Code    84  dlt645.o(.text)
    BCD_Verity                               0x08003057   Thumb Code    56  dlt645.o(.text)
    Get_Energy                               0x080039a9   Thumb Code   118  dlt645.o(.text)
    Fill_Energy                              0x08003a1f   Thumb Code   222  dlt645.o(.text)
    .text                                    0x08004708   Section        0  flash.o(.text)
    .text                                    0x0800480c   Section        0  gpio.o(.text)
    .text                                    0x08004990   Section        0  main.o(.text)
    NVIC_SetPriority                         0x08004991   Thumb Code    32  main.o(.text)
    VoltageTimeOutHandle                     0x080049b1   Thumb Code    76  main.o(.text)
    RsvFrameHandle                           0x080049fd   Thumb Code    80  main.o(.text)
    vNVIC_IRQ_Config                         0x08004a4d   Thumb Code    12  main.o(.text)
    .text                                    0x08004b94   Section        0  stm32f37x_it.o(.text)
    .text                                    0x08004d5c   Section        0  system_stm32f37x.o(.text)
    SetSysClock                              0x08004d5d   Thumb Code   188  system_stm32f37x.o(.text)
    .text                                    0x08004f34   Section        0  time.o(.text)
    vIRQ_TIME_Config                         0x08004f35   Thumb Code    60  time.o(.text)
    .text                                    0x08005034   Section        0  uart.o(.text)
    vIRQ_UART_Config                         0x08005035   Thumb Code    66  uart.o(.text)
    .text                                    0x0800527c   Section        0  uldiv.o(.text)
    .text                                    0x080052de   Section        0  llshl.o(.text)
    .text                                    0x080052fc   Section        0  llushr.o(.text)
    .text                                    0x0800531c   Section       36  init.o(.text)
    i.__scatterload_copy                     0x08005340   Section       14  handlers.o(i.__scatterload_copy)
    i.__scatterload_null                     0x0800534e   Section        2  handlers.o(i.__scatterload_null)
    i.__scatterload_zeroinit                 0x08005350   Section       14  handlers.o(i.__scatterload_zeroinit)
    .constdata                               0x08005360   Section      544  dlt645.o(.constdata)
    .data                                    0x20000000   Section       36  stm32f37x_rcc.o(.data)
    APBAHBPrescTable                         0x20000000   Data          16  stm32f37x_rcc.o(.data)
    ADCPrescTable                            0x20000010   Data           4  stm32f37x_rcc.o(.data)
    SDADCPrescTable                          0x20000014   Data          16  stm32f37x_rcc.o(.data)
    .data                                    0x20000024   Section       52  dlt645.o(.data)
    .data                                    0x20000058   Section       20  system_stm32f37x.o(.data)
    .data                                    0x2000006c   Section        6  time.o(.data)
    .bss                                     0x20000074   Section      916  dlt645.o(.bss)
    .bss                                     0x20000408   Section     1824  uart.o(.bss)
    STACK                                    0x20000b28   Section     1024  startup_stm32f37x.o(STACK)

    Global Symbols

    Symbol Name                              Value     Ov Type        Size  Object(Section)

    BuildAttributes$$THM_ISAv4$E$P$D$K$B$S$7EM$VFPi3$EXTD16$VFPS$VFMA$PE$A:L22UL41UL21$X:L11$S22US41US21$IEEE1$IW$USESV6$~STKCKD$USESV7$~SHL$OSPACE$EBA8$MICROLIB$REQ8$PRES8$EABIv2 0x00000000   Number         0  anon$$obj.o ABSOLUTE
    __ARM_use_no_argv                        0x00000000   Number         0  main.o ABSOLUTE
    __cpp_initialize__aeabi_                  - Undefined Weak Reference
    __cxa_finalize                            - Undefined Weak Reference
    __decompress                              - Undefined Weak Reference
    _clock_init                               - Undefined Weak Reference
    _microlib_exit                            - Undefined Weak Reference
    __Vectors_Size                           0x00000188   Number         0  startup_stm32f37x.o ABSOLUTE
    __Vectors                                0x08000000   Data           4  startup_stm32f37x.o(RESET)
    __Vectors_End                            0x08000188   Data           0  startup_stm32f37x.o(RESET)
    __main                                   0x08000189   Thumb Code     0  entry.o(.ARM.Collect$$$$00000000)
    _main_stk                                0x08000189   Thumb Code     0  entry2.o(.ARM.Collect$$$$00000001)
    _main_scatterload                        0x0800018d   Thumb Code     0  entry5.o(.ARM.Collect$$$$00000004)
    __main_after_scatterload                 0x08000191   Thumb Code     0  entry5.o(.ARM.Collect$$$$00000004)
    _main_clock                              0x08000191   Thumb Code     0  entry7b.o(.ARM.Collect$$$$00000008)
    _main_cpp_init                           0x08000191   Thumb Code     0  entry8b.o(.ARM.Collect$$$$0000000A)
    _main_init                               0x08000191   Thumb Code     0  entry9a.o(.ARM.Collect$$$$0000000B)
    __rt_final_cpp                           0x08000199   Thumb Code     0  entry10a.o(.ARM.Collect$$$$0000000D)
    __rt_final_exit                          0x08000199   Thumb Code     0  entry11a.o(.ARM.Collect$$$$0000000F)
    Reset_Handler                            0x0800019d   Thumb Code     8  startup_stm32f37x.o(.text)
    ADC1_IRQHandler                          0x080001b7   Thumb Code     0  startup_stm32f37x.o(.text)
    CAN1_RX0_IRQHandler                      0x080001b7   Thumb Code     0  startup_stm32f37x.o(.text)
    CAN1_RX1_IRQHandler                      0x080001b7   Thumb Code     0  startup_stm32f37x.o(.text)
    CAN1_SCE_IRQHandler                      0x080001b7   Thumb Code     0  startup_stm32f37x.o(.text)
    CAN1_TX_IRQHandler                       0x080001b7   Thumb Code     0  startup_stm32f37x.o(.text)
    CEC_IRQHandler                           0x080001b7   Thumb Code     0  startup_stm32f37x.o(.text)
    COMP_IRQHandler                          0x080001b7   Thumb Code     0  startup_stm32f37x.o(.text)
    DMA1_Channel1_IRQHandler                 0x080001b7   Thumb Code     0  startup_stm32f37x.o(.text)
    DMA1_Channel2_IRQHandler                 0x080001b7   Thumb Code     0  startup_stm32f37x.o(.text)
    DMA1_Channel3_IRQHandler                 0x080001b7   Thumb Code     0  startup_stm32f37x.o(.text)
    DMA1_Channel4_IRQHandler                 0x080001b7   Thumb Code     0  startup_stm32f37x.o(.text)
    DMA1_Channel5_IRQHandler                 0x080001b7   Thumb Code     0  startup_stm32f37x.o(.text)
    DMA1_Channel6_IRQHandler                 0x080001b7   Thumb Code     0  startup_stm32f37x.o(.text)
    DMA1_Channel7_IRQHandler                 0x080001b7   Thumb Code     0  startup_stm32f37x.o(.text)
    DMA2_Channel1_IRQHandler                 0x080001b7   Thumb Code     0  startup_stm32f37x.o(.text)
    DMA2_Channel2_IRQHandler                 0x080001b7   Thumb Code     0  startup_stm32f37x.o(.text)
    DMA2_Channel3_IRQHandler                 0x080001b7   Thumb Code     0  startup_stm32f37x.o(.text)
    DMA2_Channel4_IRQHandler                 0x080001b7   Thumb Code     0  startup_stm32f37x.o(.text)
    DMA2_Channel5_IRQHandler                 0x080001b7   Thumb Code     0  startup_stm32f37x.o(.text)
    EXTI0_IRQHandler                         0x080001b7   Thumb Code     0  startup_stm32f37x.o(.text)
    EXTI15_10_IRQHandler                     0x080001b7   Thumb Code     0  startup_stm32f37x.o(.text)
    EXTI1_IRQHandler                         0x080001b7   Thumb Code     0  startup_stm32f37x.o(.text)
    EXTI2_TS_IRQHandler                      0x080001b7   Thumb Code     0  startup_stm32f37x.o(.text)
    EXTI3_IRQHandler                         0x080001b7   Thumb Code     0  startup_stm32f37x.o(.text)
    EXTI4_IRQHandler                         0x080001b7   Thumb Code     0  startup_stm32f37x.o(.text)
    EXTI9_5_IRQHandler                       0x080001b7   Thumb Code     0  startup_stm32f37x.o(.text)
    FLASH_IRQHandler                         0x080001b7   Thumb Code     0  startup_stm32f37x.o(.text)
    FPU_IRQHandler                           0x080001b7   Thumb Code     0  startup_stm32f37x.o(.text)
    I2C1_ER_IRQHandler                       0x080001b7   Thumb Code     0  startup_stm32f37x.o(.text)
    I2C1_EV_IRQHandler                       0x080001b7   Thumb Code     0  startup_stm32f37x.o(.text)
    I2C2_ER_IRQHandler                       0x080001b7   Thumb Code     0  startup_stm32f37x.o(.text)
    I2C2_EV_IRQHandler                       0x080001b7   Thumb Code     0  startup_stm32f37x.o(.text)
    PVD_IRQHandler                           0x080001b7   Thumb Code     0  startup_stm32f37x.o(.text)
    RCC_IRQHandler                           0x080001b7   Thumb Code     0  startup_stm32f37x.o(.text)
    RTC_Alarm_IRQHandler                     0x080001b7   Thumb Code     0  startup_stm32f37x.o(.text)
    RTC_WKUP_IRQHandler                      0x080001b7   Thumb Code     0  startup_stm32f37x.o(.text)
    SDADC1_IRQHandler                        0x080001b7   Thumb Code     0  startup_stm32f37x.o(.text)
    SDADC2_IRQHandler                        0x080001b7   Thumb Code     0  startup_stm32f37x.o(.text)
    SDADC3_IRQHandler                        0x080001b7   Thumb Code     0  startup_stm32f37x.o(.text)
    SPI1_IRQHandler                          0x080001b7   Thumb Code     0  startup_stm32f37x.o(.text)
    SPI2_IRQHandler                          0x080001b7   Thumb Code     0  startup_stm32f37x.o(.text)
    SPI3_IRQHandler                          0x080001b7   Thumb Code     0  startup_stm32f37x.o(.text)
    TAMPER_STAMP_IRQHandler                  0x080001b7   Thumb Code     0  startup_stm32f37x.o(.text)
    TIM12_IRQHandler                         0x080001b7   Thumb Code     0  startup_stm32f37x.o(.text)
    TIM13_IRQHandler                         0x080001b7   Thumb Code     0  startup_stm32f37x.o(.text)
    TIM14_IRQHandler                         0x080001b7   Thumb Code     0  startup_stm32f37x.o(.text)
    TIM15_IRQHandler                         0x080001b7   Thumb Code     0  startup_stm32f37x.o(.text)
    TIM16_IRQHandler                         0x080001b7   Thumb Code     0  startup_stm32f37x.o(.text)
    TIM17_IRQHandler                         0x080001b7   Thumb Code     0  startup_stm32f37x.o(.text)
    TIM18_DAC2_IRQHandler                    0x080001b7   Thumb Code     0  startup_stm32f37x.o(.text)
    TIM19_IRQHandler                         0x080001b7   Thumb Code     0  startup_stm32f37x.o(.text)
    TIM3_IRQHandler                          0x080001b7   Thumb Code     0  startup_stm32f37x.o(.text)
    TIM4_IRQHandler                          0x080001b7   Thumb Code     0  startup_stm32f37x.o(.text)
    TIM6_DAC1_IRQHandler                     0x080001b7   Thumb Code     0  startup_stm32f37x.o(.text)
    TIM7_IRQHandler                          0x080001b7   Thumb Code     0  startup_stm32f37x.o(.text)
    USBWakeUp_IRQHandler                     0x080001b7   Thumb Code     0  startup_stm32f37x.o(.text)
    USB_HP_IRQHandler                        0x080001b7   Thumb Code     0  startup_stm32f37x.o(.text)
    USB_LP_IRQHandler                        0x080001b7   Thumb Code     0  startup_stm32f37x.o(.text)
    WWDG_IRQHandler                          0x080001b7   Thumb Code     0  startup_stm32f37x.o(.text)
    FLASH_SetLatency                         0x080001c1   Thumb Code    18  stm32f37x_flash.o(.text)
    FLASH_HalfCycleAccessCmd                 0x080001d3   Thumb Code    30  stm32f37x_flash.o(.text)
    FLASH_PrefetchBufferCmd                  0x080001f1   Thumb Code    30  stm32f37x_flash.o(.text)
    FLASH_Unlock                             0x0800020f   Thumb Code    22  stm32f37x_flash.o(.text)
    FLASH_Lock                               0x08000225   Thumb Code    14  stm32f37x_flash.o(.text)
    FLASH_GetStatus                          0x08000233   Thumb Code    48  stm32f37x_flash.o(.text)
    FLASH_WaitForLastOperation               0x08000263   Thumb Code    38  stm32f37x_flash.o(.text)
    FLASH_ErasePage                          0x08000289   Thumb Code    70  stm32f37x_flash.o(.text)
    FLASH_EraseAllPages                      0x080002cf   Thumb Code    66  stm32f37x_flash.o(.text)
    FLASH_ProgramWord                        0x08000311   Thumb Code   104  stm32f37x_flash.o(.text)
    FLASH_ProgramHalfWord                    0x08000379   Thumb Code    62  stm32f37x_flash.o(.text)
    FLASH_OB_Unlock                          0x080003b7   Thumb Code    22  stm32f37x_flash.o(.text)
    FLASH_OB_Lock                            0x080003cd   Thumb Code    14  stm32f37x_flash.o(.text)
    FLASH_OB_Launch                          0x080003db   Thumb Code    14  stm32f37x_flash.o(.text)
    FLASH_OB_GetRDP                          0x080003e9   Thumb Code    20  stm32f37x_flash.o(.text)
    FLASH_OB_Erase                           0x080003fd   Thumb Code   138  stm32f37x_flash.o(.text)
    FLASH_OB_ProgramData                     0x08000487   Thumb Code    66  stm32f37x_flash.o(.text)
    FLASH_OB_EnableWRP                       0x080004c9   Thumb Code   182  stm32f37x_flash.o(.text)
    FLASH_OB_RDPConfig                       0x0800057f   Thumb Code   148  stm32f37x_flash.o(.text)
    FLASH_OB_UserConfig                      0x08000613   Thumb Code    82  stm32f37x_flash.o(.text)
    FLASH_OB_BOOTConfig                      0x08000665   Thumb Code    72  stm32f37x_flash.o(.text)
    FLASH_OB_VDDAConfig                      0x080006ad   Thumb Code    72  stm32f37x_flash.o(.text)
    FLASH_OB_VDD_SD12Config                  0x080006f5   Thumb Code    72  stm32f37x_flash.o(.text)
    FLASH_OB_SRAMParityConfig                0x0800073d   Thumb Code    72  stm32f37x_flash.o(.text)
    FLASH_OB_WriteUser                       0x08000785   Thumb Code    72  stm32f37x_flash.o(.text)
    FLASH_OB_GetUser                         0x080007cd   Thumb Code    10  stm32f37x_flash.o(.text)
    FLASH_OB_GetWRP                          0x080007d7   Thumb Code     6  stm32f37x_flash.o(.text)
    FLASH_ITConfig                           0x080007dd   Thumb Code    26  stm32f37x_flash.o(.text)
    FLASH_GetFlagStatus                      0x080007f7   Thumb Code    20  stm32f37x_flash.o(.text)
    FLASH_ClearFlag                          0x0800080b   Thumb Code     6  stm32f37x_flash.o(.text)
    GPIO_DeInit                              0x08000819   Thumb Code   154  stm32f37x_gpio.o(.text)
    GPIO_Init                                0x080008b3   Thumb Code   144  stm32f37x_gpio.o(.text)
    GPIO_StructInit                          0x08000943   Thumb Code    22  stm32f37x_gpio.o(.text)
    GPIO_PinLockConfig                       0x08000959   Thumb Code    34  stm32f37x_gpio.o(.text)
    GPIO_ReadInputDataBit                    0x0800097b   Thumb Code    18  stm32f37x_gpio.o(.text)
    GPIO_ReadInputData                       0x0800098d   Thumb Code     6  stm32f37x_gpio.o(.text)
    GPIO_ReadOutputDataBit                   0x08000993   Thumb Code    18  stm32f37x_gpio.o(.text)
    GPIO_ReadOutputData                      0x080009a5   Thumb Code     6  stm32f37x_gpio.o(.text)
    GPIO_SetBits                             0x080009ab   Thumb Code     4  stm32f37x_gpio.o(.text)
    GPIO_ResetBits                           0x080009af   Thumb Code     4  stm32f37x_gpio.o(.text)
    GPIO_WriteBit                            0x080009b3   Thumb Code    10  stm32f37x_gpio.o(.text)
    GPIO_Write                               0x080009bd   Thumb Code     4  stm32f37x_gpio.o(.text)
    GPIO_PinAFConfig                         0x080009c1   Thumb Code    70  stm32f37x_gpio.o(.text)
    NVIC_PriorityGroupConfig                 0x08000a1d   Thumb Code    10  stm32f37x_misc.o(.text)
    NVIC_Init                                0x08000a27   Thumb Code   100  stm32f37x_misc.o(.text)
    NVIC_SetVectorTable                      0x08000a8b   Thumb Code    14  stm32f37x_misc.o(.text)
    NVIC_SystemLPConfig                      0x08000a99   Thumb Code    34  stm32f37x_misc.o(.text)
    SysTick_CLKSourceConfig                  0x08000abb   Thumb Code    40  stm32f37x_misc.o(.text)
    RCC_DeInit                               0x08000af9   Thumb Code    82  stm32f37x_rcc.o(.text)
    RCC_HSEConfig                            0x08000b4b   Thumb Code    12  stm32f37x_rcc.o(.text)
    RCC_GetFlagStatus                        0x08000b57   Thumb Code    54  stm32f37x_rcc.o(.text)
    RCC_WaitForHSEStartUp                    0x08000b8d   Thumb Code    56  stm32f37x_rcc.o(.text)
    RCC_AdjustHSICalibrationValue            0x08000bc5   Thumb Code    20  stm32f37x_rcc.o(.text)
    RCC_HSICmd                               0x08000bd9   Thumb Code     6  stm32f37x_rcc.o(.text)
    RCC_LSEConfig                            0x08000bdf   Thumb Code    32  stm32f37x_rcc.o(.text)
    RCC_LSEDriveConfig                       0x08000bff   Thumb Code    22  stm32f37x_rcc.o(.text)
    RCC_LSICmd                               0x08000c15   Thumb Code     6  stm32f37x_rcc.o(.text)
    RCC_PLLConfig                            0x08000c1b   Thumb Code    28  stm32f37x_rcc.o(.text)
    RCC_PLLCmd                               0x08000c37   Thumb Code     6  stm32f37x_rcc.o(.text)
    RCC_PREDIV1Config                        0x08000c3d   Thumb Code    18  stm32f37x_rcc.o(.text)
    RCC_ClockSecuritySystemCmd               0x08000c4f   Thumb Code     6  stm32f37x_rcc.o(.text)
    RCC_MCOConfig                            0x08000c55   Thumb Code     6  stm32f37x_rcc.o(.text)
    RCC_SYSCLKConfig                         0x08000c5b   Thumb Code    18  stm32f37x_rcc.o(.text)
    RCC_GetSYSCLKSource                      0x08000c6d   Thumb Code    10  stm32f37x_rcc.o(.text)
    RCC_HCLKConfig                           0x08000c77   Thumb Code    18  stm32f37x_rcc.o(.text)
    RCC_PCLK1Config                          0x08000c89   Thumb Code    18  stm32f37x_rcc.o(.text)
    RCC_PCLK2Config                          0x08000c9b   Thumb Code    20  stm32f37x_rcc.o(.text)
    RCC_ADCCLKConfig                         0x08000caf   Thumb Code    22  stm32f37x_rcc.o(.text)
    RCC_SDADCCLKConfig                       0x08000cc5   Thumb Code    22  stm32f37x_rcc.o(.text)
    RCC_CECCLKConfig                         0x08000cdb   Thumb Code    22  stm32f37x_rcc.o(.text)
    RCC_I2CCLKConfig                         0x08000cf1   Thumb Code    44  stm32f37x_rcc.o(.text)
    RCC_USARTCLKConfig                       0x08000d1d   Thumb Code    76  stm32f37x_rcc.o(.text)
    RCC_USBCLKConfig                         0x08000d69   Thumb Code     8  stm32f37x_rcc.o(.text)
    RCC_GetClocksFreq                        0x08000d71   Thumb Code   546  stm32f37x_rcc.o(.text)
    RCC_RTCCLKConfig                         0x08000f93   Thumb Code    12  stm32f37x_rcc.o(.text)
    RCC_RTCCLKCmd                            0x08000f9f   Thumb Code     6  stm32f37x_rcc.o(.text)
    RCC_BackupResetCmd                       0x08000fa5   Thumb Code     8  stm32f37x_rcc.o(.text)
    RCC_AHBPeriphClockCmd                    0x08000fad   Thumb Code    26  stm32f37x_rcc.o(.text)
    RCC_APB2PeriphClockCmd                   0x08000fc7   Thumb Code    26  stm32f37x_rcc.o(.text)
    RCC_APB1PeriphClockCmd                   0x08000fe1   Thumb Code    26  stm32f37x_rcc.o(.text)
    RCC_AHBPeriphResetCmd                    0x08000ffb   Thumb Code    26  stm32f37x_rcc.o(.text)
    RCC_APB2PeriphResetCmd                   0x08001015   Thumb Code    26  stm32f37x_rcc.o(.text)
    RCC_APB1PeriphResetCmd                   0x0800102f   Thumb Code    26  stm32f37x_rcc.o(.text)
    RCC_ITConfig                             0x08001049   Thumb Code    26  stm32f37x_rcc.o(.text)
    RCC_ClearFlag                            0x08001063   Thumb Code    14  stm32f37x_rcc.o(.text)
    RCC_GetITStatus                          0x08001071   Thumb Code    20  stm32f37x_rcc.o(.text)
    RCC_ClearITPendingBit                    0x08001085   Thumb Code     6  stm32f37x_rcc.o(.text)
    TIM_DeInit                               0x08001099   Thumb Code   348  stm32f37x_tim.o(.text)
    TIM_TimeBaseInit                         0x080011f5   Thumb Code   110  stm32f37x_tim.o(.text)
    TIM_TimeBaseStructInit                   0x08001263   Thumb Code    18  stm32f37x_tim.o(.text)
    TIM_PrescalerConfig                      0x08001275   Thumb Code     6  stm32f37x_tim.o(.text)
    TIM_CounterModeConfig                    0x0800127b   Thumb Code    18  stm32f37x_tim.o(.text)
    TIM_SetCounter                           0x0800128d   Thumb Code     4  stm32f37x_tim.o(.text)
    TIM_SetAutoreload                        0x08001291   Thumb Code     4  stm32f37x_tim.o(.text)
    TIM_GetCounter                           0x08001295   Thumb Code     6  stm32f37x_tim.o(.text)
    TIM_GetPrescaler                         0x0800129b   Thumb Code     6  stm32f37x_tim.o(.text)
    TIM_UpdateDisableConfig                  0x080012a1   Thumb Code    24  stm32f37x_tim.o(.text)
    TIM_UpdateRequestConfig                  0x080012b9   Thumb Code    24  stm32f37x_tim.o(.text)
    TIM_ARRPreloadConfig                     0x080012d1   Thumb Code    24  stm32f37x_tim.o(.text)
    TIM_SelectOnePulseMode                   0x080012e9   Thumb Code    18  stm32f37x_tim.o(.text)
    TIM_SetClockDivision                     0x080012fb   Thumb Code    18  stm32f37x_tim.o(.text)
    TIM_Cmd                                  0x0800130d   Thumb Code    24  stm32f37x_tim.o(.text)
    TIM_BDTRConfig                           0x08001325   Thumb Code    38  stm32f37x_tim.o(.text)
    TIM_BDTRStructInit                       0x0800134b   Thumb Code    18  stm32f37x_tim.o(.text)
    TIM_CtrlPWMOutputs                       0x0800135d   Thumb Code    30  stm32f37x_tim.o(.text)
    TIM_OC1Init                              0x0800137b   Thumb Code   120  stm32f37x_tim.o(.text)
    TIM_OC2Init                              0x080013f3   Thumb Code    82  stm32f37x_tim.o(.text)
    TIM_OC3Init                              0x08001445   Thumb Code   132  stm32f37x_tim.o(.text)
    TIM_OC4Init                              0x080014c9   Thumb Code    82  stm32f37x_tim.o(.text)
    TIM_OCStructInit                         0x0800151b   Thumb Code    20  stm32f37x_tim.o(.text)
    TIM_SelectOCxM                           0x0800152f   Thumb Code    82  stm32f37x_tim.o(.text)
    TIM_SetCompare1                          0x08001581   Thumb Code     4  stm32f37x_tim.o(.text)
    TIM_SetCompare2                          0x08001585   Thumb Code     4  stm32f37x_tim.o(.text)
    TIM_SetCompare3                          0x08001589   Thumb Code     4  stm32f37x_tim.o(.text)
    TIM_SetCompare4                          0x0800158d   Thumb Code     4  stm32f37x_tim.o(.text)
    TIM_ForcedOC1Config                      0x08001591   Thumb Code    18  stm32f37x_tim.o(.text)
    TIM_ForcedOC2Config                      0x080015a3   Thumb Code    26  stm32f37x_tim.o(.text)
    TIM_ForcedOC3Config                      0x080015bd   Thumb Code    18  stm32f37x_tim.o(.text)
    TIM_ForcedOC4Config                      0x080015cf   Thumb Code    26  stm32f37x_tim.o(.text)
    TIM_CCPreloadControl                     0x080015e9   Thumb Code    24  stm32f37x_tim.o(.text)
    TIM_OC1PreloadConfig                     0x08001601   Thumb Code    18  stm32f37x_tim.o(.text)
    TIM_OC2PreloadConfig                     0x08001613   Thumb Code    26  stm32f37x_tim.o(.text)
    TIM_OC3PreloadConfig                     0x0800162d   Thumb Code    18  stm32f37x_tim.o(.text)
    TIM_OC4PreloadConfig                     0x0800163f   Thumb Code    26  stm32f37x_tim.o(.text)
    TIM_OC1FastConfig                        0x08001659   Thumb Code    18  stm32f37x_tim.o(.text)
    TIM_OC2FastConfig                        0x0800166b   Thumb Code    26  stm32f37x_tim.o(.text)
    TIM_OC3FastConfig                        0x08001685   Thumb Code    18  stm32f37x_tim.o(.text)
    TIM_OC4FastConfig                        0x08001697   Thumb Code    26  stm32f37x_tim.o(.text)
    TIM_ClearOC1Ref                          0x080016b1   Thumb Code    18  stm32f37x_tim.o(.text)
    TIM_ClearOC2Ref                          0x080016c3   Thumb Code    24  stm32f37x_tim.o(.text)
    TIM_ClearOC3Ref                          0x080016db   Thumb Code    18  stm32f37x_tim.o(.text)
    TIM_ClearOC4Ref                          0x080016ed   Thumb Code    24  stm32f37x_tim.o(.text)
    TIM_OC1PolarityConfig                    0x08001705   Thumb Code    18  stm32f37x_tim.o(.text)
    TIM_OC1NPolarityConfig                   0x08001717   Thumb Code    18  stm32f37x_tim.o(.text)
    TIM_OC2PolarityConfig                    0x08001729   Thumb Code    26  stm32f37x_tim.o(.text)
    TIM_OC3PolarityConfig                    0x08001743   Thumb Code    26  stm32f37x_tim.o(.text)
    TIM_OC4PolarityConfig                    0x0800175d   Thumb Code    26  stm32f37x_tim.o(.text)
    TIM_SelectOCREFClear                     0x08001777   Thumb Code    18  stm32f37x_tim.o(.text)
    TIM_CCxCmd                               0x08001789   Thumb Code    30  stm32f37x_tim.o(.text)
    TIM_CCxNCmd                              0x080017a7   Thumb Code    30  stm32f37x_tim.o(.text)
    TIM_SelectCOM                            0x080017c5   Thumb Code    24  stm32f37x_tim.o(.text)
    TIM_SetIC4Prescaler                      0x080017dd   Thumb Code    26  stm32f37x_tim.o(.text)
    TIM_SetIC3Prescaler                      0x08001847   Thumb Code    18  stm32f37x_tim.o(.text)
    TIM_SetIC2Prescaler                      0x080018a1   Thumb Code    26  stm32f37x_tim.o(.text)
    TIM_SetIC1Prescaler                      0x0800190b   Thumb Code    18  stm32f37x_tim.o(.text)
    TIM_ICInit                               0x08001957   Thumb Code   110  stm32f37x_tim.o(.text)
    TIM_ICStructInit                         0x080019c5   Thumb Code    18  stm32f37x_tim.o(.text)
    TIM_PWMIConfig                           0x080019d7   Thumb Code   124  stm32f37x_tim.o(.text)
    TIM_GetCapture1                          0x08001a53   Thumb Code     6  stm32f37x_tim.o(.text)
    TIM_GetCapture2                          0x08001a59   Thumb Code     6  stm32f37x_tim.o(.text)
    TIM_GetCapture3                          0x08001a5f   Thumb Code     6  stm32f37x_tim.o(.text)
    TIM_GetCapture4                          0x08001a65   Thumb Code     6  stm32f37x_tim.o(.text)
    TIM_ITConfig                             0x08001a6b   Thumb Code    18  stm32f37x_tim.o(.text)
    TIM_GenerateEvent                        0x08001a7d   Thumb Code     4  stm32f37x_tim.o(.text)
    TIM_GetFlagStatus                        0x08001a81   Thumb Code    18  stm32f37x_tim.o(.text)
    TIM_ClearFlag                            0x08001a93   Thumb Code     6  stm32f37x_tim.o(.text)
    TIM_GetITStatus                          0x08001a99   Thumb Code    34  stm32f37x_tim.o(.text)
    TIM_ClearITPendingBit                    0x08001abb   Thumb Code     6  stm32f37x_tim.o(.text)
    TIM_DMAConfig                            0x08001ac1   Thumb Code    10  stm32f37x_tim.o(.text)
    TIM_DMACmd                               0x08001acb   Thumb Code    18  stm32f37x_tim.o(.text)
    TIM_SelectCCDMA                          0x08001add   Thumb Code    24  stm32f37x_tim.o(.text)
    TIM_InternalClockConfig                  0x08001af5   Thumb Code    12  stm32f37x_tim.o(.text)
    TIM_SelectInputTrigger                   0x08001b01   Thumb Code    18  stm32f37x_tim.o(.text)
    TIM_ITRxExternalClockConfig              0x08001b13   Thumb Code    24  stm32f37x_tim.o(.text)
    TIM_TIxExternalClockConfig               0x08001b2b   Thumb Code    62  stm32f37x_tim.o(.text)
    TIM_ETRConfig                            0x08001b69   Thumb Code    28  stm32f37x_tim.o(.text)
    TIM_ETRClockMode1Config                  0x08001b85   Thumb Code    54  stm32f37x_tim.o(.text)
    TIM_ETRClockMode2Config                  0x08001bbb   Thumb Code    32  stm32f37x_tim.o(.text)
    TIM_SelectOutputTrigger                  0x08001bdb   Thumb Code    18  stm32f37x_tim.o(.text)
    TIM_SelectSlaveMode                      0x08001bed   Thumb Code    18  stm32f37x_tim.o(.text)
    TIM_SelectMasterSlaveMode                0x08001bff   Thumb Code    18  stm32f37x_tim.o(.text)
    TIM_EncoderInterfaceConfig               0x08001c11   Thumb Code    66  stm32f37x_tim.o(.text)
    TIM_SelectHallSensor                     0x08001c53   Thumb Code    24  stm32f37x_tim.o(.text)
    TIM_RemapConfig                          0x08001c6b   Thumb Code     6  stm32f37x_tim.o(.text)
    USART_DeInit                             0x08001c71   Thumb Code    82  stm32f37x_usart.o(.text)
    USART_Init                               0x08001cc3   Thumb Code   196  stm32f37x_usart.o(.text)
    USART_StructInit                         0x08001d87   Thumb Code    24  stm32f37x_usart.o(.text)
    USART_ClockInit                          0x08001d9f   Thumb Code    30  stm32f37x_usart.o(.text)
    USART_ClockStructInit                    0x08001dbd   Thumb Code    12  stm32f37x_usart.o(.text)
    USART_Cmd                                0x08001dc9   Thumb Code    22  stm32f37x_usart.o(.text)
    USART_DirectionModeCmd                   0x08001ddf   Thumb Code    18  stm32f37x_usart.o(.text)
    USART_OverSampling8Cmd                   0x08001df1   Thumb Code    22  stm32f37x_usart.o(.text)
    USART_OneBitMethodCmd                    0x08001e07   Thumb Code    22  stm32f37x_usart.o(.text)
    USART_MSBFirstCmd                        0x08001e1d   Thumb Code    22  stm32f37x_usart.o(.text)
    USART_DataInvCmd                         0x08001e33   Thumb Code    22  stm32f37x_usart.o(.text)
    USART_InvPinCmd                          0x08001e49   Thumb Code    18  stm32f37x_usart.o(.text)
    USART_SWAPPinCmd                         0x08001e5b   Thumb Code    22  stm32f37x_usart.o(.text)
    USART_ReceiverTimeOutCmd                 0x08001e71   Thumb Code    22  stm32f37x_usart.o(.text)
    USART_SetReceiverTimeOut                 0x08001e87   Thumb Code    16  stm32f37x_usart.o(.text)
    USART_SetPrescaler                       0x08001e97   Thumb Code    16  stm32f37x_usart.o(.text)
    USART_STOPModeCmd                        0x08001ea7   Thumb Code    22  stm32f37x_usart.o(.text)
    USART_StopModeWakeUpSourceConfig         0x08001ebd   Thumb Code    16  stm32f37x_usart.o(.text)
    USART_AutoBaudRateCmd                    0x08001ecd   Thumb Code    22  stm32f37x_usart.o(.text)
    USART_AutoBaudRateConfig                 0x08001ee3   Thumb Code    16  stm32f37x_usart.o(.text)
    USART_SendData                           0x08001ef3   Thumb Code     8  stm32f37x_usart.o(.text)
    USART_ReceiveData                        0x08001efb   Thumb Code    10  stm32f37x_usart.o(.text)
    USART_SetAddress                         0x08001f05   Thumb Code    18  stm32f37x_usart.o(.text)
    USART_MuteModeCmd                        0x08001f17   Thumb Code    22  stm32f37x_usart.o(.text)
    USART_MuteModeWakeUpConfig               0x08001f2d   Thumb Code    16  stm32f37x_usart.o(.text)
    USART_AddressDetectionConfig             0x08001f3d   Thumb Code    16  stm32f37x_usart.o(.text)
    USART_LINBreakDetectLengthConfig         0x08001f4d   Thumb Code    16  stm32f37x_usart.o(.text)
    USART_LINCmd                             0x08001f5d   Thumb Code    22  stm32f37x_usart.o(.text)
    USART_HalfDuplexCmd                      0x08001f73   Thumb Code    22  stm32f37x_usart.o(.text)
    USART_SetGuardTime                       0x08001f89   Thumb Code    16  stm32f37x_usart.o(.text)
    USART_SmartCardCmd                       0x08001f99   Thumb Code    22  stm32f37x_usart.o(.text)
    USART_SmartCardNACKCmd                   0x08001faf   Thumb Code    22  stm32f37x_usart.o(.text)
    USART_SetAutoRetryCount                  0x08001fc5   Thumb Code    18  stm32f37x_usart.o(.text)
    USART_SetBlockLength                     0x08001fd7   Thumb Code    18  stm32f37x_usart.o(.text)
    USART_IrDAConfig                         0x08001fe9   Thumb Code    16  stm32f37x_usart.o(.text)
    USART_IrDACmd                            0x08001ff9   Thumb Code    22  stm32f37x_usart.o(.text)
    USART_DECmd                              0x0800200f   Thumb Code    22  stm32f37x_usart.o(.text)
    USART_DEPolarityConfig                   0x08002025   Thumb Code    16  stm32f37x_usart.o(.text)
    USART_SetDEAssertionTime                 0x08002035   Thumb Code    18  stm32f37x_usart.o(.text)
    USART_SetDEDeassertionTime               0x08002047   Thumb Code    30  stm32f37x_usart.o(.text)
    USART_DMACmd                             0x08002065   Thumb Code    18  stm32f37x_usart.o(.text)
    USART_DMAReceptionErrorConfig            0x08002077   Thumb Code    16  stm32f37x_usart.o(.text)
    USART_ITConfig                           0x08002087   Thumb Code    58  stm32f37x_usart.o(.text)
    USART_RequestCmd                         0x080020c1   Thumb Code    18  stm32f37x_usart.o(.text)
    USART_OverrunDetectionConfig             0x080020d3   Thumb Code    16  stm32f37x_usart.o(.text)
    USART_GetFlagStatus                      0x080020e3   Thumb Code    18  stm32f37x_usart.o(.text)
    USART_ClearFlag                          0x080020f5   Thumb Code     4  stm32f37x_usart.o(.text)
    USART_GetITStatus                        0x080020f9   Thumb Code    74  stm32f37x_usart.o(.text)
    USART_ClearITPendingBit                  0x08002143   Thumb Code    18  stm32f37x_usart.o(.text)
    blRecvFrame                              0x08002193   Thumb Code   240  dlt645.o(.text)
    Estatus_Modify_CurrentEvent              0x08002297   Thumb Code   326  dlt645.o(.text)
    vCurrent_Limit_Modify                    0x080024f3   Thumb Code     6  dlt645.o(.text)
    vCurrent_Modify                          0x08002737   Thumb Code   758  dlt645.o(.text)
    vDBDataID_Handle                         0x08002a2d   Thumb Code   154  dlt645.o(.text)
    vINFRDataID_Handle                       0x08002ac7   Thumb Code   100  dlt645.o(.text)
    Get_VChange_State                        0x08002b2b   Thumb Code   182  dlt645.o(.text)
    Set_Voltage_Limit                        0x08002c23   Thumb Code   204  dlt645.o(.text)
    Query_Voltage_Limit                      0x08002d75   Thumb Code   190  dlt645.o(.text)
    Default_Reset                            0x08002e33   Thumb Code   236  dlt645.o(.text)
    Voltage_Modifier_Method                  0x08002f1f   Thumb Code   312  dlt645.o(.text)
    Voltage_Modifier                         0x0800308f   Thumb Code   574  dlt645.o(.text)
    vVoltageHandle                           0x080032cd   Thumb Code    28  dlt645.o(.text)
    blVoltage_Create                         0x080032e9   Thumb Code   570  dlt645.o(.text)
    Voltage_Change_Init                      0x08003523   Thumb Code   116  dlt645.o(.text)
    vCurrent_Limit_DefaultSet                0x08003597   Thumb Code   112  dlt645.o(.text)
    vCurrentDirect_Modify                    0x08003607   Thumb Code   190  dlt645.o(.text)
    vCurrent_Limit_Set                       0x080036c5   Thumb Code   108  dlt645.o(.text)
    vCurrent_CTRatio_Set                     0x08003731   Thumb Code   110  dlt645.o(.text)
    vCurrent_Limit_ReadSet                   0x0800379f   Thumb Code   206  dlt645.o(.text)
    vCurrent_CTRatio_ReadSet                 0x0800386d   Thumb Code   130  dlt645.o(.text)
    vCurrent_TransFormer_Capacity_ReadSet    0x080038ef   Thumb Code   130  dlt645.o(.text)
    vCurrent_Count_Clear                     0x08003971   Thumb Code    16  dlt645.o(.text)
    vEnergy_Modify_Init                      0x08003981   Thumb Code    40  dlt645.o(.text)
    vNow_Frozen_Modify_Mothod                0x08003afd   Thumb Code   172  dlt645.o(.text)
    vNowEnergy_Modifier                      0x08003ba9   Thumb Code   646  dlt645.o(.text)
    vDayfrozen_Modifier                      0x08003e2f   Thumb Code   314  dlt645.o(.text)
    vAccountEnergy_Modify_Mothod             0x08003f69   Thumb Code    28  dlt645.o(.text)
    vAccountEnergy_Modify                    0x08003f85   Thumb Code   348  dlt645.o(.text)
    vEnergy_Modify_AbleSet                   0x080040e1   Thumb Code   214  dlt645.o(.text)
    vEnergy_Modify_RaitoSet                  0x080041b7   Thumb Code   218  dlt645.o(.text)
    vEnergy_Modify_Reset                     0x08004291   Thumb Code   202  dlt645.o(.text)
    vVoltage_SetMaxValue                     0x0800435b   Thumb Code   168  dlt645.o(.text)
    vVoltage_SetMinValue                     0x08004403   Thumb Code   164  dlt645.o(.text)
    vVoltage_SetMaxMaxValue                  0x080044a7   Thumb Code     2  dlt645.o(.text)
    vVoltage_SetMinMinValue                  0x080044a9   Thumb Code     2  dlt645.o(.text)
    vEnergy_Modify_ReadSet                   0x080044ab   Thumb Code   170  dlt645.o(.text)
    vLoadProfile_Voltage_Modify              0x08004555   Thumb Code   200  dlt645.o(.text)
    vLoadProfile_Current_Modify              0x0800461d   Thumb Code    76  dlt645.o(.text)
    vRead_Version                            0x08004669   Thumb Code   126  dlt645.o(.text)
    vInterFlash_Init                         0x08004709   Thumb Code    16  flash.o(.text)
    EEProm_Write                             0x08004719   Thumb Code    62  flash.o(.text)
    Flash_Write_Word                         0x08004757   Thumb Code   166  flash.o(.text)
    Flash_Read_Word                          0x080047fd   Thumb Code     6  flash.o(.text)
    EEProm_Read                              0x08004803   Thumb Code     8  flash.o(.text)
    vGPIO_Init                               0x0800480d   Thumb Code   320  gpio.o(.text)
    vFeedExtWatchDog                         0x0800494d   Thumb Code    42  gpio.o(.text)
    vLed_Light                               0x08004977   Thumb Code    16  gpio.o(.text)
    main                                     0x08004a59   Thumb Code   256  main.o(.text)
    NMI_Handler                              0x08004b95   Thumb Code     2  stm32f37x_it.o(.text)
    HardFault_Handler                        0x08004b97   Thumb Code     4  stm32f37x_it.o(.text)
    MemManage_Handler                        0x08004b9b   Thumb Code     4  stm32f37x_it.o(.text)
    BusFault_Handler                         0x08004b9f   Thumb Code     4  stm32f37x_it.o(.text)
    UsageFault_Handler                       0x08004ba3   Thumb Code     4  stm32f37x_it.o(.text)
    SVC_Handler                              0x08004ba7   Thumb Code     2  stm32f37x_it.o(.text)
    DebugMon_Handler                         0x08004ba9   Thumb Code     2  stm32f37x_it.o(.text)
    PendSV_Handler                           0x08004bab   Thumb Code     2  stm32f37x_it.o(.text)
    SysTick_Handler                          0x08004bad   Thumb Code    40  stm32f37x_it.o(.text)
    USART1_IRQHandler                        0x08004bd5   Thumb Code   142  stm32f37x_it.o(.text)
    USART2_IRQHandler                        0x08004c63   Thumb Code     2  stm32f37x_it.o(.text)
    USART3_IRQHandler                        0x08004c65   Thumb Code   134  stm32f37x_it.o(.text)
    TIM2_IRQHandler                          0x08004ceb   Thumb Code    58  stm32f37x_it.o(.text)
    TIM5_IRQHandler                          0x08004d25   Thumb Code     2  stm32f37x_it.o(.text)
    SystemInit                               0x08004e19   Thumb Code   110  system_stm32f37x.o(.text)
    SystemCoreClockUpdate                    0x08004e87   Thumb Code   138  system_stm32f37x.o(.text)
    vTimer_Init                              0x08004f71   Thumb Code   174  time.o(.text)
    blTime2_Update                           0x0800501f   Thumb Code    14  time.o(.text)
    vUart_Init                               0x08005077   Thumb Code   220  uart.o(.text)
    blDrv_Buf_IsEmpty                        0x08005153   Thumb Code    22  uart.o(.text)
    blDrv_Buf_IsFull                         0x08005169   Thumb Code    36  uart.o(.text)
    ucDrv_Buf_EmpLen                         0x0800518d   Thumb Code    32  uart.o(.text)
    ucDrv_Buf_DataLen                        0x080051ad   Thumb Code    32  uart.o(.text)
    ucDrv_Buf_GetBytes                       0x080051cd   Thumb Code    68  uart.o(.text)
    ucDrv_Buf_PutBytes                       0x08005211   Thumb Code    72  uart.o(.text)
    Uart_DataPut                             0x08005259   Thumb Code    16  uart.o(.text)
    __aeabi_uldivmod                         0x0800527d   Thumb Code    98  uldiv.o(.text)
    __aeabi_llsl                             0x080052df   Thumb Code    30  llshl.o(.text)
    _ll_shift_l                              0x080052df   Thumb Code     0  llshl.o(.text)
    __aeabi_llsr                             0x080052fd   Thumb Code    32  llushr.o(.text)
    _ll_ushift_r                             0x080052fd   Thumb Code     0  llushr.o(.text)
    __scatterload                            0x0800531d   Thumb Code    28  init.o(.text)
    __scatterload_rt2                        0x0800531d   Thumb Code     0  init.o(.text)
    __scatterload_copy                       0x08005341   Thumb Code    14  handlers.o(i.__scatterload_copy)
    __scatterload_null                       0x0800534f   Thumb Code     2  handlers.o(i.__scatterload_null)
    __scatterload_zeroinit                   0x08005351   Thumb Code    14  handlers.o(i.__scatterload_zeroinit)
    INFRDataID_Handle_List                   0x08005360   Data         136  dlt645.o(.constdata)
    DBDataID_Handle_List                     0x080053e8   Data         408  dlt645.o(.constdata)
    Region$$Table$$Base                      0x08005580   Number         0  anon$$obj.o(Region$$Table)
    Region$$Table$$Limit                     0x080055a0   Number         0  anon$$obj.o(Region$$Table)
    Voltage_Frame_Status                     0x20000024   Data           1  dlt645.o(.data)
    ucRcvStatus                              0x20000025   Data           1  dlt645.o(.data)
    uc645DataDomainLength                    0x20000026   Data           1  dlt645.o(.data)
    Voltage_Change_State                     0x20000027   Data           1  dlt645.o(.data)
    Dayfrozen_Change_State                   0x20000028   Data           1  dlt645.o(.data)
    ucDayfrozen_Modify_Ratio                 0x20000029   Data           1  dlt645.o(.data)
    Voltage_MAX                              0x2000002c   Data           4  dlt645.o(.data)
    Voltage_MIN                              0x20000030   Data           4  dlt645.o(.data)
    A_Voltage                                0x20000034   Data           4  dlt645.o(.data)
    B_Voltage                                0x20000038   Data           4  dlt645.o(.data)
    C_Voltage                                0x2000003c   Data           4  dlt645.o(.data)
    Acurrent                                 0x20000040   Data           8  dlt645.o(.data)
    Bcurrent                                 0x20000048   Data           8  dlt645.o(.data)
    Ccurrent                                 0x20000050   Data           8  dlt645.o(.data)
    SystemCoreClock                          0x20000058   Data           4  system_stm32f37x.o(.data)
    AHBPrescTable                            0x2000005c   Data          16  system_stm32f37x.o(.data)
    blWordsCounterStatus                     0x2000006c   Data           1  time.o(.data)
    blFramesCounterStatus                    0x2000006d   Data           1  time.o(.data)
    uwTime2WordsCounter                      0x2000006e   Data           2  time.o(.data)
    uwTime2FramesCounter                     0x20000070   Data           2  time.o(.data)
    ucApp_Buf_DB2ZD                          0x20000074   Data         300  dlt645.o(.bss)
    ucApp_Buf_ZD2DB                          0x200001a0   Data         300  dlt645.o(.bss)
    ucApp_Buf_INFR                           0x200002cc   Data         300  dlt645.o(.bss)
    TransFormer                              0x200003f8   Data          16  dlt645.o(.bss)
    ucDrv_Buf_Uart1_Rcv                      0x20000408   Data         304  uart.o(.bss)
    ucDrv_Buf_Uart1_Snd                      0x20000538   Data         304  uart.o(.bss)
    ucDrv_Buf_Uart2_Rcv                      0x20000668   Data         304  uart.o(.bss)
    ucDrv_Buf_Uart2_Snd                      0x20000798   Data         304  uart.o(.bss)
    ucDrv_Buf_Uart3_Rcv                      0x200008c8   Data         304  uart.o(.bss)
    ucDrv_Buf_Uart3_Snd                      0x200009f8   Data         304  uart.o(.bss)
    __initial_sp                             0x20000f28   Data           0  startup_stm32f37x.o(STACK)



==============================================================================

Memory Map of the image

  Image Entry point : 0x08000189

  Load Region LR_IROM1 (Base: 0x08000000, Size: 0x00005614, Max: 0x00020000, ABSOLUTE)

    Execution Region ER_IROM1 (Base: 0x08000000, Size: 0x000055a0, Max: 0x00020000, ABSOLUTE)

    Base Addr    Size         Type   Attr      Idx    E Section Name        Object

    0x08000000   0x00000188   Data   RO            3    RESET               startup_stm32f37x.o
    0x08000188   0x00000000   Code   RO          792  * .ARM.Collect$$$$00000000  mc_w.l(entry.o)
    0x08000188   0x00000004   Code   RO          797    .ARM.Collect$$$$00000001  mc_w.l(entry2.o)
    0x0800018c   0x00000004   Code   RO          800    .ARM.Collect$$$$00000004  mc_w.l(entry5.o)
    0x08000190   0x00000000   Code   RO          802    .ARM.Collect$$$$00000008  mc_w.l(entry7b.o)
    0x08000190   0x00000000   Code   RO          804    .ARM.Collect$$$$0000000A  mc_w.l(entry8b.o)
    0x08000190   0x00000008   Code   RO          805    .ARM.Collect$$$$0000000B  mc_w.l(entry9a.o)
    0x08000198   0x00000000   Code   RO          807    .ARM.Collect$$$$0000000D  mc_w.l(entry10a.o)
    0x08000198   0x00000000   Code   RO          809    .ARM.Collect$$$$0000000F  mc_w.l(entry11a.o)
    0x08000198   0x00000004   Code   RO          798    .ARM.Collect$$$$00002712  mc_w.l(entry2.o)
    0x0800019c   0x00000024   Code   RO            4    .text               startup_stm32f37x.o
    0x080001c0   0x00000658   Code   RO          267    .text               stm32f37x_flash.o
    0x08000818   0x00000204   Code   RO          287    .text               stm32f37x_gpio.o
    0x08000a1c   0x000000dc   Code   RO          353    .text               stm32f37x_misc.o
    0x08000af8   0x000005a0   Code   RO          396    .text               stm32f37x_rcc.o
    0x08001098   0x00000bd8   Code   RO          507    .text               stm32f37x_tim.o
    0x08001c70   0x000004e4   Code   RO          527    .text               stm32f37x_usart.o
    0x08002154   0x000025b4   Code   RO          570    .text               dlt645.o
    0x08004708   0x00000102   Code   RO          618    .text               flash.o
    0x0800480a   0x00000002   PAD
    0x0800480c   0x00000184   Code   RO          638    .text               gpio.o
    0x08004990   0x00000204   Code   RO          661    .text               main.o
    0x08004b94   0x000001c8   Code   RO          689    .text               stm32f37x_it.o
    0x08004d5c   0x000001d8   Code   RO          715    .text               system_stm32f37x.o
    0x08004f34   0x00000100   Code   RO          741    .text               time.o
    0x08005034   0x00000248   Code   RO          768    .text               uart.o
    0x0800527c   0x00000062   Code   RO          795    .text               mc_w.l(uldiv.o)
    0x080052de   0x0000001e   Code   RO          811    .text               mc_w.l(llshl.o)
    0x080052fc   0x00000020   Code   RO          813    .text               mc_w.l(llushr.o)
    0x0800531c   0x00000024   Code   RO          815    .text               mc_w.l(init.o)
    0x08005340   0x0000000e   Code   RO          819    i.__scatterload_copy  mc_w.l(handlers.o)
    0x0800534e   0x00000002   Code   RO          820    i.__scatterload_null  mc_w.l(handlers.o)
    0x08005350   0x0000000e   Code   RO          821    i.__scatterload_zeroinit  mc_w.l(handlers.o)
    0x0800535e   0x00000002   PAD
    0x08005360   0x00000220   Data   RO          572    .constdata          dlt645.o
    0x08005580   0x00000020   Data   RO          817    Region$$Table       anon$$obj.o


    Execution Region RW_IRAM1 (Base: 0x20000000, Size: 0x00000f28, Max: 0x00006000, ABSOLUTE)

    Base Addr    Size         Type   Attr      Idx    E Section Name        Object

    0x20000000   0x00000024   Data   RW          397    .data               stm32f37x_rcc.o
    0x20000024   0x00000034   Data   RW          573    .data               dlt645.o
    0x20000058   0x00000014   Data   RW          716    .data               system_stm32f37x.o
    0x2000006c   0x00000006   Data   RW          742    .data               time.o
    0x20000072   0x00000002   PAD
    0x20000074   0x00000394   Zero   RW          571    .bss                dlt645.o
    0x20000408   0x00000720   Zero   RW          769    .bss                uart.o
    0x20000b28   0x00000400   Zero   RW            1    STACK               startup_stm32f37x.o


==============================================================================

Image component sizes


      Code (inc. data)   RO Data    RW Data    ZI Data      Debug   Object Name

      9652        398        544         52        916      26274   dlt645.o
       258          0          0          0          0       1933   flash.o
       388         10          0          0          0        917   gpio.o
       516         60          0          0          0      26926   main.o
        36          8        392          0       1024        864   startup_stm32f37x.o
         0          0          0          0          0     218308   stm32f37x_adc.o
      1624         24          0          0          0       7396   stm32f37x_flash.o
       516         22          0          0          0       3865   stm32f37x_gpio.o
       456         54          0          0          0       2084   stm32f37x_it.o
       220         22          0          0          0       1897   stm32f37x_misc.o
      1440         56          0         36          0       9567   stm32f37x_rcc.o
      3032         54          0          0          0      21883   stm32f37x_tim.o
      1252         12          0          0          0      11930   stm32f37x_usart.o
       472         36          0         20          0       1807   system_stm32f37x.o
       256          8          0          6          0       1563   time.o
       584         20          0          0       1824       4016   uart.o

    ----------------------------------------------------------------------
     20704        784        968        116       3764     341230   Object Totals
         0          0         32          0          0          0   (incl. Generated)
         2          0          0          2          0          0   (incl. Padding)

    ----------------------------------------------------------------------

      Code (inc. data)   RO Data    RW Data    ZI Data      Debug   Library Member Name

         0          0          0          0          0          0   entry.o
         0          0          0          0          0          0   entry10a.o
         0          0          0          0          0          0   entry11a.o
         8          4          0          0          0          0   entry2.o
         4          0          0          0          0          0   entry5.o
         0          0          0          0          0          0   entry7b.o
         0          0          0          0          0          0   entry8b.o
         8          4          0          0          0          0   entry9a.o
        30          0          0          0          0          0   handlers.o
        36          8          0          0          0         68   init.o
        30          0          0          0          0         68   llshl.o
        32          0          0          0          0         68   llushr.o
        98          0          0          0          0         92   uldiv.o

    ----------------------------------------------------------------------
       248         16          0          0          0        296   Library Totals
         2          0          0          0          0          0   (incl. Padding)

    ----------------------------------------------------------------------

      Code (inc. data)   RO Data    RW Data    ZI Data      Debug   Library Name

       246         16          0          0          0        296   mc_w.l

    ----------------------------------------------------------------------
       248         16          0          0          0        296   Library Totals

    ----------------------------------------------------------------------

==============================================================================


      Code (inc. data)   RO Data    RW Data    ZI Data      Debug   

     20952        800        968        116       3764     338278   Grand Totals
     20952        800        968        116       3764     338278   ELF Image Totals
     20952        800        968        116          0          0   ROM Totals

==============================================================================

    Total RO  Size (Code + RO Data)                21920 (  21.41kB)
    Total RW  Size (RW Data + ZI Data)              3880 (   3.79kB)
    Total ROM Size (Code + RO Data + RW Data)      22036 (  21.52kB)

==============================================================================

